../Core/Src/main.c:97:5:main	16	static
../Core/Src/main.c:167:6:SystemClock_Config	88	static
../Core/Src/main.c:213:13:MX_ADC1_Init	24	static
../Core/Src/main.c:265:13:MX_I2C1_Init	8	static
../Core/Src/main.c:299:13:MX_TIM1_Init	32	static
../Core/Src/main.c:346:13:MX_USART2_UART_Init	8	static
../Core/Src/main.c:379:13:MX_GPIO_Init	48	static
../Core/Src/main.c:418:6:vTimerCallback	16	static
../Core/Src/main.c:424:6:handle_measure_task	104	static
../Core/Src/main.c:449:6:delay_us	16	static
../Core/Src/main.c:457:6:delay_ms	16	static
../Core/Src/main.c:469:6:Set_Pin_Output	40	static
../Core/Src/main.c:478:6:Set_Pin_Input	40	static
../Core/Src/main.c:487:6:DHT_Start	8	static
../Core/Src/main.c:497:9:DHT_Check_Response	16	static
../Core/Src/main.c:513:9:DHT_Read	16	static
../Core/Src/main.c:528:6:DHT_GetData	16	static
../Core/Src/main.c:546:6:turn_on_dc	8	static
../Core/Src/main.c:551:6:turn_off_dc	8	static
../Core/Src/main.c:556:6:HAL_UART_RxCpltCallback	32	static
../Core/Src/main.c:589:6:HAL_TIM_PeriodElapsedCallback	16	static
../Core/Src/main.c:606:6:Error_Handler	4	static,ignoring_inline_asm
