../ECUAL/I2C_LCD/I2C_LCD.c:69:13:I2C_LCD_ExpanderWrite	32	static
../ECUAL/I2C_LCD/I2C_LCD.c:75:13:I2C_LCD_EnPulse	16	static
../ECUAL/I2C_LCD/I2C_LCD.c:84:13:I2C_LCD_Write4Bits	16	static
../ECUAL/I2C_LCD/I2C_LCD.c:90:13:I2C_LCD_Send	24	static
../ECUAL/I2C_LCD/I2C_LCD.c:98:13:I2C_LCD_Cmd	16	static
../ECUAL/I2C_LCD/I2C_LCD.c:103:13:I2C_LCD_Data	16	static
../ECUAL/I2C_LCD/I2C_LCD.c:114:6:I2C_LCD_Init	16	static
../ECUAL/I2C_LCD/I2C_LCD.c:135:6:I2C_LCD_Clear	16	static
../ECUAL/I2C_LCD/I2C_LCD.c:141:6:I2C_LCD_Home	16	static
../ECUAL/I2C_LCD/I2C_LCD.c:147:6:I2C_LCD_SetCursor	40	static
../ECUAL/I2C_LCD/I2C_LCD.c:157:6:I2C_LCD_WriteChar	16	static
../ECUAL/I2C_LCD/I2C_LCD.c:162:6:I2C_LCD_WriteString	16	static
../ECUAL/I2C_LCD/I2C_LCD.c:170:6:I2C_LCD_ShiftLeft	16	static
../ECUAL/I2C_LCD/I2C_LCD.c:175:6:I2C_LCD_ShiftRight	16	static
../ECUAL/I2C_LCD/I2C_LCD.c:180:6:I2C_LCD_Backlight	16	static
../ECUAL/I2C_LCD/I2C_LCD.c:186:6:I2C_LCD_NoBacklight	16	static
../ECUAL/I2C_LCD/I2C_LCD.c:192:6:I2C_LCD_Display	16	static
../ECUAL/I2C_LCD/I2C_LCD.c:198:6:I2C_LCD_NoDisplay	16	static
../ECUAL/I2C_LCD/I2C_LCD.c:204:6:I2C_LCD_Cursor	16	static
../ECUAL/I2C_LCD/I2C_LCD.c:210:6:I2C_LCD_NoCursor	16	static
../ECUAL/I2C_LCD/I2C_LCD.c:216:6:I2C_LCD_Blink	16	static
../ECUAL/I2C_LCD/I2C_LCD.c:222:6:I2C_LCD_NoBlink	16	static
../ECUAL/I2C_LCD/I2C_LCD.c:228:6:I2C_LCD_CreateCustomChar	24	static
../ECUAL/I2C_LCD/I2C_LCD.c:238:6:I2C_LCD_PrintCustomChar	16	static
