Archive member included to satisfy reference by file (symbol)

C:/ST/STM32CubeIDE_1.15.1/STM32CubeIDE/plugins/com.st.stm32cube.ide.mcu.externaltools.gnu-tools-for-stm32.12.3.rel1.win32_1.0.100.202403111256/tools/bin/../lib/gcc/arm-none-eabi/12.3.1/../../../../arm-none-eabi/lib/thumb/v7e-m+fp/hard\libc_nano.a(libc_a-exit.o)
                              C:/ST/STM32CubeIDE_1.15.1/STM32CubeIDE/plugins/com.st.stm32cube.ide.mcu.externaltools.gnu-tools-for-stm32.12.3.rel1.win32_1.0.100.202403111256/tools/bin/../lib/gcc/arm-none-eabi/12.3.1/../../../../arm-none-eabi/lib/thumb/v7e-m+fp/hard/crt0.o (exit)
C:/ST/STM32CubeIDE_1.15.1/STM32CubeIDE/plugins/com.st.stm32cube.ide.mcu.externaltools.gnu-tools-for-stm32.12.3.rel1.win32_1.0.100.202403111256/tools/bin/../lib/gcc/arm-none-eabi/12.3.1/../../../../arm-none-eabi/lib/thumb/v7e-m+fp/hard\libc_nano.a(libc_a-malloc.o)
                              ./Middlewares/Third_Party/FatFs/src/option/syscall.o (malloc)
C:/ST/STM32CubeIDE_1.15.1/STM32CubeIDE/plugins/com.st.stm32cube.ide.mcu.externaltools.gnu-tools-for-stm32.12.3.rel1.win32_1.0.100.202403111256/tools/bin/../lib/gcc/arm-none-eabi/12.3.1/../../../../arm-none-eabi/lib/thumb/v7e-m+fp/hard\libc_nano.a(libc_a-mallocr.o)
                              C:/ST/STM32CubeIDE_1.15.1/STM32CubeIDE/plugins/com.st.stm32cube.ide.mcu.externaltools.gnu-tools-for-stm32.12.3.rel1.win32_1.0.100.202403111256/tools/bin/../lib/gcc/arm-none-eabi/12.3.1/../../../../arm-none-eabi/lib/thumb/v7e-m+fp/hard\libc_nano.a(libc_a-malloc.o) (_malloc_r)
C:/ST/STM32CubeIDE_1.15.1/STM32CubeIDE/plugins/com.st.stm32cube.ide.mcu.externaltools.gnu-tools-for-stm32.12.3.rel1.win32_1.0.100.202403111256/tools/bin/../lib/gcc/arm-none-eabi/12.3.1/../../../../arm-none-eabi/lib/thumb/v7e-m+fp/hard\libc_nano.a(libc_a-mlock.o)
                              C:/ST/STM32CubeIDE_1.15.1/STM32CubeIDE/plugins/com.st.stm32cube.ide.mcu.externaltools.gnu-tools-for-stm32.12.3.rel1.win32_1.0.100.202403111256/tools/bin/../lib/gcc/arm-none-eabi/12.3.1/../../../../arm-none-eabi/lib/thumb/v7e-m+fp/hard\libc_nano.a(libc_a-mallocr.o) (__malloc_lock)
C:/ST/STM32CubeIDE_1.15.1/STM32CubeIDE/plugins/com.st.stm32cube.ide.mcu.externaltools.gnu-tools-for-stm32.12.3.rel1.win32_1.0.100.202403111256/tools/bin/../lib/gcc/arm-none-eabi/12.3.1/../../../../arm-none-eabi/lib/thumb/v7e-m+fp/hard\libc_nano.a(libc_a-nano-vfprintf_float.o)
                              (_printf_float)
C:/ST/STM32CubeIDE_1.15.1/STM32CubeIDE/plugins/com.st.stm32cube.ide.mcu.externaltools.gnu-tools-for-stm32.12.3.rel1.win32_1.0.100.202403111256/tools/bin/../lib/gcc/arm-none-eabi/12.3.1/../../../../arm-none-eabi/lib/thumb/v7e-m+fp/hard\libc_nano.a(libc_a-nano-vfprintf_i.o)
                              C:/ST/STM32CubeIDE_1.15.1/STM32CubeIDE/plugins/com.st.stm32cube.ide.mcu.externaltools.gnu-tools-for-stm32.12.3.rel1.win32_1.0.100.202403111256/tools/bin/../lib/gcc/arm-none-eabi/12.3.1/../../../../arm-none-eabi/lib/thumb/v7e-m+fp/hard\libc_nano.a(libc_a-nano-vfprintf_float.o) (_printf_common)
C:/ST/STM32CubeIDE_1.15.1/STM32CubeIDE/plugins/com.st.stm32cube.ide.mcu.externaltools.gnu-tools-for-stm32.12.3.rel1.win32_1.0.100.202403111256/tools/bin/../lib/gcc/arm-none-eabi/12.3.1/../../../../arm-none-eabi/lib/thumb/v7e-m+fp/hard\libc_nano.a(libc_a-findfp.o)
                              C:/ST/STM32CubeIDE_1.15.1/STM32CubeIDE/plugins/com.st.stm32cube.ide.mcu.externaltools.gnu-tools-for-stm32.12.3.rel1.win32_1.0.100.202403111256/tools/bin/../lib/gcc/arm-none-eabi/12.3.1/../../../../arm-none-eabi/lib/thumb/v7e-m+fp/hard\libc_nano.a(libc_a-exit.o) (__stdio_exit_handler)
C:/ST/STM32CubeIDE_1.15.1/STM32CubeIDE/plugins/com.st.stm32cube.ide.mcu.externaltools.gnu-tools-for-stm32.12.3.rel1.win32_1.0.100.202403111256/tools/bin/../lib/gcc/arm-none-eabi/12.3.1/../../../../arm-none-eabi/lib/thumb/v7e-m+fp/hard\libc_nano.a(libc_a-fwalk.o)
                              C:/ST/STM32CubeIDE_1.15.1/STM32CubeIDE/plugins/com.st.stm32cube.ide.mcu.externaltools.gnu-tools-for-stm32.12.3.rel1.win32_1.0.100.202403111256/tools/bin/../lib/gcc/arm-none-eabi/12.3.1/../../../../arm-none-eabi/lib/thumb/v7e-m+fp/hard\libc_nano.a(libc_a-findfp.o) (_fwalk_sglue)
C:/ST/STM32CubeIDE_1.15.1/STM32CubeIDE/plugins/com.st.stm32cube.ide.mcu.externaltools.gnu-tools-for-stm32.12.3.rel1.win32_1.0.100.202403111256/tools/bin/../lib/gcc/arm-none-eabi/12.3.1/../../../../arm-none-eabi/lib/thumb/v7e-m+fp/hard\libc_nano.a(libc_a-sprintf.o)
                              ./Core/Src/bl_cmd_process.o (sprintf)
C:/ST/STM32CubeIDE_1.15.1/STM32CubeIDE/plugins/com.st.stm32cube.ide.mcu.externaltools.gnu-tools-for-stm32.12.3.rel1.win32_1.0.100.202403111256/tools/bin/../lib/gcc/arm-none-eabi/12.3.1/../../../../arm-none-eabi/lib/thumb/v7e-m+fp/hard\libc_nano.a(libc_a-sscanf.o)
                              ./Core/Src/task_handler.o (sscanf)
[...]
Memory Configuration

Name             Origin             Length             Attributes
CCMRAM           0x10000000         0x00010000         xrw
RAM              0x20000000         0x00020000         xrw
FLASH            0x08000000         0x00080000         xr
*default*        0x00000000         0xffffffff

Linker script and memory map

LOAD C:/ST/STM32CubeIDE_1.15.1/STM32CubeIDE/plugins/com.st.stm32cube.ide.mcu.externaltools.gnu-tools-for-stm32.12.3.rel1.win32_1.0.100.202403111256/tools/bin/../lib/gcc/arm-none-eabi/12.3.1/thumb/v7e-m+fp/hard/crti.o
LOAD C:/ST/STM32CubeIDE_1.15.1/STM32CubeIDE/plugins/com.st.stm32cube.ide.mcu.externaltools.gnu-tools-for-stm32.12.3.rel1.win32_1.0.100.202403111256/tools/bin/../lib/gcc/arm-none-eabi/12.3.1/thumb/v7e-m+fp/hard/crtbegin.o
LOAD C:/ST/STM32CubeIDE_1.15.1/STM32CubeIDE/plugins/com.st.stm32cube.ide.mcu.externaltools.gnu-tools-for-stm32.12.3.rel1.win32_1.0.100.202403111256/tools/bin/../lib/gcc/arm-none-eabi/12.3.1/../../../../arm-none-eabi/lib/thumb/v7e-m+fp/hard/crt0.o
LOAD ./Core/Src/bl_cmd_process.o
LOAD ./Core/Src/main.o
LOAD ./Core/Src/mq135.o
LOAD ./Core/Src/stm32f4xx_hal_msp.o
LOAD ./Core/Src/stm32f4xx_hal_timebase_tim.o
LOAD ./Core/Src/stm32f4xx_it.o
LOAD ./Core/Src/syscalls.o
LOAD ./Core/Src/system_stm32f4xx.o
LOAD ./Core/Src/task_handler.o
LOAD ./Core/Startup/startup_stm32f407vetx.o
LOAD ./Drivers/STM32F4xx_HAL_Driver/Src/stm32f4xx_hal.o
LOAD ./Drivers/STM32F4xx_HAL_Driver/Src/stm32f4xx_hal_adc.o
LOAD ./Drivers/STM32F4xx_HAL_Driver/Src/stm32f4xx_hal_adc_ex.o
LOAD ./Drivers/STM32F4xx_HAL_Driver/Src/stm32f4xx_hal_cortex.o
LOAD ./Drivers/STM32F4xx_HAL_Driver/Src/stm32f4xx_hal_crc.o
LOAD ./Drivers/STM32F4xx_HAL_Driver/Src/stm32f4xx_hal_dma.o
LOAD ./Drivers/STM32F4xx_HAL_Driver/Src/stm32f4xx_hal_dma_ex.o
LOAD ./Drivers/STM32F4xx_HAL_Driver/Src/stm32f4xx_hal_exti.o
LOAD ./Drivers/STM32F4xx_HAL_Driver/Src/stm32f4xx_hal_flash.o
LOAD ./Drivers/STM32F4xx_HAL_Driver/Src/stm32f4xx_hal_flash_ex.o
LOAD ./Drivers/STM32F4xx_HAL_Driver/Src/stm32f4xx_hal_flash_ramfunc.o
LOAD ./Drivers/STM32F4xx_HAL_Driver/Src/stm32f4xx_hal_gpio.o
LOAD ./Drivers/STM32F4xx_HAL_Driver/Src/stm32f4xx_hal_i2c.o
LOAD ./Drivers/STM32F4xx_HAL_Driver/Src/stm32f4xx_hal_i2c_ex.o
LOAD ./Drivers/STM32F4xx_HAL_Driver/Src/stm32f4xx_hal_pwr.o
LOAD ./Drivers/STM32F4xx_HAL_Driver/Src/stm32f4xx_hal_pwr_ex.o
LOAD ./Drivers/STM32F4xx_HAL_Driver/Src/stm32f4xx_hal_rcc.o
LOAD ./Drivers/STM32F4xx_HAL_Driver/Src/stm32f4xx_hal_rcc_ex.o
LOAD ./Drivers/STM32F4xx_HAL_Driver/Src/stm32f4xx_hal_sd.o
LOAD ./Drivers/STM32F4xx_HAL_Driver/Src/stm32f4xx_hal_tim.o
LOAD ./Drivers/STM32F4xx_HAL_Driver/Src/stm32f4xx_hal_tim_ex.o
LOAD ./Drivers/STM32F4xx_HAL_Driver/Src/stm32f4xx_hal_uart.o
LOAD ./Drivers/STM32F4xx_HAL_Driver/Src/stm32f4xx_ll_adc.o
LOAD ./Drivers/STM32F4xx_HAL_Driver/Src/stm32f4xx_ll_sdmmc.o
LOAD ./ECUAL/I2C_LCD/I2C_LCD.o
LOAD ./ECUAL/I2C_LCD/I2C_LCD_cfg.o
LOAD ./FATFS/App/fatfs.o
LOAD ./FATFS/Target/bsp_driver_sd.o
LOAD ./FATFS/Target/fatfs_platform.o
LOAD ./FATFS/Target/sd_diskio.o
LOAD ./Middlewares/Third_Party/FatFs/src/diskio.o
LOAD ./Middlewares/Third_Party/FatFs/src/ff.o
LOAD ./Middlewares/Third_Party/FatFs/src/ff_gen_drv.o
LOAD ./Middlewares/Third_Party/FatFs/src/option/ccsbcs.o
LOAD ./Middlewares/Third_Party/FatFs/src/option/syscall.o
LOAD ./ThirdParty/FreeRTOS/croutine.o
LOAD ./ThirdParty/FreeRTOS/event_groups.o
LOAD ./ThirdParty/FreeRTOS/list.o
LOAD ./ThirdParty/FreeRTOS/queue.o
LOAD ./ThirdParty/FreeRTOS/stream_buffer.o
LOAD ./ThirdParty/FreeRTOS/tasks.o
LOAD ./ThirdParty/FreeRTOS/timers.o
LOAD ./ThirdParty/FreeRTOS/portable/GCC/ARM_CM4F/port.o
LOAD ./ThirdParty/FreeRTOS/portable/MemMang/heap_4.o
START GROUP
LOAD C:/ST/STM32CubeIDE_1.15.1/STM32CubeIDE/plugins/com.st.stm32cube.ide.mcu.externaltools.gnu-tools-for-stm32.12.3.rel1.win32_1.0.100.202403111256/tools/bin/../lib/gcc/arm-none-eabi/12.3.1/../../../../arm-none-eabi/lib/thumb/v7e-m+fp/hard\libc_nano.a
LOAD C:/ST/STM32CubeIDE_1.15.1/STM32CubeIDE/plugins/com.st.stm32cube.ide.mcu.externaltools.gnu-tools-for-stm32.12.3.rel1.win32_1.0.100.202403111256/tools/bin/../lib/gcc/arm-none-eabi/12.3.1/../../../../arm-none-eabi/lib/thumb/v7e-m+fp/hard\libm.a
END GROUP
START GROUP
LOAD C:/ST/STM32CubeIDE_1.15.1/STM32CubeIDE/plugins/com.st.stm32cube.ide.mcu.externaltools.gnu-tools-for-stm32.12.3.rel1.win32_1.0.100.202403111256/tools/bin/../lib/gcc/arm-none-eabi/12.3.1/thumb/v7e-m+fp/hard\libgcc.a
LOAD C:/ST/STM32CubeIDE_1.15.1/STM32CubeIDE/plugins/com.st.stm32cube.ide.mcu.externaltools.gnu-tools-for-stm32.12.3.rel1.win32_1.0.100.202403111256/tools/bin/../lib/gcc/arm-none-eabi/12.3.1/../../../../arm-none-eabi/lib/thumb/v7e-m+fp/hard\libc_nano.a
END GROUP
START GROUP
LOAD C:/ST/STM32CubeIDE_1.15.1/STM32CubeIDE/plugins/com.st.stm32cube.ide.mcu.externaltools.gnu-tools-for-stm32.12.3.rel1.win32_1.0.100.202403111256/tools/bin/../lib/gcc/arm-none-eabi/12.3.1/thumb/v7e-m+fp/hard\libgcc.a
LOAD C:/ST/STM32CubeIDE_1.15.1/STM32CubeIDE/plugins/com.st.stm32cube.ide.mcu.externaltools.gnu-tools-for-stm32.12.3.rel1.win32_1.0.100.202403111256/tools/bin/../lib/gcc/arm-none-eabi/12.3.1/../../../../arm-none-eabi/lib/thumb/v7e-m+fp/hard\libc_nano.a
LOAD C:/ST/STM32CubeIDE_1.15.1/STM32CubeIDE/plugins/com.st.stm32cube.ide.mcu.externaltools.gnu-tools-for-stm32.12.3.rel1.win32_1.0.100.202403111256/tools/bin/../lib/gcc/arm-none-eabi/12.3.1/../../../../arm-none-eabi/lib/thumb/v7e-m+fp/hard\libnosys.a
END GROUP
START GROUP
LOAD C:/ST/STM32CubeIDE_1.15.1/STM32CubeIDE/plugins/com.st.stm32cube.ide.mcu.externaltools.gnu-tools-for-stm32.12.3.rel1.win32_1.0.100.202403111256/tools/bin/../lib/gcc/arm-none-eabi/12.3.1/thumb/v7e-m+fp/hard\libgcc.a
LOAD C:/ST/STM32CubeIDE_1.15.1/STM32CubeIDE/plugins/com.st.stm32cube.ide.mcu.externaltools.gnu-tools-for-stm32.12.3.rel1.win32_1.0.100.202403111256/tools/bin/../lib/gcc/arm-none-eabi/12.3.1/../../../../arm-none-eabi/lib/thumb/v7e-m+fp/hard\libc_nano.a
LOAD C:/ST/STM32CubeIDE_1.15.1/STM32CubeIDE/plugins/com.st.stm32cube.ide.mcu.externaltools.gnu-tools-for-stm32.12.3.rel1.win32_1.0.100.202403111256/tools/bin/../lib/gcc/arm-none-eabi/12.3.1/../../../../arm-none-eabi/lib/thumb/v7e-m+fp/hard\libnosys.a
END GROUP
LOAD C:/ST/STM32CubeIDE_1.15.1/STM32CubeIDE/plugins/com.st.stm32cube.ide.mcu.externaltools.gnu-tools-for-stm32.12.3.rel1.win32_1.0.100.202403111256/tools/bin/../lib/gcc/arm-none-eabi/12.3.1/thumb/v7e-m+fp/hard/crtend.o
LOAD C:/ST/STM32CubeIDE_1.15.1/STM32CubeIDE/plugins/com.st.stm32cube.ide.mcu.externaltools.gnu-tools-for-stm32.12.3.rel1.win32_1.0.100.202403111256/tools/bin/../lib/gcc/arm-none-eabi/12.3.1/thumb/v7e-m+fp/hard/crtn.o
                0x20020000                        _estack = (ORIGIN (RAM) + LENGTH (RAM))
                0x00000200                        _Min_Heap_Size = 0x200
                0x00000400                        _Min_Stack_Size = 0x400

.isr_vector     0x08000000      0x188
                0x08000000                        . = ALIGN (0x4)
 *(.isr_vector)
 .isr_vector    0x08000000      0x188 ./Core/Startup/startup_stm32f407vetx.o
                0x08000000                g_pfnVectors
                0x08000188                        . = ALIGN (0x4)

.text           0x08000190    0x130d0
                0x08000190                        . = ALIGN (0x4)
 *(.text)
 .text          0x08000190       0x40 C:/ST/STM32CubeIDE_1.15.1/STM32CubeIDE/plugins/com.st.stm32cube.ide.mcu.externaltools.gnu-tools-for-stm32.12.3.rel1.win32_1.0.100.202403111256/tools/bin/../lib/gcc/arm-none-eabi/12.3.1/thumb/v7e-m+fp/hard/crtbegin.o
 .text          0x080001d0       0x14 C:/ST/STM32CubeIDE_1.15.1/STM32CubeIDE/plugins/com.st.stm32cube.ide.mcu.externaltools.gnu-tools-for-stm32.12.3.rel1.win32_1.0.100.202403111256/tools/bin/../lib/gcc/arm-none-eabi/12.3.1/../../../../arm-none-eabi/lib/thumb/v7e-m+fp/hard\libc_nano.a(libc_a-strcmp.o)
                0x080001d0                strcmp
 *fill*         0x080001e4        0xc 
 .text          0x080001f0       0xa0 C:/ST/STM32CubeIDE_1.15.1/STM32CubeIDE/plugins/com.st.stm32cube.ide.mcu.externaltools.gnu-tools-for-stm32.12.3.rel1.win32_1.0.100.202403111256/tools/bin/../lib/gcc/arm-none-eabi/12.3.1/../../../../arm-none-eabi/lib/thumb/v7e-m+fp/hard\libc_nano.a(libc_a-memchr.o)
                0x080001f0                memchr
 .text          0x08000290       0x10 C:/ST/STM32CubeIDE_1.15.1/STM32CubeIDE/plugins/com.st.stm32cube.ide.mcu.externaltools.gnu-tools-for-stm32.12.3.rel1.win32_1.0.100.202403111256/tools/bin/../lib/gcc/arm-none-eabi/12.3.1/../../../../arm-none-eabi/lib/thumb/v7e-m+fp/hard\libc_nano.a(libc_a-strlen.o)
                0x08000290                strlen
 .text          0x080002a0      0x378 C:/ST/STM32CubeIDE_1.15.1/STM32CubeIDE/plugins/com.st.stm32cube.ide.mcu.externaltools.gnu-tools-for-stm32.12.3.rel1.win32_1.0.100.202403111256/tools/bin/../lib/gcc/arm-none-eabi/12.3.1/thumb/v7e-m+fp/hard\libgcc.a(_arm_addsubdf3.o)
                0x080002a0                __aeabi_drsub
                0x080002a8                __aeabi_dsub
                0x080002a8                __subdf3
                0x080002ac                __aeabi_dadd
                0x080002ac                __adddf3
                0x08000524                __floatunsidf
                0x08000524                __aeabi_ui2d
                0x08000544                __floatsidf
                0x08000544                __aeabi_i2d
                0x08000568                __aeabi_f2d
                0x08000568                __extendsfdf2
                0x080005ac                __floatundidf
                0x080005ac                __aeabi_ul2d
                0x080005bc                __floatdidf
                0x080005bc                __aeabi_l2d
 .text          0x08000618      0x424 C:/ST/STM32CubeIDE_1.15.1/STM32CubeIDE/plugins/com.st.stm32cube.ide.mcu.externaltools.gnu-tools-for-stm32.12.3.rel1.win32_1.0.100.202403111256/tools/bin/../lib/gcc/arm-none-eabi/12.3.1/thumb/v7e-m+fp/hard\libgcc.a(_arm_muldivdf3.o)
                0x08000618                __aeabi_dmul
                0x08000618                __muldf3
                0x0800086c                __divdf3
                0x0800086c                __aeabi_ddiv
 .text          0x08000a3c      0x110 C:/ST/STM32CubeIDE_1.15.1/STM32CubeIDE/plugins/com.st.stm32cube.ide.mcu.externaltools.gnu-tools-for-stm32.12.3.rel1.win32_1.0.100.202403111256/tools/bin/../lib/gcc/arm-none-eabi/12.3.1/thumb/v7e-m+fp/hard\libgcc.a(_arm_cmpdf2.o)
                0x08000a3c                __gtdf2
                0x08000a3c                __gedf2
                0x08000a44                __ltdf2
                0x08000a44                __ledf2
                0x08000a4c                __nedf2
                0x08000a4c                __eqdf2
                0x08000a4c                __cmpdf2
                0x08000ac8                __aeabi_cdrcmple
                0x08000ad8                __aeabi_cdcmpeq
                0x08000ad8                __aeabi_cdcmple
                0x08000ae8                __aeabi_dcmpeq
                0x08000afc                __aeabi_dcmplt
                0x08000b10                __aeabi_dcmple
                0x08000b24                __aeabi_dcmpge
                0x08000b38                __aeabi_dcmpgt
 .text          0x08000b4c       0x2c C:/ST/STM32CubeIDE_1.15.1/STM32CubeIDE/plugins/com.st.stm32cube.ide.mcu.externaltools.gnu-tools-for-stm32.12.3.rel1.win32_1.0.100.202403111256/tools/bin/../lib/gcc/arm-none-eabi/12.3.1/thumb/v7e-m+fp/hard\libgcc.a(_arm_unorddf2.o)
                0x08000b4c                __unorddf2
                0x08000b4c                __aeabi_dcmpun
 .text          0x08000b78       0x50 C:/ST/STM32CubeIDE_1.15.1/STM32CubeIDE/plugins/com.st.stm32cube.ide.mcu.externaltools.gnu-tools-for-stm32.12.3.rel1.win32_1.0.100.202403111256/tools/bin/../lib/gcc/arm-none-eabi/12.3.1/thumb/v7e-m+fp/hard\libgcc.a(_arm_fixdfsi.o)
                0x08000b78                __aeabi_d2iz
                0x08000b78                __fixdfsi
 .text          0x08000bc8       0x40 C:/ST/STM32CubeIDE_1.15.1/STM32CubeIDE/plugins/com.st.stm32cube.ide.mcu.externaltools.gnu-tools-for-stm32.12.3.rel1.win32_1.0.100.202403111256/tools/bin/../lib/gcc/arm-none-eabi/12.3.1/thumb/v7e-m+fp/hard\libgcc.a(_arm_fixunsdfsi.o)
                0x08000bc8                __aeabi_d2uiz
                0x08000bc8                __fixunsdfsi
 .text          0x08000c08       0xa0 C:/ST/STM32CubeIDE_1.15.1/STM32CubeIDE/plugins/com.st.stm32cube.ide.mcu.externaltools.gnu-tools-for-stm32.12.3.rel1.win32_1.0.100.202403111256/tools/bin/../lib/gcc/arm-none-eabi/12.3.1/thumb/v7e-m+fp/hard\libgcc.a(_arm_truncdfsf2.o)
                0x08000c08                __truncdfsf2
                0x08000c08                __aeabi_d2f
 .text          0x08000ca8       0x30 C:/ST/STM32CubeIDE_1.15.1/STM32CubeIDE/plugins/com.st.stm32cube.ide.mcu.externaltools.gnu-tools-for-stm32.12.3.rel1.win32_1.0.100.202403111256/tools/bin/../lib/gcc/arm-none-eabi/12.3.1/thumb/v7e-m+fp/hard\libgcc.a(_aeabi_uldivmod.o)
                0x08000ca8                __aeabi_uldivmod
 .text          0x08000cd8      0x2bc C:/ST/STM32CubeIDE_1.15.1/STM32CubeIDE/plugins/com.st.stm32cube.ide.mcu.externaltools.gnu-tools-for-stm32.12.3.rel1.win32_1.0.100.202403111256/tools/bin/../lib/gcc/arm-none-eabi/12.3.1/thumb/v7e-m+fp/hard\libgcc.a(_udivmoddi4.o)
                0x08000cd8                __udivmoddi4
 .text          0x08000f94        0x4 C:/ST/STM32CubeIDE_1.15.1/STM32CubeIDE/plugins/com.st.stm32cube.ide.mcu.externaltools.gnu-tools-for-stm32.12.3.rel1.win32_1.0.100.202403111256/tools/bin/../lib/gcc/arm-none-eabi/12.3.1/thumb/v7e-m+fp/hard\libgcc.a(_dvmd_tls.o)
                0x08000f94                __aeabi_idiv0
                0x08000f94                __aeabi_ldiv0
 *(.text*)
 .text.word_to_byte
                0x08000f98       0x28 ./Core/Src/bl_cmd_process.o
                0x08000f98                word_to_byte
 .text.get_crc  0x08000fc0       0x70 ./Core/Src/bl_cmd_process.o
                0x08000fc0                get_crc
 .text.bootloader_send_ack
                0x08001030       0x54 ./Core/Src/bl_cmd_process.o
                0x08001030                bootloader_send_ack
 .text.bootloader_send_nack
                0x08001084       0x44 ./Core/Src/bl_cmd_process.o
                0x08001084                bootloader_send_nack
 .text.bootloader_verify_crc
                0x080010c8       0x68 ./Core/Src/bl_cmd_process.o
                0x080010c8                bootloader_verify_crc
 .text.bl_get_version
                0x08001130       0x10 ./Core/Src/bl_cmd_process.o
                0x08001130                bl_get_version
 .text.bl_get_cid
                0x08001140       0x24 ./Core/Src/bl_cmd_process.o
                0x08001140                bl_get_cid
 .text.bootloader_handle_getcid_cmd
                0x08001164       0x84 ./Core/Src/bl_cmd_process.o
                0x08001164                bootloader_handle_getcid_cmd
 .text.bootloader_handle_getver_cmd
                0x080011e8       0x90 ./Core/Src/bl_cmd_process.o
                0x080011e8                bootloader_handle_getver_cmd
 .text.bootloader_go_to_addr
                0x08001278       0xe0 ./Core/Src/bl_cmd_process.o
                0x08001278                bootloader_go_to_addr
 .text.verify_address
                0x08001358       0x5c ./Core/Src/bl_cmd_process.o
                0x08001358                verify_address
 .text.execute_mem_write
                0x080013b4       0x5a ./Core/Src/bl_cmd_process.o
                0x080013b4                execute_mem_write
 *fill*         0x0800140e        0x2 
 .text.bootloader_handle_mem_write_cmd
                0x08001410       0xa0 ./Core/Src/bl_cmd_process.o
                0x08001410                bootloader_handle_mem_write_cmd
 .text.bootloader_read_data
                0x080014b0       0x60 ./Core/Src/bl_cmd_process.o
                0x080014b0                bootloader_read_data
 .text.main     0x08001510      0x178 ./Core/Src/main.o
                0x08001510                main
 .text.SystemClock_Config
                0x08001688       0xd0 ./Core/Src/main.o
                0x08001688                SystemClock_Config
 .text.MX_ADC1_Init
                0x08001758       0xa4 ./Core/Src/main.o
 .text.MX_CRC_Init
                0x080017fc       0x28 ./Core/Src/main.o
 .text.MX_I2C1_Init
                0x08001824       0x5c ./Core/Src/main.o
 .text.MX_SDIO_SD_Init
                0x08001880       0x40 ./Core/Src/main.o
 .text.MX_TIM1_Init
                0x080018c0       0xa8 ./Core/Src/main.o
 .text.MX_USART2_UART_Init
                0x08001968       0x54 ./Core/Src/main.o
 .text.MX_GPIO_Init
                0x080019bc       0xf4 ./Core/Src/main.o
 .text.vTimerCallback
                0x08001ab0       0x1c ./Core/Src/main.o
                0x08001ab0                vTimerCallback
 .text.handle_measure_task
                0x08001acc       0xfc ./Core/Src/main.o
                0x08001acc                handle_measure_task
 .text.delay_us
                0x08001bc8       0x34 ./Core/Src/main.o
                0x08001bc8                delay_us
 .text.delay_ms
                0x08001bfc       0x48 ./Core/Src/main.o
                0x08001bfc                delay_ms
 .text.Set_Pin_Output
                0x08001c44       0x48 ./Core/Src/main.o
                0x08001c44                Set_Pin_Output
 .text.Set_Pin_Input
                0x08001c8c       0x44 ./Core/Src/main.o
                0x08001c8c                Set_Pin_Input
 .text.DHT_Start
                0x08001cd0       0x44 ./Core/Src/main.o
                0x08001cd0                DHT_Start
 .text.DHT_Check_Response
                0x08001d14       0x60 ./Core/Src/main.o
                0x08001d14                DHT_Check_Response
 .text.DHT_Read
                0x08001d74       0x98 ./Core/Src/main.o
                0x08001d74                DHT_Read
 .text.DHT_GetData
                0x08001e0c       0xbc ./Core/Src/main.o
                0x08001e0c                DHT_GetData
 .text.SDIO_SDCard
                0x08001ec8      0x374 ./Core/Src/main.o
                0x08001ec8                SDIO_SDCard
 .text.HAL_UART_RxCpltCallback
                0x0800223c       0x90 ./Core/Src/main.o
                0x0800223c                HAL_UART_RxCpltCallback
 .text.HAL_TIM_PeriodElapsedCallback
                0x080022cc       0x24 ./Core/Src/main.o
                0x080022cc                HAL_TIM_PeriodElapsedCallback
 .text.Error_Handler
                0x080022f0        0xc ./Core/Src/main.o
                0x080022f0                Error_Handler
 *fill*         0x080022fc        0x4 
 .text.getResistance
                0x08002300       0x98 ./Core/Src/mq135.o
                0x08002300                getResistance
 .text.getPPM   0x08002398       0x78 ./Core/Src/mq135.o
                0x08002398                getPPM
 .text.HAL_MspInit
                0x08002410       0x50 ./Core/Src/stm32f4xx_hal_msp.o
                0x08002410                HAL_MspInit
 .text.HAL_ADC_MspInit
                0x08002460       0x88 ./Core/Src/stm32f4xx_hal_msp.o
                0x08002460                HAL_ADC_MspInit
 .text.HAL_CRC_MspInit
                0x080024e8       0x44 ./Core/Src/stm32f4xx_hal_msp.o
                0x080024e8                HAL_CRC_MspInit
 .text.HAL_I2C_MspInit
                0x0800252c       0x90 ./Core/Src/stm32f4xx_hal_msp.o
                0x0800252c                HAL_I2C_MspInit
 .text.HAL_SD_MspInit
                0x080025bc       0xd0 ./Core/Src/stm32f4xx_hal_msp.o
                0x080025bc                HAL_SD_MspInit
 .text.HAL_TIM_Base_MspInit
                0x0800268c       0x44 ./Core/Src/stm32f4xx_hal_msp.o
                0x0800268c                HAL_TIM_Base_MspInit
 .text.HAL_UART_MspInit
                0x080026d0       0xa0 ./Core/Src/stm32f4xx_hal_msp.o
                0x080026d0                HAL_UART_MspInit
 .text.HAL_InitTick
                0x08002770       0xf8 ./Core/Src/stm32f4xx_hal_timebase_tim.o
                0x08002770                HAL_InitTick
 .text.NMI_Handler
                0x08002868        0x8 ./Core/Src/stm32f4xx_it.o
                0x08002868                NMI_Handler
 .text.HardFault_Handler
                0x08002870        0x8 ./Core/Src/stm32f4xx_it.o
                0x08002870                HardFault_Handler
 .text.MemManage_Handler
                0x08002878        0x8 ./Core/Src/stm32f4xx_it.o
                0x08002878                MemManage_Handler
 .text.BusFault_Handler
                0x08002880        0x8 ./Core/Src/stm32f4xx_it.o
                0x08002880                BusFault_Handler
 .text.UsageFault_Handler
                0x08002888        0x8 ./Core/Src/stm32f4xx_it.o
                0x08002888                UsageFault_Handler
 .text.DebugMon_Handler
                0x08002890        0xe ./Core/Src/stm32f4xx_it.o
                0x08002890                DebugMon_Handler
 *fill*         0x0800289e        0x2 
 .text.USART2_IRQHandler
                0x080028a0       0x14 ./Core/Src/stm32f4xx_it.o
                0x080028a0                USART2_IRQHandler
 .text.TIM6_DAC_IRQHandler
                0x080028b4       0x14 ./Core/Src/stm32f4xx_it.o
                0x080028b4                TIM6_DAC_IRQHandler
 .text._getpid  0x080028c8       0x10 ./Core/Src/syscalls.o
                0x080028c8                _getpid
 .text._kill    0x080028d8       0x20 ./Core/Src/syscalls.o
                0x080028d8                _kill
 .text._exit    0x080028f8       0x16 ./Core/Src/syscalls.o
                0x080028f8                _exit
 .text._read    0x0800290e       0x3a ./Core/Src/syscalls.o
                0x0800290e                _read
 .text._write   0x08002948       0x38 ./Core/Src/syscalls.o
                0x08002948                _write
 .text._close   0x08002980       0x18 ./Core/Src/syscalls.o
                0x08002980                _close
 .text._fstat   0x08002998       0x20 ./Core/Src/syscalls.o
                0x08002998                _fstat
 .text._isatty  0x080029b8       0x16 ./Core/Src/syscalls.o
                0x080029b8                _isatty
 .text._lseek   0x080029ce       0x1a ./Core/Src/syscalls.o
                0x080029ce                _lseek
 .text.SystemInit
                0x080029e8       0x24 ./Core/Src/system_stm32f4xx.o
                0x080029e8                SystemInit
 .text.handle_menu_task
                0x08002a0c       0xe4 ./Core/Src/task_handler.o
                0x08002a0c                handle_menu_task
 .text.handle_cmd_task
                0x08002af0       0x28 ./Core/Src/task_handler.o
                0x08002af0                handle_cmd_task
 .text.process_command
                0x08002b18       0xb4 ./Core/Src/task_handler.o
                0x08002b18                process_command
 .text.handle_led_task
                0x08002bcc       0xe4 ./Core/Src/task_handler.o
                0x08002bcc                handle_led_task
 .text.printmsg
                0x08002cb0       0x40 ./Core/Src/task_handler.o
                0x08002cb0                printmsg
 .text.handle_bl_cmd_task
                0x08002cf0      0x308 ./Core/Src/task_handler.o
                0x08002cf0                handle_bl_cmd_task
 .text.Reset_Handler
                0x08002ff8       0x50 ./Core/Startup/startup_stm32f407vetx.o
                0x08002ff8                Reset_Handler
 .text.Default_Handler
                0x08003048        0x2 ./Core/Startup/startup_stm32f407vetx.o
                0x08003048                RTC_Alarm_IRQHandler
                0x08003048                HASH_RNG_IRQHandler
                0x08003048                EXTI2_IRQHandler
                0x08003048                TIM8_CC_IRQHandler
                0x08003048                TIM1_CC_IRQHandler
                0x08003048                DMA2_Stream5_IRQHandler
                0x08003048                DMA1_Stream5_IRQHandler
                0x08003048                PVD_IRQHandler
                0x08003048                SDIO_IRQHandler
                0x08003048                TAMP_STAMP_IRQHandler
                0x08003048                CAN2_RX1_IRQHandler
                0x08003048                EXTI3_IRQHandler
                0x08003048                TIM8_TRG_COM_TIM14_IRQHandler
                0x08003048                TIM1_UP_TIM10_IRQHandler
                0x08003048                TIM8_UP_TIM13_IRQHandler
                0x08003048                I2C3_ER_IRQHandler
                0x08003048                EXTI0_IRQHandler
                0x08003048                I2C2_EV_IRQHandler
                0x08003048                DMA1_Stream2_IRQHandler
                0x08003048                CAN1_RX0_IRQHandler
                0x08003048                FPU_IRQHandler
                0x08003048                OTG_HS_WKUP_IRQHandler
                0x08003048                CAN2_SCE_IRQHandler
                0x08003048                DMA2_Stream2_IRQHandler
                0x08003048                SPI1_IRQHandler
                0x08003048                TIM1_BRK_TIM9_IRQHandler
                0x08003048                DCMI_IRQHandler
                0x08003048                CAN2_RX0_IRQHandler
                0x08003048                DMA2_Stream3_IRQHandler
                0x08003048                USART6_IRQHandler
                0x08003048                USART3_IRQHandler
                0x08003048                CAN1_RX1_IRQHandler
                0x08003048                UART5_IRQHandler
                0x08003048                DMA2_Stream0_IRQHandler
                0x08003048                TIM4_IRQHandler
                0x08003048                I2C1_EV_IRQHandler
                0x08003048                DMA1_Stream6_IRQHandler
                0x08003048                DMA1_Stream1_IRQHandler
                0x08003048                UART4_IRQHandler
                0x08003048                TIM3_IRQHandler
                0x08003048                RCC_IRQHandler
                0x08003048                TIM8_BRK_TIM12_IRQHandler
                0x08003048                Default_Handler
                0x08003048                EXTI15_10_IRQHandler
                0x08003048                ADC_IRQHandler
                0x08003048                DMA1_Stream7_IRQHandler
                0x08003048                TIM7_IRQHandler
                0x08003048                CAN2_TX_IRQHandler
                0x08003048                TIM5_IRQHandler
                0x08003048                DMA2_Stream7_IRQHandler
                0x08003048                I2C3_EV_IRQHandler
                0x08003048                EXTI9_5_IRQHandler
                0x08003048                RTC_WKUP_IRQHandler
                0x08003048                ETH_WKUP_IRQHandler
                0x08003048                SPI2_IRQHandler
                0x08003048                OTG_HS_EP1_IN_IRQHandler
                0x08003048                DMA1_Stream0_IRQHandler
                0x08003048                CAN1_TX_IRQHandler
                0x08003048                EXTI4_IRQHandler
                0x08003048                FSMC_IRQHandler
                0x08003048                ETH_IRQHandler
                0x08003048                OTG_HS_EP1_OUT_IRQHandler
                0x08003048                WWDG_IRQHandler
                0x08003048                TIM2_IRQHandler
                0x08003048                OTG_FS_WKUP_IRQHandler
                0x08003048                TIM1_TRG_COM_TIM11_IRQHandler
                0x08003048                OTG_HS_IRQHandler
                0x08003048                EXTI1_IRQHandler
                0x08003048                I2C2_ER_IRQHandler
                0x08003048                DMA2_Stream1_IRQHandler
                0x08003048                CAN1_SCE_IRQHandler
                0x08003048                FLASH_IRQHandler
                0x08003048                DMA2_Stream4_IRQHandler
                0x08003048                USART1_IRQHandler
                0x08003048                OTG_FS_IRQHandler
                0x08003048                SPI3_IRQHandler
                0x08003048                DMA1_Stream4_IRQHandler
                0x08003048                I2C1_ER_IRQHandler
                0x08003048                DMA2_Stream6_IRQHandler
                0x08003048                DMA1_Stream3_IRQHandler
 *fill*         0x0800304a        0x2 
 .text.HAL_Init
                0x0800304c       0x44 ./Drivers/STM32F4xx_HAL_Driver/Src/stm32f4xx_hal.o
                0x0800304c                HAL_Init
 .text.HAL_IncTick
                0x08003090       0x28 ./Drivers/STM32F4xx_HAL_Driver/Src/stm32f4xx_hal.o
                0x08003090                HAL_IncTick
 .text.HAL_GetTick
                0x080030b8       0x18 ./Drivers/STM32F4xx_HAL_Driver/Src/stm32f4xx_hal.o
                0x080030b8                HAL_GetTick
 .text.HAL_Delay
                0x080030d0       0x48 ./Drivers/STM32F4xx_HAL_Driver/Src/stm32f4xx_hal.o
                0x080030d0                HAL_Delay
 .text.HAL_ADC_Init
                0x08003118       0x86 ./Drivers/STM32F4xx_HAL_Driver/Src/stm32f4xx_hal_adc.o
                0x08003118                HAL_ADC_Init
 *fill*         0x0800319e        0x2 
 .text.HAL_ADC_Start
                0x080031a0      0x1a4 ./Drivers/STM32F4xx_HAL_Driver/Src/stm32f4xx_hal_adc.o
                0x080031a0                HAL_ADC_Start
 .text.HAL_ADC_GetValue
                0x08003344       0x1a ./Drivers/STM32F4xx_HAL_Driver/Src/stm32f4xx_hal_adc.o
                0x08003344                HAL_ADC_GetValue
 *fill*         0x0800335e        0x2 
 .text.HAL_ADC_ConfigChannel
                0x08003360      0x244 ./Drivers/STM32F4xx_HAL_Driver/Src/stm32f4xx_hal_adc.o
                0x08003360                HAL_ADC_ConfigChannel
 .text.ADC_Init
                0x080035a4      0x1f8 ./Drivers/STM32F4xx_HAL_Driver/Src/stm32f4xx_hal_adc.o
 .text.__NVIC_SetPriorityGrouping
                0x0800379c       0x48 ./Drivers/STM32F4xx_HAL_Driver/Src/stm32f4xx_hal_cortex.o
 .text.__NVIC_GetPriorityGrouping
                0x080037e4       0x1c ./Drivers/STM32F4xx_HAL_Driver/Src/stm32f4xx_hal_cortex.o
 .text.__NVIC_EnableIRQ
                0x08003800       0x3c ./Drivers/STM32F4xx_HAL_Driver/Src/stm32f4xx_hal_cortex.o
 .text.__NVIC_SetPriority
                0x0800383c       0x54 ./Drivers/STM32F4xx_HAL_Driver/Src/stm32f4xx_hal_cortex.o
 .text.NVIC_EncodePriority
                0x08003890       0x66 ./Drivers/STM32F4xx_HAL_Driver/Src/stm32f4xx_hal_cortex.o
 .text.HAL_NVIC_SetPriorityGrouping
                0x080038f6       0x16 ./Drivers/STM32F4xx_HAL_Driver/Src/stm32f4xx_hal_cortex.o
                0x080038f6                HAL_NVIC_SetPriorityGrouping
 .text.HAL_NVIC_SetPriority
                0x0800390c       0x38 ./Drivers/STM32F4xx_HAL_Driver/Src/stm32f4xx_hal_cortex.o
                0x0800390c                HAL_NVIC_SetPriority
 .text.HAL_NVIC_EnableIRQ
                0x08003944       0x1c ./Drivers/STM32F4xx_HAL_Driver/Src/stm32f4xx_hal_cortex.o
                0x08003944                HAL_NVIC_EnableIRQ
 .text.HAL_CRC_Init
                0x08003960       0x38 ./Drivers/STM32F4xx_HAL_Driver/Src/stm32f4xx_hal_crc.o
                0x08003960                HAL_CRC_Init
 .text.HAL_CRC_Accumulate
                0x08003998       0x56 ./Drivers/STM32F4xx_HAL_Driver/Src/stm32f4xx_hal_crc.o
                0x08003998                HAL_CRC_Accumulate
 .text.HAL_DMA_Abort
                0x080039ee       0xe0 ./Drivers/STM32F4xx_HAL_Driver/Src/stm32f4xx_hal_dma.o
                0x080039ee                HAL_DMA_Abort
 .text.HAL_DMA_Abort_IT
                0x08003ace       0x44 ./Drivers/STM32F4xx_HAL_Driver/Src/stm32f4xx_hal_dma.o
                0x08003ace                HAL_DMA_Abort_IT
 *fill*         0x08003b12        0x2 
 .text.HAL_FLASH_Program
                0x08003b14       0xa8 ./Drivers/STM32F4xx_HAL_Driver/Src/stm32f4xx_hal_flash.o
                0x08003b14                HAL_FLASH_Program
 .text.HAL_FLASH_Unlock
                0x08003bbc       0x44 ./Drivers/STM32F4xx_HAL_Driver/Src/stm32f4xx_hal_flash.o
                0x08003bbc                HAL_FLASH_Unlock
 .text.HAL_FLASH_Lock
                0x08003c00       0x20 ./Drivers/STM32F4xx_HAL_Driver/Src/stm32f4xx_hal_flash.o
                0x08003c00                HAL_FLASH_Lock
 .text.FLASH_WaitForLastOperation
                0x08003c20       0x80 ./Drivers/STM32F4xx_HAL_Driver/Src/stm32f4xx_hal_flash.o
                0x08003c20                FLASH_WaitForLastOperation
 .text.FLASH_Program_DoubleWord
                0x08003ca0       0x64 ./Drivers/STM32F4xx_HAL_Driver/Src/stm32f4xx_hal_flash.o
 .text.FLASH_Program_Word
                0x08003d04       0x44 ./Drivers/STM32F4xx_HAL_Driver/Src/stm32f4xx_hal_flash.o
 .text.FLASH_Program_HalfWord
                0x08003d48       0x48 ./Drivers/STM32F4xx_HAL_Driver/Src/stm32f4xx_hal_flash.o
 .text.FLASH_Program_Byte
                0x08003d90       0x44 ./Drivers/STM32F4xx_HAL_Driver/Src/stm32f4xx_hal_flash.o
 .text.FLASH_SetErrorCode
                0x08003dd4       0xac ./Drivers/STM32F4xx_HAL_Driver/Src/stm32f4xx_hal_flash.o
 .text.HAL_GPIO_Init
                0x08003e80      0x338 ./Drivers/STM32F4xx_HAL_Driver/Src/stm32f4xx_hal_gpio.o
                0x08003e80                HAL_GPIO_Init
 .text.HAL_GPIO_ReadPin
                0x080041b8       0x30 ./Drivers/STM32F4xx_HAL_Driver/Src/stm32f4xx_hal_gpio.o
                0x080041b8                HAL_GPIO_ReadPin
 .text.HAL_GPIO_WritePin
                0x080041e8       0x32 ./Drivers/STM32F4xx_HAL_Driver/Src/stm32f4xx_hal_gpio.o
                0x080041e8                HAL_GPIO_WritePin
 .text.HAL_GPIO_TogglePin
                0x0800421a       0x34 ./Drivers/STM32F4xx_HAL_Driver/Src/stm32f4xx_hal_gpio.o
                0x0800421a                HAL_GPIO_TogglePin
 *fill*         0x0800424e        0x2 
 .text.HAL_I2C_Init
                0x08004250      0x288 ./Drivers/STM32F4xx_HAL_Driver/Src/stm32f4xx_hal_i2c.o
                0x08004250                HAL_I2C_Init
 .text.HAL_I2C_Master_Transmit
                0x080044d8      0x1fc ./Drivers/STM32F4xx_HAL_Driver/Src/stm32f4xx_hal_i2c.o
                0x080044d8                HAL_I2C_Master_Transmit
 .text.I2C_MasterRequestWrite
                0x080046d4      0x104 ./Drivers/STM32F4xx_HAL_Driver/Src/stm32f4xx_hal_i2c.o
 .text.I2C_WaitOnFlagUntilTimeout
                0x080047d8       0xf4 ./Drivers/STM32F4xx_HAL_Driver/Src/stm32f4xx_hal_i2c.o
 .text.I2C_WaitOnMasterAddressFlagUntilTimeout
                0x080048cc      0x140 ./Drivers/STM32F4xx_HAL_Driver/Src/stm32f4xx_hal_i2c.o
 .text.I2C_WaitOnTXEFlagUntilTimeout
                0x08004a0c       0x90 ./Drivers/STM32F4xx_HAL_Driver/Src/stm32f4xx_hal_i2c.o
 .text.I2C_WaitOnBTFFlagUntilTimeout
                0x08004a9c       0x90 ./Drivers/STM32F4xx_HAL_Driver/Src/stm32f4xx_hal_i2c.o
 .text.I2C_IsAcknowledgeFailed
                0x08004b2c       0x5e ./Drivers/STM32F4xx_HAL_Driver/Src/stm32f4xx_hal_i2c.o
 *fill*         0x08004b8a        0x2 
 .text.HAL_RCC_OscConfig
                0x08004b8c      0x4f0 ./Drivers/STM32F4xx_HAL_Driver/Src/stm32f4xx_hal_rcc.o
                0x08004b8c                HAL_RCC_OscConfig
 .text.HAL_RCC_ClockConfig
                0x0800507c      0x1cc ./Drivers/STM32F4xx_HAL_Driver/Src/stm32f4xx_hal_rcc.o
                0x0800507c                HAL_RCC_ClockConfig
 .text.HAL_RCC_GetSysClockFreq
                0x08005248      0x20c ./Drivers/STM32F4xx_HAL_Driver/Src/stm32f4xx_hal_rcc.o
                0x08005248                HAL_RCC_GetSysClockFreq
 .text.HAL_RCC_GetHCLKFreq
                0x08005454       0x18 ./Drivers/STM32F4xx_HAL_Driver/Src/stm32f4xx_hal_rcc.o
                0x08005454                HAL_RCC_GetHCLKFreq
 .text.HAL_RCC_GetPCLK1Freq
                0x0800546c       0x28 ./Drivers/STM32F4xx_HAL_Driver/Src/stm32f4xx_hal_rcc.o
                0x0800546c                HAL_RCC_GetPCLK1Freq
 .text.HAL_RCC_GetPCLK2Freq
                0x08005494       0x28 ./Drivers/STM32F4xx_HAL_Driver/Src/stm32f4xx_hal_rcc.o
                0x08005494                HAL_RCC_GetPCLK2Freq
 .text.HAL_RCC_GetClockConfig
                0x080054bc       0x64 ./Drivers/STM32F4xx_HAL_Driver/Src/stm32f4xx_hal_rcc.o
                0x080054bc                HAL_RCC_GetClockConfig
 .text.HAL_SD_Init
                0x08005520       0x60 ./Drivers/STM32F4xx_HAL_Driver/Src/stm32f4xx_hal_sd.o
                0x08005520                HAL_SD_Init
 .text.HAL_SD_InitCard
                0x08005580      0x100 ./Drivers/STM32F4xx_HAL_Driver/Src/stm32f4xx_hal_sd.o
                0x08005580                HAL_SD_InitCard
 .text.HAL_SD_ReadBlocks
                0x08005680      0x3cc ./Drivers/STM32F4xx_HAL_Driver/Src/stm32f4xx_hal_sd.o
                0x08005680                HAL_SD_ReadBlocks
 .text.HAL_SD_WriteBlocks
                0x08005a4c      0x31c ./Drivers/STM32F4xx_HAL_Driver/Src/stm32f4xx_hal_sd.o
                0x08005a4c                HAL_SD_WriteBlocks
 .text.HAL_SD_GetCardCSD
                0x08005d68      0x348 ./Drivers/STM32F4xx_HAL_Driver/Src/stm32f4xx_hal_sd.o
                0x08005d68                HAL_SD_GetCardCSD
 .text.HAL_SD_GetCardInfo
                0x080060b0       0x58 ./Drivers/STM32F4xx_HAL_Driver/Src/stm32f4xx_hal_sd.o
                0x080060b0                HAL_SD_GetCardInfo
 .text.HAL_SD_GetCardState
                0x08006108       0x40 ./Drivers/STM32F4xx_HAL_Driver/Src/stm32f4xx_hal_sd.o
                0x08006108                HAL_SD_GetCardState
 .text.SD_InitCard
                0x08006148      0x19c ./Drivers/STM32F4xx_HAL_Driver/Src/stm32f4xx_hal_sd.o
 .text.SD_PowerON
                0x080062e4      0x11c ./Drivers/STM32F4xx_HAL_Driver/Src/stm32f4xx_hal_sd.o
 .text.SD_SendStatus
                0x08006400       0x50 ./Drivers/STM32F4xx_HAL_Driver/Src/stm32f4xx_hal_sd.o
 .text.HAL_TIM_Base_Init
                0x08006450       0x9e ./Drivers/STM32F4xx_HAL_Driver/Src/stm32f4xx_hal_tim.o
                0x08006450                HAL_TIM_Base_Init
 *fill*         0x080064ee        0x2 
 .text.HAL_TIM_Base_Start
                0x080064f0       0xd0 ./Drivers/STM32F4xx_HAL_Driver/Src/stm32f4xx_hal_tim.o
                0x080064f0                HAL_TIM_Base_Start
 .text.HAL_TIM_Base_Start_IT
                0x080065c0       0xe0 ./Drivers/STM32F4xx_HAL_Driver/Src/stm32f4xx_hal_tim.o
                0x080065c0                HAL_TIM_Base_Start_IT
 .text.HAL_TIM_IRQHandler
                0x080066a0      0x1e0 ./Drivers/STM32F4xx_HAL_Driver/Src/stm32f4xx_hal_tim.o
                0x080066a0                HAL_TIM_IRQHandler
 .text.HAL_TIM_ConfigClockSource
                0x08006880      0x18e ./Drivers/STM32F4xx_HAL_Driver/Src/stm32f4xx_hal_tim.o
                0x08006880                HAL_TIM_ConfigClockSource
 .text.HAL_TIM_OC_DelayElapsedCallback
                0x08006a0e       0x14 ./Drivers/STM32F4xx_HAL_Driver/Src/stm32f4xx_hal_tim.o
                0x08006a0e                HAL_TIM_OC_DelayElapsedCallback
 .text.HAL_TIM_IC_CaptureCallback
                0x08006a22       0x14 ./Drivers/STM32F4xx_HAL_Driver/Src/stm32f4xx_hal_tim.o
                0x08006a22                HAL_TIM_IC_CaptureCallback
 .text.HAL_TIM_PWM_PulseFinishedCallback
                0x08006a36       0x14 ./Drivers/STM32F4xx_HAL_Driver/Src/stm32f4xx_hal_tim.o
                0x08006a36                HAL_TIM_PWM_PulseFinishedCallback
 .text.HAL_TIM_TriggerCallback
                0x08006a4a       0x14 ./Drivers/STM32F4xx_HAL_Driver/Src/stm32f4xx_hal_tim.o
                0x08006a4a                HAL_TIM_TriggerCallback
 *fill*         0x08006a5e        0x2 
 .text.TIM_Base_SetConfig
                0x08006a60      0x158 ./Drivers/STM32F4xx_HAL_Driver/Src/stm32f4xx_hal_tim.o
                0x08006a60                TIM_Base_SetConfig
 .text.TIM_TI1_ConfigInputStage
                0x08006bb8       0x5e ./Drivers/STM32F4xx_HAL_Driver/Src/stm32f4xx_hal_tim.o
 .text.TIM_TI2_ConfigInputStage
                0x08006c16       0x60 ./Drivers/STM32F4xx_HAL_Driver/Src/stm32f4xx_hal_tim.o
 .text.TIM_ITRx_SetConfig
                0x08006c76       0x36 ./Drivers/STM32F4xx_HAL_Driver/Src/stm32f4xx_hal_tim.o
 .text.TIM_ETR_SetConfig
                0x08006cac       0x40 ./Drivers/STM32F4xx_HAL_Driver/Src/stm32f4xx_hal_tim.o
                0x08006cac                TIM_ETR_SetConfig
 .text.HAL_TIMEx_MasterConfigSynchronization
                0x08006cec       0xf8 ./Drivers/STM32F4xx_HAL_Driver/Src/stm32f4xx_hal_tim_ex.o
                0x08006cec                HAL_TIMEx_MasterConfigSynchronization
 .text.HAL_TIMEx_CommutCallback
                0x08006de4       0x14 ./Drivers/STM32F4xx_HAL_Driver/Src/stm32f4xx_hal_tim_ex.o
                0x08006de4                HAL_TIMEx_CommutCallback
 .text.HAL_TIMEx_BreakCallback
                0x08006df8       0x14 ./Drivers/STM32F4xx_HAL_Driver/Src/stm32f4xx_hal_tim_ex.o
                0x08006df8                HAL_TIMEx_BreakCallback
 .text.HAL_UART_Init
                0x08006e0c       0xa0 ./Drivers/STM32F4xx_HAL_Driver/Src/stm32f4xx_hal_uart.o
                0x08006e0c                HAL_UART_Init
 .text.HAL_UART_Transmit
                0x08006eac      0x116 ./Drivers/STM32F4xx_HAL_Driver/Src/stm32f4xx_hal_uart.o
                0x08006eac                HAL_UART_Transmit
 .text.HAL_UART_Receive_IT
                0x08006fc2       0x4a ./Drivers/STM32F4xx_HAL_Driver/Src/stm32f4xx_hal_uart.o
                0x08006fc2                HAL_UART_Receive_IT
 .text.HAL_UART_IRQHandler
                0x0800700c      0x524 ./Drivers/STM32F4xx_HAL_Driver/Src/stm32f4xx_hal_uart.o
                0x0800700c                HAL_UART_IRQHandler
 .text.HAL_UART_TxCpltCallback
                0x08007530       0x14 ./Drivers/STM32F4xx_HAL_Driver/Src/stm32f4xx_hal_uart.o
                0x08007530                HAL_UART_TxCpltCallback
 .text.HAL_UART_ErrorCallback
                0x08007544       0x14 ./Drivers/STM32F4xx_HAL_Driver/Src/stm32f4xx_hal_uart.o
                0x08007544                HAL_UART_ErrorCallback
 .text.HAL_UARTEx_RxEventCallback
                0x08007558       0x18 ./Drivers/STM32F4xx_HAL_Driver/Src/stm32f4xx_hal_uart.o
                0x08007558                HAL_UARTEx_RxEventCallback
 .text.UART_WaitOnFlagUntilTimeout
                0x08007570       0xb2 ./Drivers/STM32F4xx_HAL_Driver/Src/stm32f4xx_hal_uart.o
 .text.UART_Start_Receive_IT
                0x08007622       0x74 ./Drivers/STM32F4xx_HAL_Driver/Src/stm32f4xx_hal_uart.o
                0x08007622                UART_Start_Receive_IT
 .text.UART_EndRxTransfer
                0x08007696       0xc6 ./Drivers/STM32F4xx_HAL_Driver/Src/stm32f4xx_hal_uart.o
 .text.UART_DMAAbortOnError
                0x0800775c       0x28 ./Drivers/STM32F4xx_HAL_Driver/Src/stm32f4xx_hal_uart.o
 .text.UART_Transmit_IT
                0x08007784       0xa0 ./Drivers/STM32F4xx_HAL_Driver/Src/stm32f4xx_hal_uart.o
 .text.UART_EndTransmit_IT
                0x08007824       0x30 ./Drivers/STM32F4xx_HAL_Driver/Src/stm32f4xx_hal_uart.o
 .text.UART_Receive_IT
                0x08007854      0x17c ./Drivers/STM32F4xx_HAL_Driver/Src/stm32f4xx_hal_uart.o
 .text.UART_SetConfig
                0x080079d0      0x4e8 ./Drivers/STM32F4xx_HAL_Driver/Src/stm32f4xx_hal_uart.o
 .text.SDIO_Init
                0x08007eb8       0x56 ./Drivers/STM32F4xx_HAL_Driver/Src/stm32f4xx_ll_sdmmc.o
                0x08007eb8                SDIO_Init
 .text.SDIO_ReadFIFO
                0x08007f0e       0x1a ./Drivers/STM32F4xx_HAL_Driver/Src/stm32f4xx_ll_sdmmc.o
                0x08007f0e                SDIO_ReadFIFO
 .text.SDIO_WriteFIFO
                0x08007f28       0x22 ./Drivers/STM32F4xx_HAL_Driver/Src/stm32f4xx_ll_sdmmc.o
                0x08007f28                SDIO_WriteFIFO
 .text.SDIO_PowerState_ON
                0x08007f4a       0x1c ./Drivers/STM32F4xx_HAL_Driver/Src/stm32f4xx_ll_sdmmc.o
                0x08007f4a                SDIO_PowerState_ON
 .text.SDIO_GetPowerState
                0x08007f66       0x1c ./Drivers/STM32F4xx_HAL_Driver/Src/stm32f4xx_ll_sdmmc.o
                0x08007f66                SDIO_GetPowerState
 .text.SDIO_SendCommand
                0x08007f82       0x54 ./Drivers/STM32F4xx_HAL_Driver/Src/stm32f4xx_ll_sdmmc.o
                0x08007f82                SDIO_SendCommand
 .text.SDIO_GetCommandResponse
                0x08007fd6       0x1a ./Drivers/STM32F4xx_HAL_Driver/Src/stm32f4xx_ll_sdmmc.o
                0x08007fd6                SDIO_GetCommandResponse
 .text.SDIO_GetResponse
                0x08007ff0       0x26 ./Drivers/STM32F4xx_HAL_Driver/Src/stm32f4xx_ll_sdmmc.o
                0x08007ff0                SDIO_GetResponse
 .text.SDIO_ConfigData
                0x08008016       0x58 ./Drivers/STM32F4xx_HAL_Driver/Src/stm32f4xx_ll_sdmmc.o
                0x08008016                SDIO_ConfigData
 .text.SDMMC_CmdBlockLength
                0x0800806e       0x44 ./Drivers/STM32F4xx_HAL_Driver/Src/stm32f4xx_ll_sdmmc.o
                0x0800806e                SDMMC_CmdBlockLength
 .text.SDMMC_CmdReadSingleBlock
                0x080080b2       0x44 ./Drivers/STM32F4xx_HAL_Driver/Src/stm32f4xx_ll_sdmmc.o
                0x080080b2                SDMMC_CmdReadSingleBlock
 .text.SDMMC_CmdReadMultiBlock
                0x080080f6       0x44 ./Drivers/STM32F4xx_HAL_Driver/Src/stm32f4xx_ll_sdmmc.o
                0x080080f6                SDMMC_CmdReadMultiBlock
 .text.SDMMC_CmdWriteSingleBlock
                0x0800813a       0x44 ./Drivers/STM32F4xx_HAL_Driver/Src/stm32f4xx_ll_sdmmc.o
                0x0800813a                SDMMC_CmdWriteSingleBlock
 .text.SDMMC_CmdWriteMultiBlock
                0x0800817e       0x44 ./Drivers/STM32F4xx_HAL_Driver/Src/stm32f4xx_ll_sdmmc.o
                0x0800817e                SDMMC_CmdWriteMultiBlock
 *fill*         0x080081c2        0x2 
 .text.SDMMC_CmdStopTransfer
                0x080081c4       0x44 ./Drivers/STM32F4xx_HAL_Driver/Src/stm32f4xx_ll_sdmmc.o
                0x080081c4                SDMMC_CmdStopTransfer
 .text.SDMMC_CmdSelDesel
                0x08008208       0x46 ./Drivers/STM32F4xx_HAL_Driver/Src/stm32f4xx_ll_sdmmc.o
                0x08008208                SDMMC_CmdSelDesel
 .text.SDMMC_CmdGoIdleState
                0x0800824e       0x3c ./Drivers/STM32F4xx_HAL_Driver/Src/stm32f4xx_ll_sdmmc.o
                0x0800824e                SDMMC_CmdGoIdleState
 .text.SDMMC_CmdOperCond
                0x0800828a       0x3e ./Drivers/STM32F4xx_HAL_Driver/Src/stm32f4xx_ll_sdmmc.o
                0x0800828a                SDMMC_CmdOperCond
 .text.SDMMC_CmdAppCommand
                0x080082c8       0x44 ./Drivers/STM32F4xx_HAL_Driver/Src/stm32f4xx_ll_sdmmc.o
                0x080082c8                SDMMC_CmdAppCommand
 .text.SDMMC_CmdAppOperCommand
                0x0800830c       0x46 ./Drivers/STM32F4xx_HAL_Driver/Src/stm32f4xx_ll_sdmmc.o
                0x0800830c                SDMMC_CmdAppOperCommand
 .text.SDMMC_CmdSendCID
                0x08008352       0x3c ./Drivers/STM32F4xx_HAL_Driver/Src/stm32f4xx_ll_sdmmc.o
                0x08008352                SDMMC_CmdSendCID
 .text.SDMMC_CmdSendCSD
                0x0800838e       0x3e ./Drivers/STM32F4xx_HAL_Driver/Src/stm32f4xx_ll_sdmmc.o
                0x0800838e                SDMMC_CmdSendCSD
 .text.SDMMC_CmdSetRelAdd
                0x080083cc       0x42 ./Drivers/STM32F4xx_HAL_Driver/Src/stm32f4xx_ll_sdmmc.o
                0x080083cc                SDMMC_CmdSetRelAdd
 .text.SDMMC_CmdSendStatus
                0x0800840e       0x44 ./Drivers/STM32F4xx_HAL_Driver/Src/stm32f4xx_ll_sdmmc.o
                0x0800840e                SDMMC_CmdSendStatus
 *fill*         0x08008452        0x2 
 .text.SDMMC_GetCmdResp1
                0x08008454      0x1dc ./Drivers/STM32F4xx_HAL_Driver/Src/stm32f4xx_ll_sdmmc.o
                0x08008454                SDMMC_GetCmdResp1
 .text.SDMMC_GetCmdResp2
                0x08008630       0x90 ./Drivers/STM32F4xx_HAL_Driver/Src/stm32f4xx_ll_sdmmc.o
                0x08008630                SDMMC_GetCmdResp2
 .text.SDMMC_GetCmdResp3
                0x080086c0       0x7c ./Drivers/STM32F4xx_HAL_Driver/Src/stm32f4xx_ll_sdmmc.o
                0x080086c0                SDMMC_GetCmdResp3
 .text.SDMMC_GetCmdResp6
                0x0800873c       0xec ./Drivers/STM32F4xx_HAL_Driver/Src/stm32f4xx_ll_sdmmc.o
                0x0800873c                SDMMC_GetCmdResp6
 .text.SDMMC_GetCmdResp7
                0x08008828       0x9c ./Drivers/STM32F4xx_HAL_Driver/Src/stm32f4xx_ll_sdmmc.o
                0x08008828                SDMMC_GetCmdResp7
 .text.SDMMC_GetCmdError
                0x080088c4       0x58 ./Drivers/STM32F4xx_HAL_Driver/Src/stm32f4xx_ll_sdmmc.o
 .text.I2C_LCD_ExpanderWrite
                0x0800891c       0x68 ./ECUAL/I2C_LCD/I2C_LCD.o
 .text.I2C_LCD_EnPulse
                0x08008984       0x48 ./ECUAL/I2C_LCD/I2C_LCD.o
 .text.I2C_LCD_Write4Bits
                0x080089cc       0x30 ./ECUAL/I2C_LCD/I2C_LCD.o
 .text.I2C_LCD_Send
                0x080089fc       0x4c ./ECUAL/I2C_LCD/I2C_LCD.o
 .text.I2C_LCD_Cmd
                0x08008a48       0x24 ./ECUAL/I2C_LCD/I2C_LCD.o
 .text.I2C_LCD_Data
                0x08008a6c       0x24 ./ECUAL/I2C_LCD/I2C_LCD.o
 .text.I2C_LCD_Init
                0x08008a90       0x94 ./ECUAL/I2C_LCD/I2C_LCD.o
                0x08008a90                I2C_LCD_Init
 .text.I2C_LCD_Clear
                0x08008b24       0x22 ./ECUAL/I2C_LCD/I2C_LCD.o
                0x08008b24                I2C_LCD_Clear
 *fill*         0x08008b46        0x2 
 .text.I2C_LCD_SetCursor
                0x08008b48       0x84 ./ECUAL/I2C_LCD/I2C_LCD.o
                0x08008b48                I2C_LCD_SetCursor
 .text.I2C_LCD_WriteChar
                0x08008bcc       0x24 ./ECUAL/I2C_LCD/I2C_LCD.o
                0x08008bcc                I2C_LCD_WriteChar
 .text.I2C_LCD_WriteString
                0x08008bf0       0x32 ./ECUAL/I2C_LCD/I2C_LCD.o
                0x08008bf0                I2C_LCD_WriteString
 *fill*         0x08008c22        0x2 
 .text.MX_FATFS_Init
                0x08008c24       0x24 ./FATFS/App/fatfs.o
                0x08008c24                MX_FATFS_Init
 .text.get_fattime
                0x08008c48       0x10 ./FATFS/App/fatfs.o
                0x08008c48                get_fattime
 .text.BSP_SD_Init
                0x08008c58       0x30 ./FATFS/Target/bsp_driver_sd.o
                0x08008c58                BSP_SD_Init
 .text.BSP_SD_ReadBlocks
                0x08008c88       0x3c ./FATFS/Target/bsp_driver_sd.o
                0x08008c88                BSP_SD_ReadBlocks
 .text.BSP_SD_WriteBlocks
                0x08008cc4       0x3c ./FATFS/Target/bsp_driver_sd.o
                0x08008cc4                BSP_SD_WriteBlocks
 .text.BSP_SD_GetCardState
                0x08008d00       0x20 ./FATFS/Target/bsp_driver_sd.o
                0x08008d00                BSP_SD_GetCardState
 .text.BSP_SD_GetCardInfo
                0x08008d20       0x1c ./FATFS/Target/bsp_driver_sd.o
                0x08008d20                BSP_SD_GetCardInfo
 .text.BSP_SD_IsDetected
                0x08008d3c       0x24 ./FATFS/Target/bsp_driver_sd.o
                0x08008d3c                BSP_SD_IsDetected
 .text.BSP_PlatformIsDetected
                0x08008d60       0x2c ./FATFS/Target/fatfs_platform.o
                0x08008d60                BSP_PlatformIsDetected
 .text.SD_CheckStatus
                0x08008d8c       0x3c ./FATFS/Target/sd_diskio.o
 .text.SD_initialize
                0x08008dc8       0x3c ./FATFS/Target/sd_diskio.o
                0x08008dc8                SD_initialize
 .text.SD_status
                0x08008e04       0x1c ./FATFS/Target/sd_diskio.o
                0x08008e04                SD_status
 .text.SD_read  0x08008e20       0x42 ./FATFS/Target/sd_diskio.o
                0x08008e20                SD_read
 .text.SD_write
                0x08008e62       0x42 ./FATFS/Target/sd_diskio.o
                0x08008e62                SD_write
 .text.SD_ioctl
                0x08008ea4       0xb0 ./FATFS/Target/sd_diskio.o
                0x08008ea4                SD_ioctl
 .text.disk_status
                0x08008f54       0x34 ./Middlewares/Third_Party/FatFs/src/diskio.o
                0x08008f54                disk_status
 .text.disk_initialize
                0x08008f88       0x50 ./Middlewares/Third_Party/FatFs/src/diskio.o
                0x08008f88                disk_initialize
 .text.disk_read
                0x08008fd8       0x40 ./Middlewares/Third_Party/FatFs/src/diskio.o
                0x08008fd8                disk_read
 .text.disk_write
                0x08009018       0x40 ./Middlewares/Third_Party/FatFs/src/diskio.o
                0x08009018                disk_write
 .text.disk_ioctl
                0x08009058       0x3c ./Middlewares/Third_Party/FatFs/src/diskio.o
                0x08009058                disk_ioctl
 .text.ld_word  0x08009094       0x30 ./Middlewares/Third_Party/FatFs/src/ff.o
 .text.ld_dword
                0x080090c4       0x46 ./Middlewares/Third_Party/FatFs/src/ff.o
 .text.st_word  0x0800910a       0x36 ./Middlewares/Third_Party/FatFs/src/ff.o
 .text.st_dword
                0x08009140       0x58 ./Middlewares/Third_Party/FatFs/src/ff.o
 .text.mem_cpy  0x08009198       0x42 ./Middlewares/Third_Party/FatFs/src/ff.o
 .text.mem_set  0x080091da       0x36 ./Middlewares/Third_Party/FatFs/src/ff.o
 .text.mem_cmp  0x08009210       0x4e ./Middlewares/Third_Party/FatFs/src/ff.o
 .text.chk_chr  0x0800925e       0x36 ./Middlewares/Third_Party/FatFs/src/ff.o
 .text.chk_lock
                0x08009294       0xb8 ./Middlewares/Third_Party/FatFs/src/ff.o
 .text.enq_lock
                0x0800934c       0x44 ./Middlewares/Third_Party/FatFs/src/ff.o
 .text.inc_lock
                0x08009390      0x11c ./Middlewares/Third_Party/FatFs/src/ff.o
 .text.dec_lock
                0x080094ac       0x78 ./Middlewares/Third_Party/FatFs/src/ff.o
 .text.clear_lock
                0x08009524       0x48 ./Middlewares/Third_Party/FatFs/src/ff.o
 .text.sync_window
                0x0800956c       0x88 ./Middlewares/Third_Party/FatFs/src/ff.o
 .text.move_window
                0x080095f4       0x5a ./Middlewares/Third_Party/FatFs/src/ff.o
 *fill*         0x0800964e        0x2 
 .text.sync_fs  0x08009650       0xe0 ./Middlewares/Third_Party/FatFs/src/ff.o
 .text.clust2sect
                0x08009730       0x3e ./Middlewares/Third_Party/FatFs/src/ff.o
 .text.get_fat  0x0800976e      0x1a6 ./Middlewares/Third_Party/FatFs/src/ff.o
 .text.put_fat  0x08009914      0x234 ./Middlewares/Third_Party/FatFs/src/ff.o
 .text.remove_chain
                0x08009b48       0xca ./Middlewares/Third_Party/FatFs/src/ff.o
 .text.create_chain
                0x08009c12      0x130 ./Middlewares/Third_Party/FatFs/src/ff.o
 .text.clmt_clust
                0x08009d42       0x70 ./Middlewares/Third_Party/FatFs/src/ff.o
 .text.dir_sdi  0x08009db2      0x112 ./Middlewares/Third_Party/FatFs/src/ff.o
 .text.dir_next
                0x08009ec4      0x1ac ./Middlewares/Third_Party/FatFs/src/ff.o
 .text.dir_alloc
                0x0800a070       0x8e ./Middlewares/Third_Party/FatFs/src/ff.o
 .text.ld_clust
                0x0800a0fe       0x3e ./Middlewares/Third_Party/FatFs/src/ff.o
 .text.st_clust
                0x0800a13c       0x40 ./Middlewares/Third_Party/FatFs/src/ff.o
 .text.cmp_lfn  0x0800a17c       0xe0 ./Middlewares/Third_Party/FatFs/src/ff.o
 .text.put_lfn  0x0800a25c       0xd0 ./Middlewares/Third_Party/FatFs/src/ff.o
 .text.gen_numname
                0x0800a32c      0x11c ./Middlewares/Third_Party/FatFs/src/ff.o
 .text.sum_sfn  0x0800a448       0x42 ./Middlewares/Third_Party/FatFs/src/ff.o
 .text.dir_find
                0x0800a48a      0x180 ./Middlewares/Third_Party/FatFs/src/ff.o
 *fill*         0x0800a60a        0x2 
 .text.dir_register
                0x0800a60c      0x1f0 ./Middlewares/Third_Party/FatFs/src/ff.o
 .text.create_name
                0x0800a7fc      0x370 ./Middlewares/Third_Party/FatFs/src/ff.o
 .text.follow_path
                0x0800ab6c       0xec ./Middlewares/Third_Party/FatFs/src/ff.o
 .text.get_ldnumber
                0x0800ac58       0x88 ./Middlewares/Third_Party/FatFs/src/ff.o
 .text.check_fs
                0x0800ace0       0xac ./Middlewares/Third_Party/FatFs/src/ff.o
 .text.find_volume
                0x0800ad8c      0x500 ./Middlewares/Third_Party/FatFs/src/ff.o
 .text.validate
                0x0800b28c       0x6a ./Middlewares/Third_Party/FatFs/src/ff.o
 *fill*         0x0800b2f6        0x2 
 .text.f_mount  0x0800b2f8       0x8c ./Middlewares/Third_Party/FatFs/src/ff.o
                0x0800b2f8                f_mount
 .text.f_open   0x0800b384      0x3b0 ./Middlewares/Third_Party/FatFs/src/ff.o
                0x0800b384                f_open
 .text.f_read   0x0800b734      0x2be ./Middlewares/Third_Party/FatFs/src/ff.o
                0x0800b734                f_read
 .text.f_sync   0x0800b9f2       0xfc ./Middlewares/Third_Party/FatFs/src/ff.o
                0x0800b9f2                f_sync
 .text.f_close  0x0800baee       0x54 ./Middlewares/Third_Party/FatFs/src/ff.o
                0x0800baee                f_close
 .text.f_getfree
                0x0800bb42      0x16a ./Middlewares/Third_Party/FatFs/src/ff.o
                0x0800bb42                f_getfree
 .text.FATFS_LinkDriverEx
                0x0800bcac       0x98 ./Middlewares/Third_Party/FatFs/src/ff_gen_drv.o
                0x0800bcac                FATFS_LinkDriverEx
 .text.FATFS_LinkDriver
                0x0800bd44       0x1e ./Middlewares/Third_Party/FatFs/src/ff_gen_drv.o
                0x0800bd44                FATFS_LinkDriver
 *fill*         0x0800bd62        0x2 
 .text.ff_convert
                0x0800bd64       0x78 ./Middlewares/Third_Party/FatFs/src/option/ccsbcs.o
                0x0800bd64                ff_convert
 .text.ff_wtoupper
                0x0800bddc      0x114 ./Middlewares/Third_Party/FatFs/src/option/ccsbcs.o
                0x0800bddc                ff_wtoupper
 .text.ff_memalloc
                0x0800bef0       0x18 ./Middlewares/Third_Party/FatFs/src/option/syscall.o
                0x0800bef0                ff_memalloc
 .text.ff_memfree
                0x0800bf08       0x16 ./Middlewares/Third_Party/FatFs/src/option/syscall.o
                0x0800bf08                ff_memfree
 .text.vListInitialise
                0x0800bf1e       0x40 ./ThirdParty/FreeRTOS/list.o
                0x0800bf1e                vListInitialise
 .text.vListInitialiseItem
                0x0800bf5e       0x1a ./ThirdParty/FreeRTOS/list.o
                0x0800bf5e                vListInitialiseItem
 .text.vListInsertEnd
                0x0800bf78       0x48 ./ThirdParty/FreeRTOS/list.o
                0x0800bf78                vListInsertEnd
 .text.vListInsert
                0x0800bfc0       0x72 ./ThirdParty/FreeRTOS/list.o
                0x0800bfc0                vListInsert
 .text.uxListRemove
                0x0800c032       0x54 ./ThirdParty/FreeRTOS/list.o
                0x0800c032                uxListRemove
 *fill*         0x0800c086        0x2 
 .text.xQueueGenericReset
                0x0800c088       0xd4 ./ThirdParty/FreeRTOS/queue.o
                0x0800c088                xQueueGenericReset
 .text.xQueueGenericCreate
                0x0800c15c       0xc4 ./ThirdParty/FreeRTOS/queue.o
                0x0800c15c                xQueueGenericCreate
 .text.prvInitialiseNewQueue
                0x0800c220       0x46 ./ThirdParty/FreeRTOS/queue.o
 *fill*         0x0800c266        0x2 
 .text.xQueueGenericSend
                0x0800c268      0x204 ./ThirdParty/FreeRTOS/queue.o
                0x0800c268                xQueueGenericSend
 .text.xQueueGenericSendFromISR
                0x0800c46c      0x15c ./ThirdParty/FreeRTOS/queue.o
                0x0800c46c                xQueueGenericSendFromISR
 .text.xQueueReceive
                0x0800c5c8      0x1c4 ./ThirdParty/FreeRTOS/queue.o
                0x0800c5c8                xQueueReceive
 .text.xQueueReceiveFromISR
                0x0800c78c      0x124 ./ThirdParty/FreeRTOS/queue.o
                0x0800c78c                xQueueReceiveFromISR
 .text.prvCopyDataToQueue
                0x0800c8b0       0xd4 ./ThirdParty/FreeRTOS/queue.o
 .text.prvCopyDataFromQueue
                0x0800c984       0x4c ./ThirdParty/FreeRTOS/queue.o
 .text.prvUnlockQueue
                0x0800c9d0       0xa4 ./ThirdParty/FreeRTOS/queue.o
 .text.prvIsQueueEmpty
                0x0800ca74       0x2c ./ThirdParty/FreeRTOS/queue.o
 .text.prvIsQueueFull
                0x0800caa0       0x30 ./ThirdParty/FreeRTOS/queue.o
 .text.xQueueIsQueueFullFromISR
                0x0800cad0       0x4e ./ThirdParty/FreeRTOS/queue.o
                0x0800cad0                xQueueIsQueueFullFromISR
 *fill*         0x0800cb1e        0x2 
 .text.vQueueAddToRegistry
                0x0800cb20       0x54 ./ThirdParty/FreeRTOS/queue.o
                0x0800cb20                vQueueAddToRegistry
 .text.vQueueWaitForMessageRestricted
                0x0800cb74       0x68 ./ThirdParty/FreeRTOS/queue.o
                0x0800cb74                vQueueWaitForMessageRestricted
 .text.xTaskCreate
                0x0800cbdc       0x82 ./ThirdParty/FreeRTOS/tasks.o
                0x0800cbdc                xTaskCreate
 .text.prvInitialiseNewTask
                0x0800cc5e      0x12e ./ThirdParty/FreeRTOS/tasks.o
 .text.prvAddNewTaskToReadyList
                0x0800cd8c       0xdc ./ThirdParty/FreeRTOS/tasks.o
 .text.vTaskDelay
                0x0800ce68       0x6c ./ThirdParty/FreeRTOS/tasks.o
                0x0800ce68                vTaskDelay
 .text.vTaskStartScheduler
                0x0800ced4       0xa4 ./ThirdParty/FreeRTOS/tasks.o
                0x0800ced4                vTaskStartScheduler
 .text.vTaskSuspendAll
                0x0800cf78       0x1c ./ThirdParty/FreeRTOS/tasks.o
                0x0800cf78                vTaskSuspendAll
 .text.xTaskResumeAll
                0x0800cf94      0x13c ./ThirdParty/FreeRTOS/tasks.o
                0x0800cf94                xTaskResumeAll
 .text.xTaskGetTickCount
                0x0800d0d0       0x20 ./ThirdParty/FreeRTOS/tasks.o
                0x0800d0d0                xTaskGetTickCount
 .text.xTaskIncrementTick
                0x0800d0f0      0x174 ./ThirdParty/FreeRTOS/tasks.o
                0x0800d0f0                xTaskIncrementTick
 .text.vTaskSwitchContext
                0x0800d264       0xb8 ./ThirdParty/FreeRTOS/tasks.o
                0x0800d264                vTaskSwitchContext
 .text.vTaskPlaceOnEventList
                0x0800d31c       0x4c ./ThirdParty/FreeRTOS/tasks.o
                0x0800d31c                vTaskPlaceOnEventList
 .text.vTaskPlaceOnEventListRestricted
                0x0800d368       0x58 ./ThirdParty/FreeRTOS/tasks.o
                0x0800d368                vTaskPlaceOnEventListRestricted
 .text.xTaskRemoveFromEventList
                0x0800d3c0       0xc8 ./ThirdParty/FreeRTOS/tasks.o
                0x0800d3c0                xTaskRemoveFromEventList
 .text.vTaskInternalSetTimeOutState
                0x0800d488       0x2c ./ThirdParty/FreeRTOS/tasks.o
                0x0800d488                vTaskInternalSetTimeOutState
 .text.xTaskCheckForTimeOut
                0x0800d4b4       0xd0 ./ThirdParty/FreeRTOS/tasks.o
                0x0800d4b4                xTaskCheckForTimeOut
 .text.vTaskMissedYield
                0x0800d584       0x18 ./ThirdParty/FreeRTOS/tasks.o
                0x0800d584                vTaskMissedYield
 .text.prvIdleTask
                0x0800d59c       0x30 ./ThirdParty/FreeRTOS/tasks.o
 .text.prvInitialiseTaskLists
                0x0800d5cc       0x80 ./ThirdParty/FreeRTOS/tasks.o
 .text.prvCheckTasksWaitingTermination
                0x0800d64c       0x5c ./ThirdParty/FreeRTOS/tasks.o
 .text.prvDeleteTCB
                0x0800d6a8       0x20 ./ThirdParty/FreeRTOS/tasks.o
 .text.prvResetNextTaskUnblockTime
                0x0800d6c8       0x38 ./ThirdParty/FreeRTOS/tasks.o
 .text.xTaskGetSchedulerState
                0x0800d700       0x3c ./ThirdParty/FreeRTOS/tasks.o
                0x0800d700                xTaskGetSchedulerState
 .text.xTaskPriorityDisinherit
                0x0800d73c       0xf8 ./ThirdParty/FreeRTOS/tasks.o
                0x0800d73c                xTaskPriorityDisinherit
 .text.xTaskGenericNotifyWait
                0x0800d834      0x100 ./ThirdParty/FreeRTOS/tasks.o
                0x0800d834                xTaskGenericNotifyWait
 .text.xTaskGenericNotify
                0x0800d934      0x1c8 ./ThirdParty/FreeRTOS/tasks.o
                0x0800d934                xTaskGenericNotify
 .text.xTaskGenericNotifyFromISR
                0x0800dafc      0x20c ./ThirdParty/FreeRTOS/tasks.o
                0x0800dafc                xTaskGenericNotifyFromISR
 .text.prvAddCurrentTaskToDelayedList
                0x0800dd08       0xcc ./ThirdParty/FreeRTOS/tasks.o
 .text.xTimerCreateTimerTask
                0x0800ddd4       0x68 ./ThirdParty/FreeRTOS/timers.o
                0x0800ddd4                xTimerCreateTimerTask
 .text.xTimerCreate
                0x0800de3c       0x42 ./ThirdParty/FreeRTOS/timers.o
                0x0800de3c                xTimerCreate
 .text.prvInitialiseNewTimer
                0x0800de7e       0x78 ./ThirdParty/FreeRTOS/timers.o
 *fill*         0x0800def6        0x2 
 .text.xTimerGenericCommand
                0x0800def8       0x9c ./ThirdParty/FreeRTOS/timers.o
                0x0800def8                xTimerGenericCommand
 .text.prvProcessExpiredTimer
                0x0800df94       0x9c ./ThirdParty/FreeRTOS/timers.o
 .text.prvTimerTask
                0x0800e030       0x26 ./ThirdParty/FreeRTOS/timers.o
 *fill*         0x0800e056        0x2 
 .text.prvProcessTimerOrBlockTask
                0x0800e058       0x9c ./ThirdParty/FreeRTOS/timers.o
 .text.prvGetNextExpireTime
                0x0800e0f4       0x48 ./ThirdParty/FreeRTOS/timers.o
 .text.prvSampleTimeNow
                0x0800e13c       0x40 ./ThirdParty/FreeRTOS/timers.o
 .text.prvInsertTimerInActiveList
                0x0800e17c       0x84 ./ThirdParty/FreeRTOS/timers.o
 .text.prvProcessReceivedCommands
                0x0800e200      0x194 ./ThirdParty/FreeRTOS/timers.o
 .text.prvSwitchTimerLists
                0x0800e394       0xcc ./ThirdParty/FreeRTOS/timers.o
 .text.prvCheckForValidListAndQueue
                0x0800e460       0x6c ./ThirdParty/FreeRTOS/timers.o
 .text.pxPortInitialiseStack
                0x0800e4cc       0x68 ./ThirdParty/FreeRTOS/portable/GCC/ARM_CM4F/port.o
                0x0800e4cc                pxPortInitialiseStack
 .text.prvTaskExitError
                0x0800e534       0x5c ./ThirdParty/FreeRTOS/portable/GCC/ARM_CM4F/port.o
 .text.SVC_Handler
                0x0800e590       0x28 ./ThirdParty/FreeRTOS/portable/GCC/ARM_CM4F/port.o
                0x0800e590                SVC_Handler
 .text.prvPortStartFirstTask
                0x0800e5b8       0x2c ./ThirdParty/FreeRTOS/portable/GCC/ARM_CM4F/port.o
 .text.xPortStartScheduler
                0x0800e5e4      0x148 ./ThirdParty/FreeRTOS/portable/GCC/ARM_CM4F/port.o
                0x0800e5e4                xPortStartScheduler
 .text.vPortEnterCritical
                0x0800e72c       0x64 ./ThirdParty/FreeRTOS/portable/GCC/ARM_CM4F/port.o
                0x0800e72c                vPortEnterCritical
 .text.vPortExitCritical
                0x0800e790       0x54 ./ThirdParty/FreeRTOS/portable/GCC/ARM_CM4F/port.o
                0x0800e790                vPortExitCritical
 *fill*         0x0800e7e4        0xc 
 .text.PendSV_Handler
                0x0800e7f0       0x68 ./ThirdParty/FreeRTOS/portable/GCC/ARM_CM4F/port.o
                0x0800e7f0                PendSV_Handler
 .text.SysTick_Handler
                0x0800e858       0x44 ./ThirdParty/FreeRTOS/portable/GCC/ARM_CM4F/port.o
                0x0800e858                SysTick_Handler
 .text.vPortSetupTimerInterrupt
                0x0800e89c       0x48 ./ThirdParty/FreeRTOS/portable/GCC/ARM_CM4F/port.o
                0x0800e89c                vPortSetupTimerInterrupt
 .text.vPortEnableVFP
                0x0800e8e4       0x18 ./ThirdParty/FreeRTOS/portable/GCC/ARM_CM4F/port.o
 .text.vPortValidateInterruptPriority
                0x0800e8fc       0x84 ./ThirdParty/FreeRTOS/portable/GCC/ARM_CM4F/port.o
                0x0800e8fc                vPortValidateInterruptPriority
 .text.pvPortMalloc
                0x0800e980      0x1c4 ./ThirdParty/FreeRTOS/portable/MemMang/heap_4.o
                0x0800e980                pvPortMalloc
 .text.vPortFree
                0x0800eb44       0xc8 ./ThirdParty/FreeRTOS/portable/MemMang/heap_4.o
                0x0800eb44                vPortFree
 .text.prvHeapInit
                0x0800ec0c       0xc4 ./ThirdParty/FreeRTOS/portable/MemMang/heap_4.o
 .text.prvInsertBlockIntoFreeList
                0x0800ecd0       0xb4 ./ThirdParty/FreeRTOS/portable/MemMang/heap_4.o
 .text.malloc   0x0800ed84       0x10 C:/ST/STM32CubeIDE_1.15.1/STM32CubeIDE/plugins/com.st.stm32cube.ide.mcu.externaltools.gnu-tools-for-stm32.12.3.rel1.win32_1.0.100.202403111256/tools/bin/../lib/gcc/arm-none-eabi/12.3.1/../../../../arm-none-eabi/lib/thumb/v7e-m+fp/hard\libc_nano.a(libc_a-malloc.o)
                0x0800ed84                malloc
 .text.free     0x0800ed94       0x10 C:/ST/STM32CubeIDE_1.15.1/STM32CubeIDE/plugins/com.st.stm32cube.ide.mcu.externaltools.gnu-tools-for-stm32.12.3.rel1.win32_1.0.100.202403111256/tools/bin/../lib/gcc/arm-none-eabi/12.3.1/../../../../arm-none-eabi/lib/thumb/v7e-m+fp/hard\libc_nano.a(libc_a-malloc.o)
                0x0800ed94                free
 .text.sbrk_aligned
                0x0800eda4       0x44 C:/ST/STM32CubeIDE_1.15.1/STM32CubeIDE/plugins/com.st.stm32cube.ide.mcu.externaltools.gnu-tools-for-stm32.12.3.rel1.win32_1.0.100.202403111256/tools/bin/../lib/gcc/arm-none-eabi/12.3.1/../../../../arm-none-eabi/lib/thumb/v7e-m+fp/hard\libc_nano.a(libc_a-mallocr.o)
 .text._malloc_r
                0x0800ede8      0x100 C:/ST/STM32CubeIDE_1.15.1/STM32CubeIDE/plugins/com.st.stm32cube.ide.mcu.externaltools.gnu-tools-for-stm32.12.3.rel1.win32_1.0.100.202403111256/tools/bin/../lib/gcc/arm-none-eabi/12.3.1/../../../../arm-none-eabi/lib/thumb/v7e-m+fp/hard\libc_nano.a(libc_a-mallocr.o)
                0x0800ede8                _malloc_r
 .text.__malloc_lock
                0x0800eee8        0xc C:/ST/STM32CubeIDE_1.15.1/STM32CubeIDE/plugins/com.st.stm32cube.ide.mcu.externaltools.gnu-tools-for-stm32.12.3.rel1.win32_1.0.100.202403111256/tools/bin/../lib/gcc/arm-none-eabi/12.3.1/../../../../arm-none-eabi/lib/thumb/v7e-m+fp/hard\libc_nano.a(libc_a-mlock.o)
                0x0800eee8                __malloc_lock
 .text.__malloc_unlock
                0x0800eef4        0xc C:/ST/STM32CubeIDE_1.15.1/STM32CubeIDE/plugins/com.st.stm32cube.ide.mcu.externaltools.gnu-tools-for-stm32.12.3.rel1.win32_1.0.100.202403111256/tools/bin/../lib/gcc/arm-none-eabi/12.3.1/../../../../arm-none-eabi/lib/thumb/v7e-m+fp/hard\libc_nano.a(libc_a-mlock.o)
                0x0800eef4                __malloc_unlock
 .text.__cvt    0x0800ef00       0xca C:/ST/STM32CubeIDE_1.15.1/STM32CubeIDE/plugins/com.st.stm32cube.ide.mcu.externaltools.gnu-tools-for-stm32.12.3.rel1.win32_1.0.100.202403111256/tools/bin/../lib/gcc/arm-none-eabi/12.3.1/../../../../arm-none-eabi/lib/thumb/v7e-m+fp/hard\libc_nano.a(libc_a-nano-vfprintf_float.o)
                0x0800ef00                __cvt
 .text.__exponent
                0x0800efca       0x74 C:/ST/STM32CubeIDE_1.15.1/STM32CubeIDE/plugins/com.st.stm32cube.ide.mcu.externaltools.gnu-tools-for-stm32.12.3.rel1.win32_1.0.100.202403111256/tools/bin/../lib/gcc/arm-none-eabi/12.3.1/../../../../arm-none-eabi/lib/thumb/v7e-m+fp/hard\libc_nano.a(libc_a-nano-vfprintf_float.o)
                0x0800efca                __exponent
 *fill*         0x0800f03e        0x2 
 .text._printf_float
                0x0800f040      0x454 C:/ST/STM32CubeIDE_1.15.1/STM32CubeIDE/plugins/com.st.stm32cube.ide.mcu.externaltools.gnu-tools-for-stm32.12.3.rel1.win32_1.0.100.202403111256/tools/bin/../lib/gcc/arm-none-eabi/12.3.1/../../../../arm-none-eabi/lib/thumb/v7e-m+fp/hard\libc_nano.a(libc_a-nano-vfprintf_float.o)
                0x0800f040                _printf_float
 .text._printf_common
                0x0800f494       0xda C:/ST/STM32CubeIDE_1.15.1/STM32CubeIDE/plugins/com.st.stm32cube.ide.mcu.externaltools.gnu-tools-for-stm32.12.3.rel1.win32_1.0.100.202403111256/tools/bin/../lib/gcc/arm-none-eabi/12.3.1/../../../../arm-none-eabi/lib/thumb/v7e-m+fp/hard\libc_nano.a(libc_a-nano-vfprintf_i.o)
                0x0800f494                _printf_common
 *fill*         0x0800f56e        0x2 
 .text._printf_i
                0x0800f570      0x240 C:/ST/STM32CubeIDE_1.15.1/STM32CubeIDE/plugins/com.st.stm32cube.ide.mcu.externaltools.gnu-tools-for-stm32.12.3.rel1.win32_1.0.100.202403111256/tools/bin/../lib/gcc/arm-none-eabi/12.3.1/../../../../arm-none-eabi/lib/thumb/v7e-m+fp/hard\libc_nano.a(libc_a-nano-vfprintf_i.o)
                0x0800f570                _printf_i
 .text.std      0x0800f7b0       0x6c C:/ST/STM32CubeIDE_1.15.1/STM32CubeIDE/plugins/com.st.stm32cube.ide.mcu.externaltools.gnu-tools-for-stm32.12.3.rel1.win32_1.0.100.202403111256/tools/bin/../lib/gcc/arm-none-eabi/12.3.1/../../../../arm-none-eabi/lib/thumb/v7e-m+fp/hard\libc_nano.a(libc_a-findfp.o)
 .text.stdio_exit_handler
                0x0800f81c       0x18 C:/ST/STM32CubeIDE_1.15.1/STM32CubeIDE/plugins/com.st.stm32cube.ide.mcu.externaltools.gnu-tools-for-stm32.12.3.rel1.win32_1.0.100.202403111256/tools/bin/../lib/gcc/arm-none-eabi/12.3.1/../../../../arm-none-eabi/lib/thumb/v7e-m+fp/hard\libc_nano.a(libc_a-findfp.o)
 .text.cleanup_stdio
                0x0800f834       0x40 C:/ST/STM32CubeIDE_1.15.1/STM32CubeIDE/plugins/com.st.stm32cube.ide.mcu.externaltools.gnu-tools-for-stm32.12.3.rel1.win32_1.0.100.202403111256/tools/bin/../lib/gcc/arm-none-eabi/12.3.1/../../../../arm-none-eabi/lib/thumb/v7e-m+fp/hard\libc_nano.a(libc_a-findfp.o)
 .text.global_stdio_init.part.0
                0x0800f874       0x3c C:/ST/STM32CubeIDE_1.15.1/STM32CubeIDE/plugins/com.st.stm32cube.ide.mcu.externaltools.gnu-tools-for-stm32.12.3.rel1.win32_1.0.100.202403111256/tools/bin/../lib/gcc/arm-none-eabi/12.3.1/../../../../arm-none-eabi/lib/thumb/v7e-m+fp/hard\libc_nano.a(libc_a-findfp.o)
 .text.__sfp_lock_acquire
                0x0800f8b0        0xc C:/ST/STM32CubeIDE_1.15.1/STM32CubeIDE/plugins/com.st.stm32cube.ide.mcu.externaltools.gnu-tools-for-stm32.12.3.rel1.win32_1.0.100.202403111256/tools/bin/../lib/gcc/arm-none-eabi/12.3.1/../../../../arm-none-eabi/lib/thumb/v7e-m+fp/hard\libc_nano.a(libc_a-findfp.o)
                0x0800f8b0                __sfp_lock_acquire
 .text.__sfp_lock_release
                0x0800f8bc        0xc C:/ST/STM32CubeIDE_1.15.1/STM32CubeIDE/plugins/com.st.stm32cube.ide.mcu.externaltools.gnu-tools-for-stm32.12.3.rel1.win32_1.0.100.202403111256/tools/bin/../lib/gcc/arm-none-eabi/12.3.1/../../../../arm-none-eabi/lib/thumb/v7e-m+fp/hard\libc_nano.a(libc_a-findfp.o)
                0x0800f8bc                __sfp_lock_release
 .text.__sinit  0x0800f8c8       0x30 C:/ST/STM32CubeIDE_1.15.1/STM32CubeIDE/plugins/com.st.stm32cube.ide.mcu.externaltools.gnu-tools-for-stm32.12.3.rel1.win32_1.0.100.202403111256/tools/bin/../lib/gcc/arm-none-eabi/12.3.1/../../../../arm-none-eabi/lib/thumb/v7e-m+fp/hard\libc_nano.a(libc_a-findfp.o)
                0x0800f8c8                __sinit
 .text._fwalk_sglue
                0x0800f8f8       0x3c C:/ST/STM32CubeIDE_1.15.1/STM32CubeIDE/plugins/com.st.stm32cube.ide.mcu.externaltools.gnu-tools-for-stm32.12.3.rel1.win32_1.0.100.202403111256/tools/bin/../lib/gcc/arm-none-eabi/12.3.1/../../../../arm-none-eabi/lib/thumb/v7e-m+fp/hard\libc_nano.a(libc_a-fwalk.o)
                0x0800f8f8                _fwalk_sglue
 .text.sprintf  0x0800f934       0x40 C:/ST/STM32CubeIDE_1.15.1/STM32CubeIDE/plugins/com.st.stm32cube.ide.mcu.externaltools.gnu-tools-for-stm32.12.3.rel1.win32_1.0.100.202403111256/tools/bin/../lib/gcc/arm-none-eabi/12.3.1/../../../../arm-none-eabi/lib/thumb/v7e-m+fp/hard\libc_nano.a(libc_a-sprintf.o)
                0x0800f934                siprintf
                0x0800f934                sprintf
 .text.sscanf   0x0800f974       0x54 C:/ST/STM32CubeIDE_1.15.1/STM32CubeIDE/plugins/com.st.stm32cube.ide.mcu.externaltools.gnu-tools-for-stm32.12.3.rel1.win32_1.0.100.202403111256/tools/bin/../lib/gcc/arm-none-eabi/12.3.1/../../../../arm-none-eabi/lib/thumb/v7e-m+fp/hard\libc_nano.a(libc_a-sscanf.o)
                0x0800f974                siscanf
                0x0800f974                sscanf
 .text.__sread  0x0800f9c8       0x22 C:/ST/STM32CubeIDE_1.15.1/STM32CubeIDE/plugins/com.st.stm32cube.ide.mcu.externaltools.gnu-tools-for-stm32.12.3.rel1.win32_1.0.100.202403111256/tools/bin/../lib/gcc/arm-none-eabi/12.3.1/../../../../arm-none-eabi/lib/thumb/v7e-m+fp/hard\libc_nano.a(libc_a-stdio.o)
                0x0800f9c8                __sread
 .text.__seofread
                0x0800f9ea        0x4 C:/ST/STM32CubeIDE_1.15.1/STM32CubeIDE/plugins/com.st.stm32cube.ide.mcu.externaltools.gnu-tools-for-stm32.12.3.rel1.win32_1.0.100.202403111256/tools/bin/../lib/gcc/arm-none-eabi/12.3.1/../../../../arm-none-eabi/lib/thumb/v7e-m+fp/hard\libc_nano.a(libc_a-stdio.o)
                0x0800f9ea                __seofread
 .text.__swrite
                0x0800f9ee       0x38 C:/ST/STM32CubeIDE_1.15.1/STM32CubeIDE/plugins/com.st.stm32cube.ide.mcu.externaltools.gnu-tools-for-stm32.12.3.rel1.win32_1.0.100.202403111256/tools/bin/../lib/gcc/arm-none-eabi/12.3.1/../../../../arm-none-eabi/lib/thumb/v7e-m+fp/hard\libc_nano.a(libc_a-stdio.o)
                0x0800f9ee                __swrite
 .text.__sseek  0x0800fa26       0x24 C:/ST/STM32CubeIDE_1.15.1/STM32CubeIDE/plugins/com.st.stm32cube.ide.mcu.externaltools.gnu-tools-for-stm32.12.3.rel1.win32_1.0.100.202403111256/tools/bin/../lib/gcc/arm-none-eabi/12.3.1/../../../../arm-none-eabi/lib/thumb/v7e-m+fp/hard\libc_nano.a(libc_a-stdio.o)
                0x0800fa26                __sseek
 .text.__sclose
                0x0800fa4a        0x8 C:/ST/STM32CubeIDE_1.15.1/STM32CubeIDE/plugins/com.st.stm32cube.ide.mcu.externaltools.gnu-tools-for-stm32.12.3.rel1.win32_1.0.100.202403111256/tools/bin/../lib/gcc/arm-none-eabi/12.3.1/../../../../arm-none-eabi/lib/thumb/v7e-m+fp/hard\libc_nano.a(libc_a-stdio.o)
                0x0800fa4a                __sclose
 .text.memset   0x0800fa52       0x10 C:/ST/STM32CubeIDE_1.15.1/STM32CubeIDE/plugins/com.st.stm32cube.ide.mcu.externaltools.gnu-tools-for-stm32.12.3.rel1.win32_1.0.100.202403111256/tools/bin/../lib/gcc/arm-none-eabi/12.3.1/../../../../arm-none-eabi/lib/thumb/v7e-m+fp/hard\libc_nano.a(libc_a-memset.o)
                0x0800fa52                memset
 *fill*         0x0800fa62        0x2 
 .text._localeconv_r
                0x0800fa64        0x8 C:/ST/STM32CubeIDE_1.15.1/STM32CubeIDE/plugins/com.st.stm32cube.ide.mcu.externaltools.gnu-tools-for-stm32.12.3.rel1.win32_1.0.100.202403111256/tools/bin/../lib/gcc/arm-none-eabi/12.3.1/../../../../arm-none-eabi/lib/thumb/v7e-m+fp/hard\libc_nano.a(libc_a-localeconv.o)
                0x0800fa64                _localeconv_r
 .text._close_r
                0x0800fa6c       0x20 C:/ST/STM32CubeIDE_1.15.1/STM32CubeIDE/plugins/com.st.stm32cube.ide.mcu.externaltools.gnu-tools-for-stm32.12.3.rel1.win32_1.0.100.202403111256/tools/bin/../lib/gcc/arm-none-eabi/12.3.1/../../../../arm-none-eabi/lib/thumb/v7e-m+fp/hard\libc_nano.a(libc_a-closer.o)
                0x0800fa6c                _close_r
 .text._lseek_r
                0x0800fa8c       0x24 C:/ST/STM32CubeIDE_1.15.1/STM32CubeIDE/plugins/com.st.stm32cube.ide.mcu.externaltools.gnu-tools-for-stm32.12.3.rel1.win32_1.0.100.202403111256/tools/bin/../lib/gcc/arm-none-eabi/12.3.1/../../../../arm-none-eabi/lib/thumb/v7e-m+fp/hard\libc_nano.a(libc_a-lseekr.o)
                0x0800fa8c                _lseek_r
 .text._read_r  0x0800fab0       0x24 C:/ST/STM32CubeIDE_1.15.1/STM32CubeIDE/plugins/com.st.stm32cube.ide.mcu.externaltools.gnu-tools-for-stm32.12.3.rel1.win32_1.0.100.202403111256/tools/bin/../lib/gcc/arm-none-eabi/12.3.1/../../../../arm-none-eabi/lib/thumb/v7e-m+fp/hard\libc_nano.a(libc_a-readr.o)
                0x0800fab0                _read_r
 .text._sbrk_r  0x0800fad4       0x20 C:/ST/STM32CubeIDE_1.15.1/STM32CubeIDE/plugins/com.st.stm32cube.ide.mcu.externaltools.gnu-tools-for-stm32.12.3.rel1.win32_1.0.100.202403111256/tools/bin/../lib/gcc/arm-none-eabi/12.3.1/../../../../arm-none-eabi/lib/thumb/v7e-m+fp/hard\libc_nano.a(libc_a-sbrkr.o)
                0x0800fad4                _sbrk_r
 .text._write_r
                0x0800faf4       0x24 C:/ST/STM32CubeIDE_1.15.1/STM32CubeIDE/plugins/com.st.stm32cube.ide.mcu.externaltools.gnu-tools-for-stm32.12.3.rel1.win32_1.0.100.202403111256/tools/bin/../lib/gcc/arm-none-eabi/12.3.1/../../../../arm-none-eabi/lib/thumb/v7e-m+fp/hard\libc_nano.a(libc_a-writer.o)
                0x0800faf4                _write_r
 .text.__errno  0x0800fb18        0xc C:/ST/STM32CubeIDE_1.15.1/STM32CubeIDE/plugins/com.st.stm32cube.ide.mcu.externaltools.gnu-tools-for-stm32.12.3.rel1.win32_1.0.100.202403111256/tools/bin/../lib/gcc/arm-none-eabi/12.3.1/../../../../arm-none-eabi/lib/thumb/v7e-m+fp/hard\libc_nano.a(libc_a-errno.o)
                0x0800fb18                __errno
 .text.__libc_init_array
                0x0800fb24       0x48 C:/ST/STM32CubeIDE_1.15.1/STM32CubeIDE/plugins/com.st.stm32cube.ide.mcu.externaltools.gnu-tools-for-stm32.12.3.rel1.win32_1.0.100.202403111256/tools/bin/../lib/gcc/arm-none-eabi/12.3.1/../../../../arm-none-eabi/lib/thumb/v7e-m+fp/hard\libc_nano.a(libc_a-init.o)
                0x0800fb24                __libc_init_array
 .text.__retarget_lock_init_recursive
                0x0800fb6c        0x2 C:/ST/STM32CubeIDE_1.15.1/STM32CubeIDE/plugins/com.st.stm32cube.ide.mcu.externaltools.gnu-tools-for-stm32.12.3.rel1.win32_1.0.100.202403111256/tools/bin/../lib/gcc/arm-none-eabi/12.3.1/../../../../arm-none-eabi/lib/thumb/v7e-m+fp/hard\libc_nano.a(libc_a-lock.o)
                0x0800fb6c                __retarget_lock_init_recursive
 .text.__retarget_lock_acquire_recursive
                0x0800fb6e        0x2 C:/ST/STM32CubeIDE_1.15.1/STM32CubeIDE/plugins/com.st.stm32cube.ide.mcu.externaltools.gnu-tools-for-stm32.12.3.rel1.win32_1.0.100.202403111256/tools/bin/../lib/gcc/arm-none-eabi/12.3.1/../../../../arm-none-eabi/lib/thumb/v7e-m+fp/hard\libc_nano.a(libc_a-lock.o)
                0x0800fb6e                __retarget_lock_acquire_recursive
 .text.__retarget_lock_release_recursive
                0x0800fb70        0x2 C:/ST/STM32CubeIDE_1.15.1/STM32CubeIDE/plugins/com.st.stm32cube.ide.mcu.externaltools.gnu-tools-for-stm32.12.3.rel1.win32_1.0.100.202403111256/tools/bin/../lib/gcc/arm-none-eabi/12.3.1/../../../../arm-none-eabi/lib/thumb/v7e-m+fp/hard\libc_nano.a(libc_a-lock.o)
                0x0800fb70                __retarget_lock_release_recursive
 .text.memcpy   0x0800fb72       0x1c C:/ST/STM32CubeIDE_1.15.1/STM32CubeIDE/plugins/com.st.stm32cube.ide.mcu.externaltools.gnu-tools-for-stm32.12.3.rel1.win32_1.0.100.202403111256/tools/bin/../lib/gcc/arm-none-eabi/12.3.1/../../../../arm-none-eabi/lib/thumb/v7e-m+fp/hard\libc_nano.a(libc_a-memcpy-stub.o)
                0x0800fb72                memcpy
 .text.quorem   0x0800fb8e      0x110 C:/ST/STM32CubeIDE_1.15.1/STM32CubeIDE/plugins/com.st.stm32cube.ide.mcu.externaltools.gnu-tools-for-stm32.12.3.rel1.win32_1.0.100.202403111256/tools/bin/../lib/gcc/arm-none-eabi/12.3.1/../../../../arm-none-eabi/lib/thumb/v7e-m+fp/hard\libc_nano.a(libc_a-dtoa.o)
 *fill*         0x0800fc9e        0x2 
 .text._dtoa_r  0x0800fca0      0xb88 C:/ST/STM32CubeIDE_1.15.1/STM32CubeIDE/plugins/com.st.stm32cube.ide.mcu.externaltools.gnu-tools-for-stm32.12.3.rel1.win32_1.0.100.202403111256/tools/bin/../lib/gcc/arm-none-eabi/12.3.1/../../../../arm-none-eabi/lib/thumb/v7e-m+fp/hard\libc_nano.a(libc_a-dtoa.o)
                0x0800fca0                _dtoa_r
 .text._free_r  0x08010828       0x94 C:/ST/STM32CubeIDE_1.15.1/STM32CubeIDE/plugins/com.st.stm32cube.ide.mcu.externaltools.gnu-tools-for-stm32.12.3.rel1.win32_1.0.100.202403111256/tools/bin/../lib/gcc/arm-none-eabi/12.3.1/../../../../arm-none-eabi/lib/thumb/v7e-m+fp/hard\libc_nano.a(libc_a-freer.o)
                0x08010828                _free_r
 .text._Balloc  0x080108bc       0x80 C:/ST/STM32CubeIDE_1.15.1/STM32CubeIDE/plugins/com.st.stm32cube.ide.mcu.externaltools.gnu-tools-for-stm32.12.3.rel1.win32_1.0.100.202403111256/tools/bin/../lib/gcc/arm-none-eabi/12.3.1/../../../../arm-none-eabi/lib/thumb/v7e-m+fp/hard\libc_nano.a(libc_a-mprec.o)
                0x080108bc                _Balloc
 .text._Bfree   0x0801093c       0x44 C:/ST/STM32CubeIDE_1.15.1/STM32CubeIDE/plugins/com.st.stm32cube.ide.mcu.externaltools.gnu-tools-for-stm32.12.3.rel1.win32_1.0.100.202403111256/tools/bin/../lib/gcc/arm-none-eabi/12.3.1/../../../../arm-none-eabi/lib/thumb/v7e-m+fp/hard\libc_nano.a(libc_a-mprec.o)
                0x0801093c                _Bfree
 .text.__multadd
                0x08010980       0x8c C:/ST/STM32CubeIDE_1.15.1/STM32CubeIDE/plugins/com.st.stm32cube.ide.mcu.externaltools.gnu-tools-for-stm32.12.3.rel1.win32_1.0.100.202403111256/tools/bin/../lib/gcc/arm-none-eabi/12.3.1/../../../../arm-none-eabi/lib/thumb/v7e-m+fp/hard\libc_nano.a(libc_a-mprec.o)
                0x08010980                __multadd
 .text.__hi0bits
                0x08010a0c       0x3e C:/ST/STM32CubeIDE_1.15.1/STM32CubeIDE/plugins/com.st.stm32cube.ide.mcu.externaltools.gnu-tools-for-stm32.12.3.rel1.win32_1.0.100.202403111256/tools/bin/../lib/gcc/arm-none-eabi/12.3.1/../../../../arm-none-eabi/lib/thumb/v7e-m+fp/hard\libc_nano.a(libc_a-mprec.o)
                0x08010a0c                __hi0bits
 .text.__lo0bits
                0x08010a4a       0x5a C:/ST/STM32CubeIDE_1.15.1/STM32CubeIDE/plugins/com.st.stm32cube.ide.mcu.externaltools.gnu-tools-for-stm32.12.3.rel1.win32_1.0.100.202403111256/tools/bin/../lib/gcc/arm-none-eabi/12.3.1/../../../../arm-none-eabi/lib/thumb/v7e-m+fp/hard\libc_nano.a(libc_a-mprec.o)
                0x08010a4a                __lo0bits
 .text.__i2b    0x08010aa4       0x2c C:/ST/STM32CubeIDE_1.15.1/STM32CubeIDE/plugins/com.st.stm32cube.ide.mcu.externaltools.gnu-tools-for-stm32.12.3.rel1.win32_1.0.100.202403111256/tools/bin/../lib/gcc/arm-none-eabi/12.3.1/../../../../arm-none-eabi/lib/thumb/v7e-m+fp/hard\libc_nano.a(libc_a-mprec.o)
                0x08010aa4                __i2b
 .text.__multiply
                0x08010ad0      0x154 C:/ST/STM32CubeIDE_1.15.1/STM32CubeIDE/plugins/com.st.stm32cube.ide.mcu.externaltools.gnu-tools-for-stm32.12.3.rel1.win32_1.0.100.202403111256/tools/bin/../lib/gcc/arm-none-eabi/12.3.1/../../../../arm-none-eabi/lib/thumb/v7e-m+fp/hard\libc_nano.a(libc_a-mprec.o)
                0x08010ad0                __multiply
 .text.__pow5mult
                0x08010c24       0xb4 C:/ST/STM32CubeIDE_1.15.1/STM32CubeIDE/plugins/com.st.stm32cube.ide.mcu.externaltools.gnu-tools-for-stm32.12.3.rel1.win32_1.0.100.202403111256/tools/bin/../lib/gcc/arm-none-eabi/12.3.1/../../../../arm-none-eabi/lib/thumb/v7e-m+fp/hard\libc_nano.a(libc_a-mprec.o)
                0x08010c24                __pow5mult
 .text.__lshift
                0x08010cd8       0xd8 C:/ST/STM32CubeIDE_1.15.1/STM32CubeIDE/plugins/com.st.stm32cube.ide.mcu.externaltools.gnu-tools-for-stm32.12.3.rel1.win32_1.0.100.202403111256/tools/bin/../lib/gcc/arm-none-eabi/12.3.1/../../../../arm-none-eabi/lib/thumb/v7e-m+fp/hard\libc_nano.a(libc_a-mprec.o)
                0x08010cd8                __lshift
 .text.__mcmp   0x08010db0       0x36 C:/ST/STM32CubeIDE_1.15.1/STM32CubeIDE/plugins/com.st.stm32cube.ide.mcu.externaltools.gnu-tools-for-stm32.12.3.rel1.win32_1.0.100.202403111256/tools/bin/../lib/gcc/arm-none-eabi/12.3.1/../../../../arm-none-eabi/lib/thumb/v7e-m+fp/hard\libc_nano.a(libc_a-mprec.o)
                0x08010db0                __mcmp
 *fill*         0x08010de6        0x2 
 .text.__mdiff  0x08010de8      0x128 C:/ST/STM32CubeIDE_1.15.1/STM32CubeIDE/plugins/com.st.stm32cube.ide.mcu.externaltools.gnu-tools-for-stm32.12.3.rel1.win32_1.0.100.202403111256/tools/bin/../lib/gcc/arm-none-eabi/12.3.1/../../../../arm-none-eabi/lib/thumb/v7e-m+fp/hard\libc_nano.a(libc_a-mprec.o)
                0x08010de8                __mdiff
 .text.__d2b    0x08010f10       0xb0 C:/ST/STM32CubeIDE_1.15.1/STM32CubeIDE/plugins/com.st.stm32cube.ide.mcu.externaltools.gnu-tools-for-stm32.12.3.rel1.win32_1.0.100.202403111256/tools/bin/../lib/gcc/arm-none-eabi/12.3.1/../../../../arm-none-eabi/lib/thumb/v7e-m+fp/hard\libc_nano.a(libc_a-mprec.o)
                0x08010f10                __d2b
 .text.__ssputs_r
                0x08010fc0       0xb6 C:/ST/STM32CubeIDE_1.15.1/STM32CubeIDE/plugins/com.st.stm32cube.ide.mcu.externaltools.gnu-tools-for-stm32.12.3.rel1.win32_1.0.100.202403111256/tools/bin/../lib/gcc/arm-none-eabi/12.3.1/../../../../arm-none-eabi/lib/thumb/v7e-m+fp/hard\libc_nano.a(libc_a-nano-svfprintf.o)
                0x08010fc0                __ssputs_r
 *fill*         0x08011076        0x2 
 .text._svfprintf_r
                0x08011078      0x1f8 C:/ST/STM32CubeIDE_1.15.1/STM32CubeIDE/plugins/com.st.stm32cube.ide.mcu.externaltools.gnu-tools-for-stm32.12.3.rel1.win32_1.0.100.202403111256/tools/bin/../lib/gcc/arm-none-eabi/12.3.1/../../../../arm-none-eabi/lib/thumb/v7e-m+fp/hard\libc_nano.a(libc_a-nano-svfprintf.o)
                0x08011078                _svfiprintf_r
                0x08011078                _svfprintf_r
 .text._sungetc_r
                0x08011270       0x76 C:/ST/STM32CubeIDE_1.15.1/STM32CubeIDE/plugins/com.st.stm32cube.ide.mcu.externaltools.gnu-tools-for-stm32.12.3.rel1.win32_1.0.100.202403111256/tools/bin/../lib/gcc/arm-none-eabi/12.3.1/../../../../arm-none-eabi/lib/thumb/v7e-m+fp/hard\libc_nano.a(libc_a-nano-svfscanf.o)
                0x08011270                _sungetc_r
 .text.__ssrefill_r
                0x080112e6       0x3a C:/ST/STM32CubeIDE_1.15.1/STM32CubeIDE/plugins/com.st.stm32cube.ide.mcu.externaltools.gnu-tools-for-stm32.12.3.rel1.win32_1.0.100.202403111256/tools/bin/../lib/gcc/arm-none-eabi/12.3.1/../../../../arm-none-eabi/lib/thumb/v7e-m+fp/hard\libc_nano.a(libc_a-nano-svfscanf.o)
                0x080112e6                __ssrefill_r
 .text.__ssvfscanf_r
                0x08011320      0x2e8 C:/ST/STM32CubeIDE_1.15.1/STM32CubeIDE/plugins/com.st.stm32cube.ide.mcu.externaltools.gnu-tools-for-stm32.12.3.rel1.win32_1.0.100.202403111256/tools/bin/../lib/gcc/arm-none-eabi/12.3.1/../../../../arm-none-eabi/lib/thumb/v7e-m+fp/hard\libc_nano.a(libc_a-nano-svfscanf.o)
                0x08011320                __ssvfiscanf_r
                0x08011320                __ssvfscanf_r
 .text._scanf_chars
                0x08011608       0xb4 C:/ST/STM32CubeIDE_1.15.1/STM32CubeIDE/plugins/com.st.stm32cube.ide.mcu.externaltools.gnu-tools-for-stm32.12.3.rel1.win32_1.0.100.202403111256/tools/bin/../lib/gcc/arm-none-eabi/12.3.1/../../../../arm-none-eabi/lib/thumb/v7e-m+fp/hard\libc_nano.a(libc_a-nano-vfscanf_i.o)
                0x08011608                _scanf_chars
 .text._scanf_i
                0x080116bc      0x1e8 C:/ST/STM32CubeIDE_1.15.1/STM32CubeIDE/plugins/com.st.stm32cube.ide.mcu.externaltools.gnu-tools-for-stm32.12.3.rel1.win32_1.0.100.202403111256/tools/bin/../lib/gcc/arm-none-eabi/12.3.1/../../../../arm-none-eabi/lib/thumb/v7e-m+fp/hard\libc_nano.a(libc_a-nano-vfscanf_i.o)
                0x080116bc                _scanf_i
 .text.__sflush_r
                0x080118a4      0x108 C:/ST/STM32CubeIDE_1.15.1/STM32CubeIDE/plugins/com.st.stm32cube.ide.mcu.externaltools.gnu-tools-for-stm32.12.3.rel1.win32_1.0.100.202403111256/tools/bin/../lib/gcc/arm-none-eabi/12.3.1/../../../../arm-none-eabi/lib/thumb/v7e-m+fp/hard\libc_nano.a(libc_a-fflush.o)
                0x080118a4                __sflush_r
 .text._fflush_r
                0x080119ac       0x50 C:/ST/STM32CubeIDE_1.15.1/STM32CubeIDE/plugins/com.st.stm32cube.ide.mcu.externaltools.gnu-tools-for-stm32.12.3.rel1.win32_1.0.100.202403111256/tools/bin/../lib/gcc/arm-none-eabi/12.3.1/../../../../arm-none-eabi/lib/thumb/v7e-m+fp/hard\libc_nano.a(libc_a-fflush.o)
                0x080119ac                _fflush_r
 .text.__sccl   0x080119fc       0x72 C:/ST/STM32CubeIDE_1.15.1/STM32CubeIDE/plugins/com.st.stm32cube.ide.mcu.externaltools.gnu-tools-for-stm32.12.3.rel1.win32_1.0.100.202403111256/tools/bin/../lib/gcc/arm-none-eabi/12.3.1/../../../../arm-none-eabi/lib/thumb/v7e-m+fp/hard\libc_nano.a(libc_a-sccl.o)
                0x080119fc                __sccl
 .text.__submore
                0x08011a6e       0x74 C:/ST/STM32CubeIDE_1.15.1/STM32CubeIDE/plugins/com.st.stm32cube.ide.mcu.externaltools.gnu-tools-for-stm32.12.3.rel1.win32_1.0.100.202403111256/tools/bin/../lib/gcc/arm-none-eabi/12.3.1/../../../../arm-none-eabi/lib/thumb/v7e-m+fp/hard\libc_nano.a(libc_a-ungetc.o)
                0x08011a6e                __submore
 .text.memmove  0x08011ae2       0x34 C:/ST/STM32CubeIDE_1.15.1/STM32CubeIDE/plugins/com.st.stm32cube.ide.mcu.externaltools.gnu-tools-for-stm32.12.3.rel1.win32_1.0.100.202403111256/tools/bin/../lib/gcc/arm-none-eabi/12.3.1/../../../../arm-none-eabi/lib/thumb/v7e-m+fp/hard\libc_nano.a(libc_a-memmove.o)
                0x08011ae2                memmove
 *fill*         0x08011b16        0x2 
 .text.__assert_func
                0x08011b18       0x3c C:/ST/STM32CubeIDE_1.15.1/STM32CubeIDE/plugins/com.st.stm32cube.ide.mcu.externaltools.gnu-tools-for-stm32.12.3.rel1.win32_1.0.100.202403111256/tools/bin/../lib/gcc/arm-none-eabi/12.3.1/../../../../arm-none-eabi/lib/thumb/v7e-m+fp/hard\libc_nano.a(libc_a-assert.o)
                0x08011b18                __assert_func
 .text._calloc_r
                0x08011b54       0x28 C:/ST/STM32CubeIDE_1.15.1/STM32CubeIDE/plugins/com.st.stm32cube.ide.mcu.externaltools.gnu-tools-for-stm32.12.3.rel1.win32_1.0.100.202403111256/tools/bin/../lib/gcc/arm-none-eabi/12.3.1/../../../../arm-none-eabi/lib/thumb/v7e-m+fp/hard\libc_nano.a(libc_a-callocr.o)
                0x08011b54                _calloc_r
 .text.__ascii_mbtowc