Archive member included to satisfy reference by file (symbol)

C:/ST/STM32CubeIDE_1.15.1/STM32CubeIDE/plugins/com.st.stm32cube.ide.mcu.externaltools.gnu-tools-for-stm32.12.3.rel1.win32_1.0.100.202403111256/tools/bin/../lib/gcc/arm-none-eabi/12.3.1/../../../../arm-none-eabi/lib/thumb/v7e-m+fp/hard\libc_nano.a(libc_a-exit.o)
                              C:/ST/STM32CubeIDE_1.15.1/STM32CubeIDE/plugins/com.st.stm32cube.ide.mcu.externaltools.gnu-tools-for-stm32.12.3.rel1.win32_1.0.100.202403111256/tools/bin/../lib/gcc/arm-none-eabi/12.3.1/../../../../arm-none-eabi/lib/thumb/v7e-m+fp/hard/crt0.o (exit)
C:/ST/STM32CubeIDE_1.15.1/STM32CubeIDE/plugins/com.st.stm32cube.ide.mcu.externaltools.gnu-tools-for-stm32.12.3.rel1.win32_1.0.100.202403111256/tools/bin/../lib/gcc/arm-none-eabi/12.3.1/../../../../arm-none-eabi/lib/thumb/v7e-m+fp/hard\libc_nano.a(libc_a-malloc.o)
                              ./Middlewares/Third_Party/FatFs/src/option/syscall.o (malloc)
C:/ST/STM32CubeIDE_1.15.1/STM32CubeIDE/plugins/com.st.stm32cube.ide.mcu.externaltools.gnu-tools-for-stm32.12.3.rel1.win32_1.0.100.202403111256/tools/bin/../lib/gcc/arm-none-eabi/12.3.1/../../../../arm-none-eabi/lib/thumb/v7e-m+fp/hard\libc_nano.a(libc_a-mallocr.o)
                              C:/ST/STM32CubeIDE_1.15.1/STM32CubeIDE/plugins/com.st.stm32cube.ide.mcu.externaltools.gnu-tools-for-stm32.12.3.rel1.win32_1.0.100.202403111256/tools/bin/../lib/gcc/arm-none-eabi/12.3.1/../../../../arm-none-eabi/lib/thumb/v7e-m+fp/hard\libc_nano.a(libc_a-malloc.o) (_malloc_r)
C:/ST/STM32CubeIDE_1.15.1/STM32CubeIDE/plugins/com.st.stm32cube.ide.mcu.externaltools.gnu-tools-for-stm32.12.3.rel1.win32_1.0.100.202403111256/tools/bin/../lib/gcc/arm-none-eabi/12.3.1/../../../../arm-none-eabi/lib/thumb/v7e-m+fp/hard\libc_nano.a(libc_a-mlock.o)
                              C:/ST/STM32CubeIDE_1.15.1/STM32CubeIDE/plugins/com.st.stm32cube.ide.mcu.externaltools.gnu-tools-for-stm32.12.3.rel1.win32_1.0.100.202403111256/tools/bin/../lib/gcc/arm-none-eabi/12.3.1/../../../../arm-none-eabi/lib/thumb/v7e-m+fp/hard\libc_nano.a(libc_a-mallocr.o) (__malloc_lock)
C:/ST/STM32CubeIDE_1.15.1/STM32CubeIDE/plugins/com.st.stm32cube.ide.mcu.externaltools.gnu-tools-for-stm32.12.3.rel1.win32_1.0.100.202403111256/tools/bin/../lib/gcc/arm-none-eabi/12.3.1/../../../../arm-none-eabi/lib/thumb/v7e-m+fp/hard\libc_nano.a(libc_a-findfp.o)
                              C:/ST/STM32CubeIDE_1.15.1/STM32CubeIDE/plugins/com.st.stm32cube.ide.mcu.externaltools.gnu-tools-for-stm32.12.3.rel1.win32_1.0.100.202403111256/tools/bin/../lib/gcc/arm-none-eabi/12.3.1/../../../../arm-none-eabi/lib/thumb/v7e-m+fp/hard\libc_nano.a(libc_a-exit.o) (__stdio_exit_handler)
C:/ST/STM32CubeIDE_1.15.1/STM32CubeIDE/plugins/com.st.stm32cube.ide.mcu.externaltools.gnu-tools-for-stm32.12.3.rel1.win32_1.0.100.202403111256/tools/bin/../lib/gcc/arm-none-eabi/12.3.1/../../../../arm-none-eabi/lib/thumb/v7e-m+fp/hard\libc_nano.a(libc_a-fwalk.o)
                              C:/ST/STM32CubeIDE_1.15.1/STM32CubeIDE/plugins/com.st.stm32cube.ide.mcu.externaltools.gnu-tools-for-stm32.12.3.rel1.win32_1.0.100.202403111256/tools/bin/../lib/gcc/arm-none-eabi/12.3.1/../../../../arm-none-eabi/lib/thumb/v7e-m+fp/hard\libc_nano.a(libc_a-findfp.o) (_fwalk_sglue)
C:/ST/STM32CubeIDE_1.15.1/STM32CubeIDE/plugins/com.st.stm32cube.ide.mcu.externaltools.gnu-tools-for-stm32.12.3.rel1.win32_1.0.100.202403111256/tools/bin/../lib/gcc/arm-none-eabi/12.3.1/../../../../arm-none-eabi/lib/thumb/v7e-m+fp/hard\libc_nano.a(libc_a-sprintf.o)
                              ./Core/Src/bl_cmd_process.o (sprintf)
C:/ST/STM32CubeIDE_1.15.1/STM32CubeIDE/plugins/com.st.stm32cube.ide.mcu.externaltools.gnu-tools-for-stm32.12.3.rel1.win32_1.0.100.202403111256/tools/bin/../lib/gcc/arm-none-eabi/12.3.1/../../../../arm-none-eabi/lib/thumb/v7e-m+fp/hard\libc_nano.a(libc_a-sscanf.o)
                              ./Core/Src/task_handler.o (sscanf)
C:/ST/STM32CubeIDE_1.15.1/STM32CubeIDE/plugins/com.st.stm32cube.ide.mcu.externaltools.gnu-tools-for-stm32.12.3.rel1.win32_1.0.100.202403111256/tools/bin/../lib/gcc/arm-none-eabi/12.3.1/../../../../arm-none-eabi/lib/thumb/v7e-m+fp/hard\libc_nano.a(libc_a-stdio.o)
                              C:/ST/STM32CubeIDE_1.15.1/STM32CubeIDE/plugins/com.st.stm32cube.ide.mcu.externaltools.gnu-tools-for-stm32.12.3.rel1.win32_1.0.100.202403111256/tools/bin/../lib/gcc/arm-none-eabi/12.3.1/../../../../arm-none-eabi/lib/thumb/v7e-m+fp/hard\libc_nano.a(libc_a-findfp.o) (__sread)
C:/ST/STM32CubeIDE_1.15.1/STM32CubeIDE/plugins/com.st.stm32cube.ide.mcu.externaltools.gnu-tools-for-stm32.12.3.rel1.win32_1.0.100.202403111256/tools/bin/../lib/gcc/arm-none-eabi/12.3.1/../../../../arm-none-eabi/lib/thumb/v7e-m+fp/hard\libc_nano.a(libc_a-memset.o)
[...]
Memory Configuration

Name             Origin             Length             Attributes
CCMRAM           0x10000000         0x00010000         xrw
RAM              0x20000000         0x00020000         xrw
FLASH            0x08000000         0x00080000         xr
*default*        0x00000000         0xffffffff

Linker script and memory map

LOAD C:/ST/STM32CubeIDE_1.15.1/STM32CubeIDE/plugins/com.st.stm32cube.ide.mcu.externaltools.gnu-tools-for-stm32.12.3.rel1.win32_1.0.100.202403111256/tools/bin/../lib/gcc/arm-none-eabi/12.3.1/thumb/v7e-m+fp/hard/crti.o
LOAD C:/ST/STM32CubeIDE_1.15.1/STM32CubeIDE/plugins/com.st.stm32cube.ide.mcu.externaltools.gnu-tools-for-stm32.12.3.rel1.win32_1.0.100.202403111256/tools/bin/../lib/gcc/arm-none-eabi/12.3.1/thumb/v7e-m+fp/hard/crtbegin.o
LOAD C:/ST/STM32CubeIDE_1.15.1/STM32CubeIDE/plugins/com.st.stm32cube.ide.mcu.externaltools.gnu-tools-for-stm32.12.3.rel1.win32_1.0.100.202403111256/tools/bin/../lib/gcc/arm-none-eabi/12.3.1/../../../../arm-none-eabi/lib/thumb/v7e-m+fp/hard/crt0.o
LOAD ./Core/Src/bl_cmd_process.o
LOAD ./Core/Src/main.o
LOAD ./Core/Src/stm32f4xx_hal_msp.o
LOAD ./Core/Src/stm32f4xx_hal_timebase_tim.o
LOAD ./Core/Src/stm32f4xx_it.o
LOAD ./Core/Src/syscalls.o
LOAD ./Core/Src/system_stm32f4xx.o
LOAD ./Core/Src/task_handler.o
LOAD ./Core/Startup/startup_stm32f407vetx.o
LOAD ./Drivers/STM32F4xx_HAL_Driver/Src/stm32f4xx_hal.o
LOAD ./Drivers/STM32F4xx_HAL_Driver/Src/stm32f4xx_hal_adc.o
LOAD ./Drivers/STM32F4xx_HAL_Driver/Src/stm32f4xx_hal_adc_ex.o
LOAD ./Drivers/STM32F4xx_HAL_Driver/Src/stm32f4xx_hal_cortex.o
LOAD ./Drivers/STM32F4xx_HAL_Driver/Src/stm32f4xx_hal_crc.o
LOAD ./Drivers/STM32F4xx_HAL_Driver/Src/stm32f4xx_hal_dma.o
LOAD ./Drivers/STM32F4xx_HAL_Driver/Src/stm32f4xx_hal_dma_ex.o
LOAD ./Drivers/STM32F4xx_HAL_Driver/Src/stm32f4xx_hal_exti.o
LOAD ./Drivers/STM32F4xx_HAL_Driver/Src/stm32f4xx_hal_flash.o
LOAD ./Drivers/STM32F4xx_HAL_Driver/Src/stm32f4xx_hal_flash_ex.o
LOAD ./Drivers/STM32F4xx_HAL_Driver/Src/stm32f4xx_hal_flash_ramfunc.o
LOAD ./Drivers/STM32F4xx_HAL_Driver/Src/stm32f4xx_hal_gpio.o
LOAD ./Drivers/STM32F4xx_HAL_Driver/Src/stm32f4xx_hal_i2c.o
LOAD ./Drivers/STM32F4xx_HAL_Driver/Src/stm32f4xx_hal_i2c_ex.o
LOAD ./Drivers/STM32F4xx_HAL_Driver/Src/stm32f4xx_hal_pwr.o
LOAD ./Drivers/STM32F4xx_HAL_Driver/Src/stm32f4xx_hal_pwr_ex.o
LOAD ./Drivers/STM32F4xx_HAL_Driver/Src/stm32f4xx_hal_rcc.o
LOAD ./Drivers/STM32F4xx_HAL_Driver/Src/stm32f4xx_hal_rcc_ex.o
LOAD ./Drivers/STM32F4xx_HAL_Driver/Src/stm32f4xx_hal_sd.o
LOAD ./Drivers/STM32F4xx_HAL_Driver/Src/stm32f4xx_hal_tim.o
LOAD ./Drivers/STM32F4xx_HAL_Driver/Src/stm32f4xx_hal_tim_ex.o
LOAD ./Drivers/STM32F4xx_HAL_Driver/Src/stm32f4xx_hal_uart.o
LOAD ./Drivers/STM32F4xx_HAL_Driver/Src/stm32f4xx_ll_adc.o
LOAD ./Drivers/STM32F4xx_HAL_Driver/Src/stm32f4xx_ll_sdmmc.o
LOAD ./ECUAL/I2C_LCD/I2C_LCD.o
LOAD ./ECUAL/I2C_LCD/I2C_LCD_cfg.o
LOAD ./FATFS/App/fatfs.o
LOAD ./FATFS/Target/bsp_driver_sd.o
LOAD ./FATFS/Target/fatfs_platform.o
LOAD ./FATFS/Target/sd_diskio.o
LOAD ./Middlewares/Third_Party/FatFs/src/diskio.o
LOAD ./Middlewares/Third_Party/FatFs/src/ff.o
LOAD ./Middlewares/Third_Party/FatFs/src/ff_gen_drv.o
LOAD ./Middlewares/Third_Party/FatFs/src/option/ccsbcs.o
LOAD ./Middlewares/Third_Party/FatFs/src/option/syscall.o
LOAD ./ThirdParty/FreeRTOS/croutine.o
LOAD ./ThirdParty/FreeRTOS/event_groups.o
LOAD ./ThirdParty/FreeRTOS/list.o
LOAD ./ThirdParty/FreeRTOS/queue.o
LOAD ./ThirdParty/FreeRTOS/stream_buffer.o
LOAD ./ThirdParty/FreeRTOS/tasks.o
LOAD ./ThirdParty/FreeRTOS/timers.o
LOAD ./ThirdParty/FreeRTOS/portable/GCC/ARM_CM4F/port.o
LOAD ./ThirdParty/FreeRTOS/portable/MemMang/heap_4.o
START GROUP
LOAD C:/ST/STM32CubeIDE_1.15.1/STM32CubeIDE/plugins/com.st.stm32cube.ide.mcu.externaltools.gnu-tools-for-stm32.12.3.rel1.win32_1.0.100.202403111256/tools/bin/../lib/gcc/arm-none-eabi/12.3.1/../../../../arm-none-eabi/lib/thumb/v7e-m+fp/hard\libc_nano.a
LOAD C:/ST/STM32CubeIDE_1.15.1/STM32CubeIDE/plugins/com.st.stm32cube.ide.mcu.externaltools.gnu-tools-for-stm32.12.3.rel1.win32_1.0.100.202403111256/tools/bin/../lib/gcc/arm-none-eabi/12.3.1/../../../../arm-none-eabi/lib/thumb/v7e-m+fp/hard\libm.a
END GROUP
START GROUP
LOAD C:/ST/STM32CubeIDE_1.15.1/STM32CubeIDE/plugins/com.st.stm32cube.ide.mcu.externaltools.gnu-tools-for-stm32.12.3.rel1.win32_1.0.100.202403111256/tools/bin/../lib/gcc/arm-none-eabi/12.3.1/thumb/v7e-m+fp/hard\libgcc.a
LOAD C:/ST/STM32CubeIDE_1.15.1/STM32CubeIDE/plugins/com.st.stm32cube.ide.mcu.externaltools.gnu-tools-for-stm32.12.3.rel1.win32_1.0.100.202403111256/tools/bin/../lib/gcc/arm-none-eabi/12.3.1/../../../../arm-none-eabi/lib/thumb/v7e-m+fp/hard\libc_nano.a
END GROUP
START GROUP
LOAD C:/ST/STM32CubeIDE_1.15.1/STM32CubeIDE/plugins/com.st.stm32cube.ide.mcu.externaltools.gnu-tools-for-stm32.12.3.rel1.win32_1.0.100.202403111256/tools/bin/../lib/gcc/arm-none-eabi/12.3.1/thumb/v7e-m+fp/hard\libgcc.a
LOAD C:/ST/STM32CubeIDE_1.15.1/STM32CubeIDE/plugins/com.st.stm32cube.ide.mcu.externaltools.gnu-tools-for-stm32.12.3.rel1.win32_1.0.100.202403111256/tools/bin/../lib/gcc/arm-none-eabi/12.3.1/../../../../arm-none-eabi/lib/thumb/v7e-m+fp/hard\libc_nano.a
LOAD C:/ST/STM32CubeIDE_1.15.1/STM32CubeIDE/plugins/com.st.stm32cube.ide.mcu.externaltools.gnu-tools-for-stm32.12.3.rel1.win32_1.0.100.202403111256/tools/bin/../lib/gcc/arm-none-eabi/12.3.1/../../../../arm-none-eabi/lib/thumb/v7e-m+fp/hard\libnosys.a
END GROUP
START GROUP
LOAD C:/ST/STM32CubeIDE_1.15.1/STM32CubeIDE/plugins/com.st.stm32cube.ide.mcu.externaltools.gnu-tools-for-stm32.12.3.rel1.win32_1.0.100.202403111256/tools/bin/../lib/gcc/arm-none-eabi/12.3.1/thumb/v7e-m+fp/hard\libgcc.a
LOAD C:/ST/STM32CubeIDE_1.15.1/STM32CubeIDE/plugins/com.st.stm32cube.ide.mcu.externaltools.gnu-tools-for-stm32.12.3.rel1.win32_1.0.100.202403111256/tools/bin/../lib/gcc/arm-none-eabi/12.3.1/../../../../arm-none-eabi/lib/thumb/v7e-m+fp/hard\libc_nano.a
LOAD C:/ST/STM32CubeIDE_1.15.1/STM32CubeIDE/plugins/com.st.stm32cube.ide.mcu.externaltools.gnu-tools-for-stm32.12.3.rel1.win32_1.0.100.202403111256/tools/bin/../lib/gcc/arm-none-eabi/12.3.1/../../../../arm-none-eabi/lib/thumb/v7e-m+fp/hard\libnosys.a
END GROUP
LOAD C:/ST/STM32CubeIDE_1.15.1/STM32CubeIDE/plugins/com.st.stm32cube.ide.mcu.externaltools.gnu-tools-for-stm32.12.3.rel1.win32_1.0.100.202403111256/tools/bin/../lib/gcc/arm-none-eabi/12.3.1/thumb/v7e-m+fp/hard/crtend.o
LOAD C:/ST/STM32CubeIDE_1.15.1/STM32CubeIDE/plugins/com.st.stm32cube.ide.mcu.externaltools.gnu-tools-for-stm32.12.3.rel1.win32_1.0.100.202403111256/tools/bin/../lib/gcc/arm-none-eabi/12.3.1/thumb/v7e-m+fp/hard/crtn.o
                0x20020000                        _estack = (ORIGIN (RAM) + LENGTH (RAM))
                0x00000200                        _Min_Heap_Size = 0x200
                0x00000400                        _Min_Stack_Size = 0x400

.isr_vector     0x08000000      0x188
                0x08000000                        . = ALIGN (0x4)
 *(.isr_vector)
 .isr_vector    0x08000000      0x188 ./Core/Startup/startup_stm32f407vetx.o
                0x08000000                g_pfnVectors
                0x08000188                        . = ALIGN (0x4)

.text           0x08000190     0xf824
                0x08000190                        . = ALIGN (0x4)
 *(.text)
 .text          0x08000190       0x40 C:/ST/STM32CubeIDE_1.15.1/STM32CubeIDE/plugins/com.st.stm32cube.ide.mcu.externaltools.gnu-tools-for-stm32.12.3.rel1.win32_1.0.100.202403111256/tools/bin/../lib/gcc/arm-none-eabi/12.3.1/thumb/v7e-m+fp/hard/crtbegin.o
 .text          0x080001d0       0x14 C:/ST/STM32CubeIDE_1.15.1/STM32CubeIDE/plugins/com.st.stm32cube.ide.mcu.externaltools.gnu-tools-for-stm32.12.3.rel1.win32_1.0.100.202403111256/tools/bin/../lib/gcc/arm-none-eabi/12.3.1/../../../../arm-none-eabi/lib/thumb/v7e-m+fp/hard\libc_nano.a(libc_a-strcmp.o)
                0x080001d0                strcmp
 .text          0x080001e4       0x10 C:/ST/STM32CubeIDE_1.15.1/STM32CubeIDE/plugins/com.st.stm32cube.ide.mcu.externaltools.gnu-tools-for-stm32.12.3.rel1.win32_1.0.100.202403111256/tools/bin/../lib/gcc/arm-none-eabi/12.3.1/../../../../arm-none-eabi/lib/thumb/v7e-m+fp/hard\libc_nano.a(libc_a-strlen.o)
                0x080001e4                strlen
 *fill*         0x080001f4        0xc 
 .text          0x08000200       0xa0 C:/ST/STM32CubeIDE_1.15.1/STM32CubeIDE/plugins/com.st.stm32cube.ide.mcu.externaltools.gnu-tools-for-stm32.12.3.rel1.win32_1.0.100.202403111256/tools/bin/../lib/gcc/arm-none-eabi/12.3.1/../../../../arm-none-eabi/lib/thumb/v7e-m+fp/hard\libc_nano.a(libc_a-memchr.o)
                0x08000200                memchr
 .text          0x080002a0      0x254 C:/ST/STM32CubeIDE_1.15.1/STM32CubeIDE/plugins/com.st.stm32cube.ide.mcu.externaltools.gnu-tools-for-stm32.12.3.rel1.win32_1.0.100.202403111256/tools/bin/../lib/gcc/arm-none-eabi/12.3.1/thumb/v7e-m+fp/hard\libgcc.a(_arm_muldf3.o)
                0x080002a0                __muldf3
                0x080002a0                __aeabi_dmul
 .text          0x080004f4      0x378 C:/ST/STM32CubeIDE_1.15.1/STM32CubeIDE/plugins/com.st.stm32cube.ide.mcu.externaltools.gnu-tools-for-stm32.12.3.rel1.win32_1.0.100.202403111256/tools/bin/../lib/gcc/arm-none-eabi/12.3.1/thumb/v7e-m+fp/hard\libgcc.a(_arm_addsubdf3.o)
                0x080004f4                __aeabi_drsub
                0x080004fc                __aeabi_dsub
                0x080004fc                __subdf3
                0x08000500                __aeabi_dadd
                0x08000500                __adddf3
                0x08000778                __floatunsidf
                0x08000778                __aeabi_ui2d
                0x08000798                __floatsidf
                0x08000798                __aeabi_i2d
                0x080007bc                __aeabi_f2d
                0x080007bc                __extendsfdf2
                0x08000800                __floatundidf
                0x08000800                __aeabi_ul2d
                0x08000810                __floatdidf
                0x08000810                __aeabi_l2d
 .text          0x0800086c       0x40 C:/ST/STM32CubeIDE_1.15.1/STM32CubeIDE/plugins/com.st.stm32cube.ide.mcu.externaltools.gnu-tools-for-stm32.12.3.rel1.win32_1.0.100.202403111256/tools/bin/../lib/gcc/arm-none-eabi/12.3.1/thumb/v7e-m+fp/hard\libgcc.a(_arm_fixunsdfsi.o)
                0x0800086c                __aeabi_d2uiz
                0x0800086c                __fixunsdfsi
 .text          0x080008ac       0x30 C:/ST/STM32CubeIDE_1.15.1/STM32CubeIDE/plugins/com.st.stm32cube.ide.mcu.externaltools.gnu-tools-for-stm32.12.3.rel1.win32_1.0.100.202403111256/tools/bin/../lib/gcc/arm-none-eabi/12.3.1/thumb/v7e-m+fp/hard\libgcc.a(_aeabi_uldivmod.o)
                0x080008ac                __aeabi_uldivmod
 .text          0x080008dc      0x2bc C:/ST/STM32CubeIDE_1.15.1/STM32CubeIDE/plugins/com.st.stm32cube.ide.mcu.externaltools.gnu-tools-for-stm32.12.3.rel1.win32_1.0.100.202403111256/tools/bin/../lib/gcc/arm-none-eabi/12.3.1/thumb/v7e-m+fp/hard\libgcc.a(_udivmoddi4.o)
                0x080008dc                __udivmoddi4
 .text          0x08000b98        0x4 C:/ST/STM32CubeIDE_1.15.1/STM32CubeIDE/plugins/com.st.stm32cube.ide.mcu.externaltools.gnu-tools-for-stm32.12.3.rel1.win32_1.0.100.202403111256/tools/bin/../lib/gcc/arm-none-eabi/12.3.1/thumb/v7e-m+fp/hard\libgcc.a(_dvmd_tls.o)
                0x08000b98                __aeabi_idiv0
                0x08000b98                __aeabi_ldiv0
 *(.text*)
 .text.word_to_byte
                0x08000b9c       0x28 ./Core/Src/bl_cmd_process.o
                0x08000b9c                word_to_byte
 .text.get_crc  0x08000bc4       0x70 ./Core/Src/bl_cmd_process.o
                0x08000bc4                get_crc
 .text.bootloader_send_ack
                0x08000c34       0x54 ./Core/Src/bl_cmd_process.o
                0x08000c34                bootloader_send_ack
 .text.bootloader_send_nack
                0x08000c88       0x44 ./Core/Src/bl_cmd_process.o
                0x08000c88                bootloader_send_nack
 .text.bootloader_verify_crc
                0x08000ccc       0x68 ./Core/Src/bl_cmd_process.o
                0x08000ccc                bootloader_verify_crc
 .text.bl_get_version
                0x08000d34       0x10 ./Core/Src/bl_cmd_process.o
                0x08000d34                bl_get_version
 .text.bl_get_cid
                0x08000d44       0x24 ./Core/Src/bl_cmd_process.o
                0x08000d44                bl_get_cid
 .text.bootloader_handle_getcid_cmd
                0x08000d68       0x84 ./Core/Src/bl_cmd_process.o
                0x08000d68                bootloader_handle_getcid_cmd
 .text.bootloader_handle_getver_cmd
                0x08000dec       0x90 ./Core/Src/bl_cmd_process.o
                0x08000dec                bootloader_handle_getver_cmd
 .text.bootloader_go_to_addr
                0x08000e7c       0xe0 ./Core/Src/bl_cmd_process.o
                0x08000e7c                bootloader_go_to_addr
 .text.verify_address
                0x08000f5c       0x5c ./Core/Src/bl_cmd_process.o
                0x08000f5c                verify_address
 .text.execute_mem_write
                0x08000fb8       0x5a ./Core/Src/bl_cmd_process.o
                0x08000fb8                execute_mem_write
 *fill*         0x08001012        0x2 
 .text.bootloader_handle_mem_write_cmd
                0x08001014       0xa0 ./Core/Src/bl_cmd_process.o
                0x08001014                bootloader_handle_mem_write_cmd
 .text.bootloader_read_data
                0x080010b4       0x60 ./Core/Src/bl_cmd_process.o
                0x080010b4                bootloader_read_data
 .text.main     0x08001114      0x178 ./Core/Src/main.o
                0x08001114                main
 .text.SystemClock_Config
                0x0800128c       0xd0 ./Core/Src/main.o
                0x0800128c                SystemClock_Config
 .text.MX_ADC1_Init
                0x0800135c       0xa4 ./Core/Src/main.o
 .text.MX_CRC_Init
                0x08001400       0x28 ./Core/Src/main.o
 .text.MX_I2C1_Init
                0x08001428       0x5c ./Core/Src/main.o
 .text.MX_SDIO_SD_Init
                0x08001484       0x40 ./Core/Src/main.o
 .text.MX_TIM1_Init
                0x080014c4       0xa8 ./Core/Src/main.o
 .text.MX_USART2_UART_Init
                0x0800156c       0x54 ./Core/Src/main.o
 .text.MX_GPIO_Init
                0x080015c0       0xf4 ./Core/Src/main.o
 .text.vTimerCallback
                0x080016b4       0x1c ./Core/Src/main.o
                0x080016b4                vTimerCallback
 .text.handle_measure_task
                0x080016d0       0x98 ./Core/Src/main.o
                0x080016d0                handle_measure_task
 .text.delay_us
                0x08001768       0x34 ./Core/Src/main.o
                0x08001768                delay_us
 .text.delay_ms
                0x0800179c       0x48 ./Core/Src/main.o
                0x0800179c                delay_ms
 .text.Set_Pin_Output
                0x080017e4       0x48 ./Core/Src/main.o
                0x080017e4                Set_Pin_Output
 .text.Set_Pin_Input
                0x0800182c       0x44 ./Core/Src/main.o
                0x0800182c                Set_Pin_Input
 .text.DHT_Start
                0x08001870       0x44 ./Core/Src/main.o
                0x08001870                DHT_Start
 .text.DHT_Check_Response
                0x080018b4       0x60 ./Core/Src/main.o
                0x080018b4                DHT_Check_Response
 .text.DHT_Read
                0x08001914       0x98 ./Core/Src/main.o
                0x08001914                DHT_Read
 .text.DHT_GetData
                0x080019ac       0xbc ./Core/Src/main.o
                0x080019ac                DHT_GetData
 .text.SDIO_SDCard
                0x08001a68      0x374 ./Core/Src/main.o
                0x08001a68                SDIO_SDCard
 .text.HAL_UART_RxCpltCallback
                0x08001ddc       0x90 ./Core/Src/main.o
                0x08001ddc                HAL_UART_RxCpltCallback
 .text.HAL_TIM_PeriodElapsedCallback
                0x08001e6c       0x24 ./Core/Src/main.o
                0x08001e6c                HAL_TIM_PeriodElapsedCallback
 .text.Error_Handler
                0x08001e90        0xc ./Core/Src/main.o
                0x08001e90                Error_Handler
 .text.HAL_MspInit
                0x08001e9c       0x50 ./Core/Src/stm32f4xx_hal_msp.o
                0x08001e9c                HAL_MspInit
 .text.HAL_ADC_MspInit
                0x08001eec       0x88 ./Core/Src/stm32f4xx_hal_msp.o
                0x08001eec                HAL_ADC_MspInit
 .text.HAL_CRC_MspInit
                0x08001f74       0x44 ./Core/Src/stm32f4xx_hal_msp.o
                0x08001f74                HAL_CRC_MspInit
 .text.HAL_I2C_MspInit
                0x08001fb8       0x90 ./Core/Src/stm32f4xx_hal_msp.o
                0x08001fb8                HAL_I2C_MspInit
 .text.HAL_SD_MspInit
                0x08002048       0xd0 ./Core/Src/stm32f4xx_hal_msp.o
                0x08002048                HAL_SD_MspInit
 .text.HAL_TIM_Base_MspInit
                0x08002118       0x44 ./Core/Src/stm32f4xx_hal_msp.o
                0x08002118                HAL_TIM_Base_MspInit
 .text.HAL_UART_MspInit
                0x0800215c       0xa0 ./Core/Src/stm32f4xx_hal_msp.o
                0x0800215c                HAL_UART_MspInit
 .text.HAL_InitTick
                0x080021fc       0xf8 ./Core/Src/stm32f4xx_hal_timebase_tim.o
                0x080021fc                HAL_InitTick
 .text.NMI_Handler
                0x080022f4        0x8 ./Core/Src/stm32f4xx_it.o
                0x080022f4                NMI_Handler
 .text.HardFault_Handler
                0x080022fc        0x8 ./Core/Src/stm32f4xx_it.o
                0x080022fc                HardFault_Handler
 .text.MemManage_Handler
                0x08002304        0x8 ./Core/Src/stm32f4xx_it.o
                0x08002304                MemManage_Handler
 .text.BusFault_Handler
                0x0800230c        0x8 ./Core/Src/stm32f4xx_it.o
                0x0800230c                BusFault_Handler
 .text.UsageFault_Handler
                0x08002314        0x8 ./Core/Src/stm32f4xx_it.o
                0x08002314                UsageFault_Handler
 .text.DebugMon_Handler
                0x0800231c        0xe ./Core/Src/stm32f4xx_it.o
                0x0800231c                DebugMon_Handler
 *fill*         0x0800232a        0x2 
 .text.USART2_IRQHandler
                0x0800232c       0x14 ./Core/Src/stm32f4xx_it.o
                0x0800232c                USART2_IRQHandler
 .text.TIM6_DAC_IRQHandler
                0x08002340       0x14 ./Core/Src/stm32f4xx_it.o
                0x08002340                TIM6_DAC_IRQHandler
 .text.SystemInit
                0x08002354       0x24 ./Core/Src/system_stm32f4xx.o
                0x08002354                SystemInit
 .text.handle_menu_task
                0x08002378       0xe4 ./Core/Src/task_handler.o
                0x08002378                handle_menu_task
 .text.handle_cmd_task
                0x0800245c       0x28 ./Core/Src/task_handler.o
                0x0800245c                handle_cmd_task
 .text.process_command
                0x08002484       0xb4 ./Core/Src/task_handler.o
                0x08002484                process_command
 .text.handle_led_task
                0x08002538       0xe4 ./Core/Src/task_handler.o
                0x08002538                handle_led_task
 .text.printmsg
                0x0800261c       0x40 ./Core/Src/task_handler.o
                0x0800261c                printmsg
 .text.handle_bl_cmd_task
                0x0800265c      0x308 ./Core/Src/task_handler.o
                0x0800265c                handle_bl_cmd_task
 .text.Reset_Handler
                0x08002964       0x50 ./Core/Startup/startup_stm32f407vetx.o
                0x08002964                Reset_Handler
 .text.Default_Handler
                0x080029b4        0x2 ./Core/Startup/startup_stm32f407vetx.o
                0x080029b4                RTC_Alarm_IRQHandler
                0x080029b4                HASH_RNG_IRQHandler
                0x080029b4                EXTI2_IRQHandler
                0x080029b4                TIM8_CC_IRQHandler
                0x080029b4                TIM1_CC_IRQHandler
                0x080029b4                DMA2_Stream5_IRQHandler
                0x080029b4                DMA1_Stream5_IRQHandler
                0x080029b4                PVD_IRQHandler
                0x080029b4                SDIO_IRQHandler
                0x080029b4                TAMP_STAMP_IRQHandler
                0x080029b4                CAN2_RX1_IRQHandler
                0x080029b4                EXTI3_IRQHandler
                0x080029b4                TIM8_TRG_COM_TIM14_IRQHandler
                0x080029b4                TIM1_UP_TIM10_IRQHandler
                0x080029b4                TIM8_UP_TIM13_IRQHandler
                0x080029b4                I2C3_ER_IRQHandler
                0x080029b4                EXTI0_IRQHandler
                0x080029b4                I2C2_EV_IRQHandler
                0x080029b4                DMA1_Stream2_IRQHandler
                0x080029b4                CAN1_RX0_IRQHandler
                0x080029b4                FPU_IRQHandler
                0x080029b4                OTG_HS_WKUP_IRQHandler
                0x080029b4                CAN2_SCE_IRQHandler
                0x080029b4                DMA2_Stream2_IRQHandler
                0x080029b4                SPI1_IRQHandler
                0x080029b4                TIM1_BRK_TIM9_IRQHandler
                0x080029b4                DCMI_IRQHandler
                0x080029b4                CAN2_RX0_IRQHandler
                0x080029b4                DMA2_Stream3_IRQHandler
                0x080029b4                USART6_IRQHandler
                0x080029b4                USART3_IRQHandler
                0x080029b4                CAN1_RX1_IRQHandler
                0x080029b4                UART5_IRQHandler
                0x080029b4                DMA2_Stream0_IRQHandler
                0x080029b4                TIM4_IRQHandler
                0x080029b4                I2C1_EV_IRQHandler
                0x080029b4                DMA1_Stream6_IRQHandler
                0x080029b4                DMA1_Stream1_IRQHandler
                0x080029b4                UART4_IRQHandler
                0x080029b4                TIM3_IRQHandler
                0x080029b4                RCC_IRQHandler
                0x080029b4                TIM8_BRK_TIM12_IRQHandler
                0x080029b4                Default_Handler
                0x080029b4                EXTI15_10_IRQHandler
                0x080029b4                ADC_IRQHandler
                0x080029b4                DMA1_Stream7_IRQHandler
                0x080029b4                TIM7_IRQHandler
                0x080029b4                CAN2_TX_IRQHandler
                0x080029b4                TIM5_IRQHandler
                0x080029b4                DMA2_Stream7_IRQHandler
                0x080029b4                I2C3_EV_IRQHandler
                0x080029b4                EXTI9_5_IRQHandler
                0x080029b4                RTC_WKUP_IRQHandler
                0x080029b4                ETH_WKUP_IRQHandler
                0x080029b4                SPI2_IRQHandler
                0x080029b4                OTG_HS_EP1_IN_IRQHandler
                0x080029b4                DMA1_Stream0_IRQHandler
                0x080029b4                CAN1_TX_IRQHandler
                0x080029b4                EXTI4_IRQHandler
                0x080029b4                FSMC_IRQHandler
                0x080029b4                ETH_IRQHandler
                0x080029b4                OTG_HS_EP1_OUT_IRQHandler
                0x080029b4                WWDG_IRQHandler
                0x080029b4                TIM2_IRQHandler
                0x080029b4                OTG_FS_WKUP_IRQHandler
                0x080029b4                TIM1_TRG_COM_TIM11_IRQHandler
                0x080029b4                OTG_HS_IRQHandler
                0x080029b4                EXTI1_IRQHandler
                0x080029b4                I2C2_ER_IRQHandler
                0x080029b4                DMA2_Stream1_IRQHandler
                0x080029b4                CAN1_SCE_IRQHandler
                0x080029b4                FLASH_IRQHandler
                0x080029b4                DMA2_Stream4_IRQHandler
                0x080029b4                USART1_IRQHandler
                0x080029b4                OTG_FS_IRQHandler
                0x080029b4                SPI3_IRQHandler
                0x080029b4                DMA1_Stream4_IRQHandler
                0x080029b4                I2C1_ER_IRQHandler
                0x080029b4                DMA2_Stream6_IRQHandler
                0x080029b4                DMA1_Stream3_IRQHandler
 *fill*         0x080029b6        0x2 
 .text.HAL_Init
                0x080029b8       0x44 ./Drivers/STM32F4xx_HAL_Driver/Src/stm32f4xx_hal.o
                0x080029b8                HAL_Init
 .text.HAL_IncTick
                0x080029fc       0x28 ./Drivers/STM32F4xx_HAL_Driver/Src/stm32f4xx_hal.o
                0x080029fc                HAL_IncTick
 .text.HAL_GetTick
                0x08002a24       0x18 ./Drivers/STM32F4xx_HAL_Driver/Src/stm32f4xx_hal.o
                0x08002a24                HAL_GetTick
 .text.HAL_Delay
                0x08002a3c       0x48 ./Drivers/STM32F4xx_HAL_Driver/Src/stm32f4xx_hal.o
                0x08002a3c                HAL_Delay
 .text.HAL_ADC_Init
                0x08002a84       0x86 ./Drivers/STM32F4xx_HAL_Driver/Src/stm32f4xx_hal_adc.o
                0x08002a84                HAL_ADC_Init
 *fill*         0x08002b0a        0x2 
 .text.HAL_ADC_Start
                0x08002b0c      0x1a4 ./Drivers/STM32F4xx_HAL_Driver/Src/stm32f4xx_hal_adc.o
                0x08002b0c                HAL_ADC_Start
 .text.HAL_ADC_GetValue
                0x08002cb0       0x1a ./Drivers/STM32F4xx_HAL_Driver/Src/stm32f4xx_hal_adc.o
                0x08002cb0                HAL_ADC_GetValue
 *fill*         0x08002cca        0x2 
 .text.HAL_ADC_ConfigChannel
                0x08002ccc      0x244 ./Drivers/STM32F4xx_HAL_Driver/Src/stm32f4xx_hal_adc.o
                0x08002ccc                HAL_ADC_ConfigChannel
 .text.ADC_Init
                0x08002f10      0x1f8 ./Drivers/STM32F4xx_HAL_Driver/Src/stm32f4xx_hal_adc.o
 .text.__NVIC_SetPriorityGrouping
                0x08003108       0x48 ./Drivers/STM32F4xx_HAL_Driver/Src/stm32f4xx_hal_cortex.o
 .text.__NVIC_GetPriorityGrouping
                0x08003150       0x1c ./Drivers/STM32F4xx_HAL_Driver/Src/stm32f4xx_hal_cortex.o
 .text.__NVIC_EnableIRQ
                0x0800316c       0x3c ./Drivers/STM32F4xx_HAL_Driver/Src/stm32f4xx_hal_cortex.o
 .text.__NVIC_SetPriority
                0x080031a8       0x54 ./Drivers/STM32F4xx_HAL_Driver/Src/stm32f4xx_hal_cortex.o
 .text.NVIC_EncodePriority
                0x080031fc       0x66 ./Drivers/STM32F4xx_HAL_Driver/Src/stm32f4xx_hal_cortex.o
 .text.HAL_NVIC_SetPriorityGrouping
                0x08003262       0x16 ./Drivers/STM32F4xx_HAL_Driver/Src/stm32f4xx_hal_cortex.o
                0x08003262                HAL_NVIC_SetPriorityGrouping
 .text.HAL_NVIC_SetPriority
                0x08003278       0x38 ./Drivers/STM32F4xx_HAL_Driver/Src/stm32f4xx_hal_cortex.o
                0x08003278                HAL_NVIC_SetPriority
 .text.HAL_NVIC_EnableIRQ
                0x080032b0       0x1c ./Drivers/STM32F4xx_HAL_Driver/Src/stm32f4xx_hal_cortex.o
                0x080032b0                HAL_NVIC_EnableIRQ
 .text.HAL_CRC_Init
                0x080032cc       0x38 ./Drivers/STM32F4xx_HAL_Driver/Src/stm32f4xx_hal_crc.o
                0x080032cc                HAL_CRC_Init
 .text.HAL_CRC_Accumulate
                0x08003304       0x56 ./Drivers/STM32F4xx_HAL_Driver/Src/stm32f4xx_hal_crc.o
                0x08003304                HAL_CRC_Accumulate
 .text.HAL_DMA_Abort
                0x0800335a       0xe0 ./Drivers/STM32F4xx_HAL_Driver/Src/stm32f4xx_hal_dma.o
                0x0800335a                HAL_DMA_Abort
 .text.HAL_DMA_Abort_IT
                0x0800343a       0x44 ./Drivers/STM32F4xx_HAL_Driver/Src/stm32f4xx_hal_dma.o
                0x0800343a                HAL_DMA_Abort_IT
 *fill*         0x0800347e        0x2 
 .text.HAL_FLASH_Program
                0x08003480       0xa8 ./Drivers/STM32F4xx_HAL_Driver/Src/stm32f4xx_hal_flash.o
                0x08003480                HAL_FLASH_Program
 .text.HAL_FLASH_Unlock
                0x08003528       0x44 ./Drivers/STM32F4xx_HAL_Driver/Src/stm32f4xx_hal_flash.o
                0x08003528                HAL_FLASH_Unlock
 .text.HAL_FLASH_Lock
                0x0800356c       0x20 ./Drivers/STM32F4xx_HAL_Driver/Src/stm32f4xx_hal_flash.o
                0x0800356c                HAL_FLASH_Lock
 .text.FLASH_WaitForLastOperation
                0x0800358c       0x80 ./Drivers/STM32F4xx_HAL_Driver/Src/stm32f4xx_hal_flash.o
                0x0800358c                FLASH_WaitForLastOperation
 .text.FLASH_Program_DoubleWord
                0x0800360c       0x64 ./Drivers/STM32F4xx_HAL_Driver/Src/stm32f4xx_hal_flash.o
 .text.FLASH_Program_Word
                0x08003670       0x44 ./Drivers/STM32F4xx_HAL_Driver/Src/stm32f4xx_hal_flash.o
 .text.FLASH_Program_HalfWord
                0x080036b4       0x48 ./Drivers/STM32F4xx_HAL_Driver/Src/stm32f4xx_hal_flash.o
 .text.FLASH_Program_Byte
                0x080036fc       0x44 ./Drivers/STM32F4xx_HAL_Driver/Src/stm32f4xx_hal_flash.o
 .text.FLASH_SetErrorCode
                0x08003740       0xac ./Drivers/STM32F4xx_HAL_Driver/Src/stm32f4xx_hal_flash.o
 .text.HAL_GPIO_Init
                0x080037ec      0x338 ./Drivers/STM32F4xx_HAL_Driver/Src/stm32f4xx_hal_gpio.o
                0x080037ec                HAL_GPIO_Init
 .text.HAL_GPIO_ReadPin
                0x08003b24       0x30 ./Drivers/STM32F4xx_HAL_Driver/Src/stm32f4xx_hal_gpio.o
                0x08003b24                HAL_GPIO_ReadPin
 .text.HAL_GPIO_WritePin
                0x08003b54       0x32 ./Drivers/STM32F4xx_HAL_Driver/Src/stm32f4xx_hal_gpio.o
                0x08003b54                HAL_GPIO_WritePin
 .text.HAL_GPIO_TogglePin
                0x08003b86       0x34 ./Drivers/STM32F4xx_HAL_Driver/Src/stm32f4xx_hal_gpio.o
                0x08003b86                HAL_GPIO_TogglePin
 *fill*         0x08003bba        0x2 
 .text.HAL_I2C_Init
                0x08003bbc      0x288 ./Drivers/STM32F4xx_HAL_Driver/Src/stm32f4xx_hal_i2c.o
                0x08003bbc                HAL_I2C_Init
 .text.HAL_I2C_Master_Transmit
                0x08003e44      0x1fc ./Drivers/STM32F4xx_HAL_Driver/Src/stm32f4xx_hal_i2c.o
                0x08003e44                HAL_I2C_Master_Transmit
 .text.I2C_MasterRequestWrite
                0x08004040      0x104 ./Drivers/STM32F4xx_HAL_Driver/Src/stm32f4xx_hal_i2c.o
 .text.I2C_WaitOnFlagUntilTimeout
                0x08004144       0xf4 ./Drivers/STM32F4xx_HAL_Driver/Src/stm32f4xx_hal_i2c.o
 .text.I2C_WaitOnMasterAddressFlagUntilTimeout
                0x08004238      0x140 ./Drivers/STM32F4xx_HAL_Driver/Src/stm32f4xx_hal_i2c.o
 .text.I2C_WaitOnTXEFlagUntilTimeout
                0x08004378       0x90 ./Drivers/STM32F4xx_HAL_Driver/Src/stm32f4xx_hal_i2c.o
 .text.I2C_WaitOnBTFFlagUntilTimeout
                0x08004408       0x90 ./Drivers/STM32F4xx_HAL_Driver/Src/stm32f4xx_hal_i2c.o
 .text.I2C_IsAcknowledgeFailed
                0x08004498       0x5e ./Drivers/STM32F4xx_HAL_Driver/Src/stm32f4xx_hal_i2c.o
 *fill*         0x080044f6        0x2 
 .text.HAL_RCC_OscConfig
                0x080044f8      0x4f0 ./Drivers/STM32F4xx_HAL_Driver/Src/stm32f4xx_hal_rcc.o
                0x080044f8                HAL_RCC_OscConfig
 .text.HAL_RCC_ClockConfig
                0x080049e8      0x1cc ./Drivers/STM32F4xx_HAL_Driver/Src/stm32f4xx_hal_rcc.o
                0x080049e8                HAL_RCC_ClockConfig
 .text.HAL_RCC_GetSysClockFreq
                0x08004bb4      0x20c ./Drivers/STM32F4xx_HAL_Driver/Src/stm32f4xx_hal_rcc.o
                0x08004bb4                HAL_RCC_GetSysClockFreq
 .text.HAL_RCC_GetHCLKFreq
                0x08004dc0       0x18 ./Drivers/STM32F4xx_HAL_Driver/Src/stm32f4xx_hal_rcc.o
                0x08004dc0                HAL_RCC_GetHCLKFreq
 .text.HAL_RCC_GetPCLK1Freq
                0x08004dd8       0x28 ./Drivers/STM32F4xx_HAL_Driver/Src/stm32f4xx_hal_rcc.o
                0x08004dd8                HAL_RCC_GetPCLK1Freq
 .text.HAL_RCC_GetPCLK2Freq
                0x08004e00       0x28 ./Drivers/STM32F4xx_HAL_Driver/Src/stm32f4xx_hal_rcc.o
                0x08004e00                HAL_RCC_GetPCLK2Freq
 .text.HAL_RCC_GetClockConfig
                0x08004e28       0x64 ./Drivers/STM32F4xx_HAL_Driver/Src/stm32f4xx_hal_rcc.o
                0x08004e28                HAL_RCC_GetClockConfig
 .text.HAL_SD_Init
                0x08004e8c       0x60 ./Drivers/STM32F4xx_HAL_Driver/Src/stm32f4xx_hal_sd.o
                0x08004e8c                HAL_SD_Init
 .text.HAL_SD_InitCard
                0x08004eec      0x100 ./Drivers/STM32F4xx_HAL_Driver/Src/stm32f4xx_hal_sd.o
                0x08004eec                HAL_SD_InitCard
 .text.HAL_SD_ReadBlocks
                0x08004fec      0x3cc ./Drivers/STM32F4xx_HAL_Driver/Src/stm32f4xx_hal_sd.o
                0x08004fec                HAL_SD_ReadBlocks
 .text.HAL_SD_WriteBlocks
                0x080053b8      0x31c ./Drivers/STM32F4xx_HAL_Driver/Src/stm32f4xx_hal_sd.o
                0x080053b8                HAL_SD_WriteBlocks
 .text.HAL_SD_GetCardCSD
                0x080056d4      0x348 ./Drivers/STM32F4xx_HAL_Driver/Src/stm32f4xx_hal_sd.o
                0x080056d4                HAL_SD_GetCardCSD
 .text.HAL_SD_GetCardInfo
                0x08005a1c       0x58 ./Drivers/STM32F4xx_HAL_Driver/Src/stm32f4xx_hal_sd.o
                0x08005a1c                HAL_SD_GetCardInfo
 .text.HAL_SD_GetCardState
                0x08005a74       0x40 ./Drivers/STM32F4xx_HAL_Driver/Src/stm32f4xx_hal_sd.o
                0x08005a74                HAL_SD_GetCardState
 .text.SD_InitCard
                0x08005ab4      0x19c ./Drivers/STM32F4xx_HAL_Driver/Src/stm32f4xx_hal_sd.o
 .text.SD_PowerON
                0x08005c50      0x11c ./Drivers/STM32F4xx_HAL_Driver/Src/stm32f4xx_hal_sd.o
 .text.SD_SendStatus
                0x08005d6c       0x50 ./Drivers/STM32F4xx_HAL_Driver/Src/stm32f4xx_hal_sd.o
 .text.HAL_TIM_Base_Init
                0x08005dbc       0x9e ./Drivers/STM32F4xx_HAL_Driver/Src/stm32f4xx_hal_tim.o
                0x08005dbc                HAL_TIM_Base_Init
 *fill*         0x08005e5a        0x2 
 .text.HAL_TIM_Base_Start
                0x08005e5c       0xd0 ./Drivers/STM32F4xx_HAL_Driver/Src/stm32f4xx_hal_tim.o
                0x08005e5c                HAL_TIM_Base_Start
 .text.HAL_TIM_Base_Start_IT
                0x08005f2c       0xe0 ./Drivers/STM32F4xx_HAL_Driver/Src/stm32f4xx_hal_tim.o
                0x08005f2c                HAL_TIM_Base_Start_IT
 .text.HAL_TIM_IRQHandler
                0x0800600c      0x1e0 ./Drivers/STM32F4xx_HAL_Driver/Src/stm32f4xx_hal_tim.o
                0x0800600c                HAL_TIM_IRQHandler
 .text.HAL_TIM_ConfigClockSource
                0x080061ec      0x18e ./Drivers/STM32F4xx_HAL_Driver/Src/stm32f4xx_hal_tim.o
                0x080061ec                HAL_TIM_ConfigClockSource
 .text.HAL_TIM_OC_DelayElapsedCallback
                0x0800637a       0x14 ./Drivers/STM32F4xx_HAL_Driver/Src/stm32f4xx_hal_tim.o
                0x0800637a                HAL_TIM_OC_DelayElapsedCallback
 .text.HAL_TIM_IC_CaptureCallback
                0x0800638e       0x14 ./Drivers/STM32F4xx_HAL_Driver/Src/stm32f4xx_hal_tim.o
                0x0800638e                HAL_TIM_IC_CaptureCallback
 .text.HAL_TIM_PWM_PulseFinishedCallback
                0x080063a2       0x14 ./Drivers/STM32F4xx_HAL_Driver/Src/stm32f4xx_hal_tim.o
                0x080063a2                HAL_TIM_PWM_PulseFinishedCallback
 .text.HAL_TIM_TriggerCallback
                0x080063b6       0x14 ./Drivers/STM32F4xx_HAL_Driver/Src/stm32f4xx_hal_tim.o
                0x080063b6                HAL_TIM_TriggerCallback
 *fill*         0x080063ca        0x2 
 .text.TIM_Base_SetConfig
                0x080063cc      0x158 ./Drivers/STM32F4xx_HAL_Driver/Src/stm32f4xx_hal_tim.o
                0x080063cc                TIM_Base_SetConfig
 .text.TIM_TI1_ConfigInputStage
                0x08006524       0x5e ./Drivers/STM32F4xx_HAL_Driver/Src/stm32f4xx_hal_tim.o
 .text.TIM_TI2_ConfigInputStage
                0x08006582       0x60 ./Drivers/STM32F4xx_HAL_Driver/Src/stm32f4xx_hal_tim.o
 .text.TIM_ITRx_SetConfig
                0x080065e2       0x36 ./Drivers/STM32F4xx_HAL_Driver/Src/stm32f4xx_hal_tim.o
 .text.TIM_ETR_SetConfig
                0x08006618       0x40 ./Drivers/STM32F4xx_HAL_Driver/Src/stm32f4xx_hal_tim.o
                0x08006618                TIM_ETR_SetConfig
 .text.HAL_TIMEx_MasterConfigSynchronization
                0x08006658       0xf8 ./Drivers/STM32F4xx_HAL_Driver/Src/stm32f4xx_hal_tim_ex.o
                0x08006658                HAL_TIMEx_MasterConfigSynchronization
 .text.HAL_TIMEx_CommutCallback
                0x08006750       0x14 ./Drivers/STM32F4xx_HAL_Driver/Src/stm32f4xx_hal_tim_ex.o
                0x08006750                HAL_TIMEx_CommutCallback
 .text.HAL_TIMEx_BreakCallback
                0x08006764       0x14 ./Drivers/STM32F4xx_HAL_Driver/Src/stm32f4xx_hal_tim_ex.o
                0x08006764                HAL_TIMEx_BreakCallback
 .text.HAL_UART_Init
                0x08006778       0xa0 ./Drivers/STM32F4xx_HAL_Driver/Src/stm32f4xx_hal_uart.o
                0x08006778                HAL_UART_Init
 .text.HAL_UART_Transmit
                0x08006818      0x116 ./Drivers/STM32F4xx_HAL_Driver/Src/stm32f4xx_hal_uart.o
                0x08006818                HAL_UART_Transmit
 .text.HAL_UART_Receive_IT
                0x0800692e       0x4a ./Drivers/STM32F4xx_HAL_Driver/Src/stm32f4xx_hal_uart.o
                0x0800692e                HAL_UART_Receive_IT
 .text.HAL_UART_IRQHandler
                0x08006978      0x524 ./Drivers/STM32F4xx_HAL_Driver/Src/stm32f4xx_hal_uart.o
                0x08006978                HAL_UART_IRQHandler
 .text.HAL_UART_TxCpltCallback
                0x08006e9c       0x14 ./Drivers/STM32F4xx_HAL_Driver/Src/stm32f4xx_hal_uart.o
                0x08006e9c                HAL_UART_TxCpltCallback
 .text.HAL_UART_ErrorCallback
                0x08006eb0       0x14 ./Drivers/STM32F4xx_HAL_Driver/Src/stm32f4xx_hal_uart.o
                0x08006eb0                HAL_UART_ErrorCallback
 .text.HAL_UARTEx_RxEventCallback
                0x08006ec4       0x18 ./Drivers/STM32F4xx_HAL_Driver/Src/stm32f4xx_hal_uart.o
                0x08006ec4                HAL_UARTEx_RxEventCallback
 .text.UART_WaitOnFlagUntilTimeout
                0x08006edc       0xb2 ./Drivers/STM32F4xx_HAL_Driver/Src/stm32f4xx_hal_uart.o
 .text.UART_Start_Receive_IT
                0x08006f8e       0x74 ./Drivers/STM32F4xx_HAL_Driver/Src/stm32f4xx_hal_uart.o
                0x08006f8e                UART_Start_Receive_IT
 .text.UART_EndRxTransfer
                0x08007002       0xc6 ./Drivers/STM32F4xx_HAL_Driver/Src/stm32f4xx_hal_uart.o
 .text.UART_DMAAbortOnError
                0x080070c8       0x28 ./Drivers/STM32F4xx_HAL_Driver/Src/stm32f4xx_hal_uart.o
 .text.UART_Transmit_IT
                0x080070f0       0xa0 ./Drivers/STM32F4xx_HAL_Driver/Src/stm32f4xx_hal_uart.o
 .text.UART_EndTransmit_IT
                0x08007190       0x30 ./Drivers/STM32F4xx_HAL_Driver/Src/stm32f4xx_hal_uart.o
 .text.UART_Receive_IT
                0x080071c0      0x17c ./Drivers/STM32F4xx_HAL_Driver/Src/stm32f4xx_hal_uart.o
 .text.UART_SetConfig
                0x0800733c      0x4e8 ./Drivers/STM32F4xx_HAL_Driver/Src/stm32f4xx_hal_uart.o
 .text.SDIO_Init
                0x08007824       0x56 ./Drivers/STM32F4xx_HAL_Driver/Src/stm32f4xx_ll_sdmmc.o
                0x08007824                SDIO_Init
 .text.SDIO_ReadFIFO
                0x0800787a       0x1a ./Drivers/STM32F4xx_HAL_Driver/Src/stm32f4xx_ll_sdmmc.o
                0x0800787a                SDIO_ReadFIFO
 .text.SDIO_WriteFIFO
                0x08007894       0x22 ./Drivers/STM32F4xx_HAL_Driver/Src/stm32f4xx_ll_sdmmc.o
                0x08007894                SDIO_WriteFIFO
 .text.SDIO_PowerState_ON
                0x080078b6       0x1c ./Drivers/STM32F4xx_HAL_Driver/Src/stm32f4xx_ll_sdmmc.o
                0x080078b6                SDIO_PowerState_ON
 .text.SDIO_GetPowerState
                0x080078d2       0x1c ./Drivers/STM32F4xx_HAL_Driver/Src/stm32f4xx_ll_sdmmc.o
                0x080078d2                SDIO_GetPowerState
 .text.SDIO_SendCommand
                0x080078ee       0x54 ./Drivers/STM32F4xx_HAL_Driver/Src/stm32f4xx_ll_sdmmc.o
                0x080078ee                SDIO_SendCommand
 .text.SDIO_GetCommandResponse
                0x08007942       0x1a ./Drivers/STM32F4xx_HAL_Driver/Src/stm32f4xx_ll_sdmmc.o
                0x08007942                SDIO_GetCommandResponse
 .text.SDIO_GetResponse
                0x0800795c       0x26 ./Drivers/STM32F4xx_HAL_Driver/Src/stm32f4xx_ll_sdmmc.o
                0x0800795c                SDIO_GetResponse
 .text.SDIO_ConfigData
                0x08007982       0x58 ./Drivers/STM32F4xx_HAL_Driver/Src/stm32f4xx_ll_sdmmc.o
                0x08007982                SDIO_ConfigData
 .text.SDMMC_CmdBlockLength
                0x080079da       0x44 ./Drivers/STM32F4xx_HAL_Driver/Src/stm32f4xx_ll_sdmmc.o
                0x080079da                SDMMC_CmdBlockLength
 .text.SDMMC_CmdReadSingleBlock
                0x08007a1e       0x44 ./Drivers/STM32F4xx_HAL_Driver/Src/stm32f4xx_ll_sdmmc.o
                0x08007a1e                SDMMC_CmdReadSingleBlock
 .text.SDMMC_CmdReadMultiBlock
                0x08007a62       0x44 ./Drivers/STM32F4xx_HAL_Driver/Src/stm32f4xx_ll_sdmmc.o
                0x08007a62                SDMMC_CmdReadMultiBlock
 .text.SDMMC_CmdWriteSingleBlock
                0x08007aa6       0x44 ./Drivers/STM32F4xx_HAL_Driver/Src/stm32f4xx_ll_sdmmc.o
                0x08007aa6                SDMMC_CmdWriteSingleBlock
 .text.SDMMC_CmdWriteMultiBlock
                0x08007aea       0x44 ./Drivers/STM32F4xx_HAL_Driver/Src/stm32f4xx_ll_sdmmc.o
                0x08007aea                SDMMC_CmdWriteMultiBlock
 *fill*         0x08007b2e        0x2 
 .text.SDMMC_CmdStopTransfer
                0x08007b30       0x44 ./Drivers/STM32F4xx_HAL_Driver/Src/stm32f4xx_ll_sdmmc.o
                0x08007b30                SDMMC_CmdStopTransfer
 .text.SDMMC_CmdSelDesel
                0x08007b74       0x46 ./Drivers/STM32F4xx_HAL_Driver/Src/stm32f4xx_ll_sdmmc.o
                0x08007b74                SDMMC_CmdSelDesel
 .text.SDMMC_CmdGoIdleState
                0x08007bba       0x3c ./Drivers/STM32F4xx_HAL_Driver/Src/stm32f4xx_ll_sdmmc.o
                0x08007bba                SDMMC_CmdGoIdleState
 .text.SDMMC_CmdOperCond
                0x08007bf6       0x3e ./Drivers/STM32F4xx_HAL_Driver/Src/stm32f4xx_ll_sdmmc.o
                0x08007bf6                SDMMC_CmdOperCond
 .text.SDMMC_CmdAppCommand
                0x08007c34       0x44 ./Drivers/STM32F4xx_HAL_Driver/Src/stm32f4xx_ll_sdmmc.o
                0x08007c34                SDMMC_CmdAppCommand
 .text.SDMMC_CmdAppOperCommand
                0x08007c78       0x46 ./Drivers/STM32F4xx_HAL_Driver/Src/stm32f4xx_ll_sdmmc.o
                0x08007c78                SDMMC_CmdAppOperCommand
 .text.SDMMC_CmdSendCID
                0x08007cbe       0x3c ./Drivers/STM32F4xx_HAL_Driver/Src/stm32f4xx_ll_sdmmc.o
                0x08007cbe                SDMMC_CmdSendCID
 .text.SDMMC_CmdSendCSD
                0x08007cfa       0x3e ./Drivers/STM32F4xx_HAL_Driver/Src/stm32f4xx_ll_sdmmc.o
                0x08007cfa                SDMMC_CmdSendCSD
 .text.SDMMC_CmdSetRelAdd
                0x08007d38       0x42 ./Drivers/STM32F4xx_HAL_Driver/Src/stm32f4xx_ll_sdmmc.o
                0x08007d38                SDMMC_CmdSetRelAdd
 .text.SDMMC_CmdSendStatus
                0x08007d7a       0x44 ./Drivers/STM32F4xx_HAL_Driver/Src/stm32f4xx_ll_sdmmc.o
                0x08007d7a                SDMMC_CmdSendStatus
 *fill*         0x08007dbe        0x2 
 .text.SDMMC_GetCmdResp1
                0x08007dc0      0x1dc ./Drivers/STM32F4xx_HAL_Driver/Src/stm32f4xx_ll_sdmmc.o
                0x08007dc0                SDMMC_GetCmdResp1
 .text.SDMMC_GetCmdResp2
                0x08007f9c       0x90 ./Drivers/STM32F4xx_HAL_Driver/Src/stm32f4xx_ll_sdmmc.o
                0x08007f9c                SDMMC_GetCmdResp2
 .text.SDMMC_GetCmdResp3
                0x0800802c       0x7c ./Drivers/STM32F4xx_HAL_Driver/Src/stm32f4xx_ll_sdmmc.o
                0x0800802c                SDMMC_GetCmdResp3
 .text.SDMMC_GetCmdResp6
                0x080080a8       0xec ./Drivers/STM32F4xx_HAL_Driver/Src/stm32f4xx_ll_sdmmc.o
                0x080080a8                SDMMC_GetCmdResp6
 .text.SDMMC_GetCmdResp7
                0x08008194       0x9c ./Drivers/STM32F4xx_HAL_Driver/Src/stm32f4xx_ll_sdmmc.o
                0x08008194                SDMMC_GetCmdResp7
 .text.SDMMC_GetCmdError
                0x08008230       0x58 ./Drivers/STM32F4xx_HAL_Driver/Src/stm32f4xx_ll_sdmmc.o
 .text.I2C_LCD_ExpanderWrite
                0x08008288       0x68 ./ECUAL/I2C_LCD/I2C_LCD.o
 .text.I2C_LCD_EnPulse
                0x080082f0       0x48 ./ECUAL/I2C_LCD/I2C_LCD.o
 .text.I2C_LCD_Write4Bits
                0x08008338       0x30 ./ECUAL/I2C_LCD/I2C_LCD.o
 .text.I2C_LCD_Send
                0x08008368       0x4c ./ECUAL/I2C_LCD/I2C_LCD.o
 .text.I2C_LCD_Cmd
                0x080083b4       0x24 ./ECUAL/I2C_LCD/I2C_LCD.o
 .text.I2C_LCD_Data
                0x080083d8       0x24 ./ECUAL/I2C_LCD/I2C_LCD.o
 .text.I2C_LCD_Init
                0x080083fc       0x94 ./ECUAL/I2C_LCD/I2C_LCD.o
                0x080083fc                I2C_LCD_Init
 .text.I2C_LCD_Clear
                0x08008490       0x22 ./ECUAL/I2C_LCD/I2C_LCD.o
                0x08008490                I2C_LCD_Clear
 *fill*         0x080084b2        0x2 
 .text.I2C_LCD_SetCursor
                0x080084b4       0x84 ./ECUAL/I2C_LCD/I2C_LCD.o
                0x080084b4                I2C_LCD_SetCursor
 .text.I2C_LCD_WriteString
                0x08008538       0x32 ./ECUAL/I2C_LCD/I2C_LCD.o
                0x08008538                I2C_LCD_WriteString
 *fill*         0x0800856a        0x2 
 .text.MX_FATFS_Init
                0x0800856c       0x24 ./FATFS/App/fatfs.o
                0x0800856c                MX_FATFS_Init
 .text.get_fattime
                0x08008590       0x10 ./FATFS/App/fatfs.o
                0x08008590                get_fattime
 .text.BSP_SD_Init
                0x080085a0       0x30 ./FATFS/Target/bsp_driver_sd.o
                0x080085a0                BSP_SD_Init
 .text.BSP_SD_ReadBlocks
                0x080085d0       0x3c ./FATFS/Target/bsp_driver_sd.o
                0x080085d0                BSP_SD_ReadBlocks
 .text.BSP_SD_WriteBlocks
                0x0800860c       0x3c ./FATFS/Target/bsp_driver_sd.o
                0x0800860c                BSP_SD_WriteBlocks
 .text.BSP_SD_GetCardState
                0x08008648       0x20 ./FATFS/Target/bsp_driver_sd.o
                0x08008648                BSP_SD_GetCardState
 .text.BSP_SD_GetCardInfo
                0x08008668       0x1c ./FATFS/Target/bsp_driver_sd.o
                0x08008668                BSP_SD_GetCardInfo
 .text.BSP_SD_IsDetected
                0x08008684       0x24 ./FATFS/Target/bsp_driver_sd.o
                0x08008684                BSP_SD_IsDetected
 .text.BSP_PlatformIsDetected
                0x080086a8       0x2c ./FATFS/Target/fatfs_platform.o
                0x080086a8                BSP_PlatformIsDetected
 .text.SD_CheckStatus
                0x080086d4       0x3c ./FATFS/Target/sd_diskio.o
 .text.SD_initialize
                0x08008710       0x3c ./FATFS/Target/sd_diskio.o
                0x08008710                SD_initialize
 .text.SD_status
                0x0800874c       0x1c ./FATFS/Target/sd_diskio.o
                0x0800874c                SD_status
 .text.SD_read  0x08008768       0x42 ./FATFS/Target/sd_diskio.o
                0x08008768                SD_read
 .text.SD_write
                0x080087aa       0x42 ./FATFS/Target/sd_diskio.o
                0x080087aa                SD_write
 .text.SD_ioctl
                0x080087ec       0xb0 ./FATFS/Target/sd_diskio.o
                0x080087ec                SD_ioctl
 .text.disk_status
                0x0800889c       0x34 ./Middlewares/Third_Party/FatFs/src/diskio.o
                0x0800889c                disk_status
 .text.disk_initialize
                0x080088d0       0x50 ./Middlewares/Third_Party/FatFs/src/diskio.o
                0x080088d0                disk_initialize
 .text.disk_read
                0x08008920       0x40 ./Middlewares/Third_Party/FatFs/src/diskio.o
                0x08008920                disk_read
 .text.disk_write
                0x08008960       0x40 ./Middlewares/Third_Party/FatFs/src/diskio.o
                0x08008960                disk_write
 .text.disk_ioctl
                0x080089a0       0x3c ./Middlewares/Third_Party/FatFs/src/diskio.o
                0x080089a0                disk_ioctl
 .text.ld_word  0x080089dc       0x30 ./Middlewares/Third_Party/FatFs/src/ff.o
 .text.ld_dword
                0x08008a0c       0x46 ./Middlewares/Third_Party/FatFs/src/ff.o
 .text.st_word  0x08008a52       0x36 ./Middlewares/Third_Party/FatFs/src/ff.o
 .text.st_dword
                0x08008a88       0x58 ./Middlewares/Third_Party/FatFs/src/ff.o
 .text.mem_cpy  0x08008ae0       0x42 ./Middlewares/Third_Party/FatFs/src/ff.o
 .text.mem_set  0x08008b22       0x36 ./Middlewares/Third_Party/FatFs/src/ff.o
 .text.mem_cmp  0x08008b58       0x4e ./Middlewares/Third_Party/FatFs/src/ff.o
 .text.chk_chr  0x08008ba6       0x36 ./Middlewares/Third_Party/FatFs/src/ff.o
 .text.chk_lock
                0x08008bdc       0xb8 ./Middlewares/Third_Party/FatFs/src/ff.o
 .text.enq_lock
                0x08008c94       0x44 ./Middlewares/Third_Party/FatFs/src/ff.o
 .text.inc_lock
                0x08008cd8      0x11c ./Middlewares/Third_Party/FatFs/src/ff.o
 .text.dec_lock
                0x08008df4       0x78 ./Middlewares/Third_Party/FatFs/src/ff.o
 .text.clear_lock
                0x08008e6c       0x48 ./Middlewares/Third_Party/FatFs/src/ff.o
 .text.sync_window
                0x08008eb4       0x88 ./Middlewares/Third_Party/FatFs/src/ff.o
 .text.move_window
                0x08008f3c       0x5a ./Middlewares/Third_Party/FatFs/src/ff.o
 *fill*         0x08008f96        0x2 
 .text.sync_fs  0x08008f98       0xe0 ./Middlewares/Third_Party/FatFs/src/ff.o
 .text.clust2sect
                0x08009078       0x3e ./Middlewares/Third_Party/FatFs/src/ff.o
 .text.get_fat  0x080090b6      0x1a6 ./Middlewares/Third_Party/FatFs/src/ff.o
 .text.put_fat  0x0800925c      0x234 ./Middlewares/Third_Party/FatFs/src/ff.o
 .text.remove_chain
                0x08009490       0xca ./Middlewares/Third_Party/FatFs/src/ff.o
 .text.create_chain
                0x0800955a      0x130 ./Middlewares/Third_Party/FatFs/src/ff.o
 .text.clmt_clust
                0x0800968a       0x70 ./Middlewares/Third_Party/FatFs/src/ff.o
 .text.dir_sdi  0x080096fa      0x112 ./Middlewares/Third_Party/FatFs/src/ff.o
 .text.dir_next
                0x0800980c      0x1ac ./Middlewares/Third_Party/FatFs/src/ff.o
 .text.dir_alloc
                0x080099b8       0x8e ./Middlewares/Third_Party/FatFs/src/ff.o
 .text.ld_clust
                0x08009a46       0x3e ./Middlewares/Third_Party/FatFs/src/ff.o
 .text.st_clust
                0x08009a84       0x40 ./Middlewares/Third_Party/FatFs/src/ff.o
 .text.cmp_lfn  0x08009ac4       0xe0 ./Middlewares/Third_Party/FatFs/src/ff.o
 .text.put_lfn  0x08009ba4       0xd0 ./Middlewares/Third_Party/FatFs/src/ff.o
 .text.gen_numname
                0x08009c74      0x11c ./Middlewares/Third_Party/FatFs/src/ff.o
 .text.sum_sfn  0x08009d90       0x42 ./Middlewares/Third_Party/FatFs/src/ff.o
 .text.dir_find
                0x08009dd2      0x180 ./Middlewares/Third_Party/FatFs/src/ff.o
 *fill*         0x08009f52        0x2 
 .text.dir_register
                0x08009f54      0x1f0 ./Middlewares/Third_Party/FatFs/src/ff.o
 .text.create_name
                0x0800a144      0x370 ./Middlewares/Third_Party/FatFs/src/ff.o
 .text.follow_path
                0x0800a4b4       0xec ./Middlewares/Third_Party/FatFs/src/ff.o
 .text.get_ldnumber
                0x0800a5a0       0x88 ./Middlewares/Third_Party/FatFs/src/ff.o
 .text.check_fs
                0x0800a628       0xac ./Middlewares/Third_Party/FatFs/src/ff.o
 .text.find_volume
                0x0800a6d4      0x500 ./Middlewares/Third_Party/FatFs/src/ff.o
 .text.validate
                0x0800abd4       0x6a ./Middlewares/Third_Party/FatFs/src/ff.o
 *fill*         0x0800ac3e        0x2 
 .text.f_mount  0x0800ac40       0x8c ./Middlewares/Third_Party/FatFs/src/ff.o
                0x0800ac40                f_mount
 .text.f_open   0x0800accc      0x3b0 ./Middlewares/Third_Party/FatFs/src/ff.o
                0x0800accc                f_open
 .text.f_read   0x0800b07c      0x2be ./Middlewares/Third_Party/FatFs/src/ff.o
                0x0800b07c                f_read
 .text.f_sync   0x0800b33a       0xfc ./Middlewares/Third_Party/FatFs/src/ff.o
                0x0800b33a                f_sync
 .text.f_close  0x0800b436       0x54 ./Middlewares/Third_Party/FatFs/src/ff.o
                0x0800b436                f_close
 .text.f_getfree
                0x0800b48a      0x16a ./Middlewares/Third_Party/FatFs/src/ff.o
                0x0800b48a                f_getfree
 .text.FATFS_LinkDriverEx
                0x0800b5f4       0x98 ./Middlewares/Third_Party/FatFs/src/ff_gen_drv.o
                0x0800b5f4                FATFS_LinkDriverEx
 .text.FATFS_LinkDriver
                0x0800b68c       0x1e ./Middlewares/Third_Party/FatFs/src/ff_gen_drv.o
                0x0800b68c                FATFS_LinkDriver
 *fill*         0x0800b6aa        0x2 
 .text.ff_convert
                0x0800b6ac       0x78 ./Middlewares/Third_Party/FatFs/src/option/ccsbcs.o
                0x0800b6ac                ff_convert
 .text.ff_wtoupper
                0x0800b724      0x114 ./Middlewares/Third_Party/FatFs/src/option/ccsbcs.o
                0x0800b724                ff_wtoupper
 .text.ff_memalloc
                0x0800b838       0x18 ./Middlewares/Third_Party/FatFs/src/option/syscall.o
                0x0800b838                ff_memalloc
 .text.ff_memfree
                0x0800b850       0x16 ./Middlewares/Third_Party/FatFs/src/option/syscall.o
                0x0800b850                ff_memfree
 .text.vListInitialise
                0x0800b866       0x40 ./ThirdParty/FreeRTOS/list.o
                0x0800b866                vListInitialise
 .text.vListInitialiseItem
                0x0800b8a6       0x1a ./ThirdParty/FreeRTOS/list.o
                0x0800b8a6                vListInitialiseItem
 .text.vListInsertEnd
                0x0800b8c0       0x48 ./ThirdParty/FreeRTOS/list.o
                0x0800b8c0                vListInsertEnd
 .text.vListInsert
                0x0800b908       0x72 ./ThirdParty/FreeRTOS/list.o
                0x0800b908                vListInsert
 .text.uxListRemove
                0x0800b97a       0x54 ./ThirdParty/FreeRTOS/list.o
                0x0800b97a                uxListRemove
 *fill*         0x0800b9ce        0x2 
 .text.xQueueGenericReset
                0x0800b9d0       0xd4 ./ThirdParty/FreeRTOS/queue.o
                0x0800b9d0                xQueueGenericReset
 .text.xQueueGenericCreate
                0x0800baa4       0xc4 ./ThirdParty/FreeRTOS/queue.o
                0x0800baa4                xQueueGenericCreate
 .text.prvInitialiseNewQueue
                0x0800bb68       0x46 ./ThirdParty/FreeRTOS/queue.o
 *fill*         0x0800bbae        0x2 
 .text.xQueueGenericSend
                0x0800bbb0      0x204 ./ThirdParty/FreeRTOS/queue.o
                0x0800bbb0                xQueueGenericSend
 .text.xQueueGenericSendFromISR
                0x0800bdb4      0x15c ./ThirdParty/FreeRTOS/queue.o
                0x0800bdb4                xQueueGenericSendFromISR
 .text.xQueueReceive
                0x0800bf10      0x1c4 ./ThirdParty/FreeRTOS/queue.o
                0x0800bf10                xQueueReceive
 .text.xQueueReceiveFromISR
                0x0800c0d4      0x124 ./ThirdParty/FreeRTOS/queue.o
                0x0800c0d4                xQueueReceiveFromISR
 .text.prvCopyDataToQueue
                0x0800c1f8       0xd4 ./ThirdParty/FreeRTOS/queue.o
 .text.prvCopyDataFromQueue
                0x0800c2cc       0x4c ./ThirdParty/FreeRTOS/queue.o
 .text.prvUnlockQueue
                0x0800c318       0xa4 ./ThirdParty/FreeRTOS/queue.o
 .text.prvIsQueueEmpty
                0x0800c3bc       0x2c ./ThirdParty/FreeRTOS/queue.o
 .text.prvIsQueueFull
                0x0800c3e8       0x30 ./ThirdParty/FreeRTOS/queue.o
 .text.xQueueIsQueueFullFromISR
                0x0800c418       0x4e ./ThirdParty/FreeRTOS/queue.o
                0x0800c418                xQueueIsQueueFullFromISR
 *fill*         0x0800c466        0x2 
 .text.vQueueAddToRegistry
                0x0800c468       0x54 ./ThirdParty/FreeRTOS/queue.o
                0x0800c468                vQueueAddToRegistry
 .text.vQueueWaitForMessageRestricted
                0x0800c4bc       0x68 ./ThirdParty/FreeRTOS/queue.o
                0x0800c4bc                vQueueWaitForMessageRestricted
 .text.xTaskCreate
                0x0800c524       0x82 ./ThirdParty/FreeRTOS/tasks.o
                0x0800c524                xTaskCreate
 .text.prvInitialiseNewTask
                0x0800c5a6      0x12e ./ThirdParty/FreeRTOS/tasks.o
 .text.prvAddNewTaskToReadyList
                0x0800c6d4       0xdc ./ThirdParty/FreeRTOS/tasks.o
 .text.vTaskDelay
                0x0800c7b0       0x6c ./ThirdParty/FreeRTOS/tasks.o
                0x0800c7b0                vTaskDelay
 .text.vTaskStartScheduler
                0x0800c81c       0xa4 ./ThirdParty/FreeRTOS/tasks.o
                0x0800c81c                vTaskStartScheduler
 .text.vTaskSuspendAll
                0x0800c8c0       0x1c ./ThirdParty/FreeRTOS/tasks.o
                0x0800c8c0                vTaskSuspendAll
 .text.xTaskResumeAll
                0x0800c8dc      0x13c ./ThirdParty/FreeRTOS/tasks.o
                0x0800c8dc                xTaskResumeAll
 .text.xTaskGetTickCount
                0x0800ca18       0x20 ./ThirdParty/FreeRTOS/tasks.o
                0x0800ca18                xTaskGetTickCount
 .text.xTaskIncrementTick
                0x0800ca38      0x174 ./ThirdParty/FreeRTOS/tasks.o
                0x0800ca38                xTaskIncrementTick
 .text.vTaskSwitchContext
                0x0800cbac       0xb8 ./ThirdParty/FreeRTOS/tasks.o
                0x0800cbac                vTaskSwitchContext
 .text.vTaskPlaceOnEventList
                0x0800cc64       0x4c ./ThirdParty/FreeRTOS/tasks.o
                0x0800cc64                vTaskPlaceOnEventList
 .text.vTaskPlaceOnEventListRestricted
                0x0800ccb0       0x58 ./ThirdParty/FreeRTOS/tasks.o
                0x0800ccb0                vTaskPlaceOnEventListRestricted
 .text.xTaskRemoveFromEventList
                0x0800cd08       0xc8 ./ThirdParty/FreeRTOS/tasks.o
                0x0800cd08                xTaskRemoveFromEventList
 .text.vTaskInternalSetTimeOutState
                0x0800cdd0       0x2c ./ThirdParty/FreeRTOS/tasks.o
                0x0800cdd0                vTaskInternalSetTimeOutState
 .text.xTaskCheckForTimeOut
                0x0800cdfc       0xd0 ./ThirdParty/FreeRTOS/tasks.o
                0x0800cdfc                xTaskCheckForTimeOut
 .text.vTaskMissedYield
                0x0800cecc       0x18 ./ThirdParty/FreeRTOS/tasks.o
                0x0800cecc                vTaskMissedYield
 .text.prvIdleTask
                0x0800cee4       0x30 ./ThirdParty/FreeRTOS/tasks.o
 .text.prvInitialiseTaskLists
                0x0800cf14       0x80 ./ThirdParty/FreeRTOS/tasks.o
 .text.prvCheckTasksWaitingTermination
                0x0800cf94       0x5c ./ThirdParty/FreeRTOS/tasks.o
 .text.prvDeleteTCB
                0x0800cff0       0x20 ./ThirdParty/FreeRTOS/tasks.o
 .text.prvResetNextTaskUnblockTime
                0x0800d010       0x38 ./ThirdParty/FreeRTOS/tasks.o
 .text.xTaskGetSchedulerState
                0x0800d048       0x3c ./ThirdParty/FreeRTOS/tasks.o
                0x0800d048                xTaskGetSchedulerState
 .text.xTaskPriorityDisinherit
                0x0800d084       0xf8 ./ThirdParty/FreeRTOS/tasks.o
                0x0800d084                xTaskPriorityDisinherit
 .text.xTaskGenericNotifyWait
                0x0800d17c      0x100 ./ThirdParty/FreeRTOS/tasks.o
                0x0800d17c                xTaskGenericNotifyWait
 .text.xTaskGenericNotify
                0x0800d27c      0x1c8 ./ThirdParty/FreeRTOS/tasks.o
                0x0800d27c                xTaskGenericNotify
 .text.xTaskGenericNotifyFromISR
                0x0800d444      0x20c ./ThirdParty/FreeRTOS/tasks.o
                0x0800d444                xTaskGenericNotifyFromISR
 .text.prvAddCurrentTaskToDelayedList
                0x0800d650       0xcc ./ThirdParty/FreeRTOS/tasks.o
 .text.xTimerCreateTimerTask
                0x0800d71c       0x68 ./ThirdParty/FreeRTOS/timers.o
                0x0800d71c                xTimerCreateTimerTask
 .text.xTimerCreate
                0x0800d784       0x42 ./ThirdParty/FreeRTOS/timers.o
                0x0800d784                xTimerCreate
 .text.prvInitialiseNewTimer
                0x0800d7c6       0x78 ./ThirdParty/FreeRTOS/timers.o
 *fill*         0x0800d83e        0x2 
 .text.xTimerGenericCommand
                0x0800d840       0x9c ./ThirdParty/FreeRTOS/timers.o
                0x0800d840                xTimerGenericCommand
 .text.prvProcessExpiredTimer
                0x0800d8dc       0x9c ./ThirdParty/FreeRTOS/timers.o
 .text.prvTimerTask
                0x0800d978       0x26 ./ThirdParty/FreeRTOS/timers.o
 *fill*         0x0800d99e        0x2 
 .text.prvProcessTimerOrBlockTask
                0x0800d9a0       0x9c ./ThirdParty/FreeRTOS/timers.o
 .text.prvGetNextExpireTime
                0x0800da3c       0x48 ./ThirdParty/FreeRTOS/timers.o
 .text.prvSampleTimeNow
                0x0800da84       0x40 ./ThirdParty/FreeRTOS/timers.o
 .text.prvInsertTimerInActiveList
                0x0800dac4       0x84 ./ThirdParty/FreeRTOS/timers.o
 .text.prvProcessReceivedCommands
                0x0800db48      0x194 ./ThirdParty/FreeRTOS/timers.o
 .text.prvSwitchTimerLists
                0x0800dcdc       0xcc ./ThirdParty/FreeRTOS/timers.o
 .text.prvCheckForValidListAndQueue
                0x0800dda8       0x6c ./ThirdParty/FreeRTOS/timers.o
 .text.pxPortInitialiseStack
                0x0800de14       0x68 ./ThirdParty/FreeRTOS/portable/GCC/ARM_CM4F/port.o
                0x0800de14                pxPortInitialiseStack
 .text.prvTaskExitError
                0x0800de7c       0x5c ./ThirdParty/FreeRTOS/portable/GCC/ARM_CM4F/port.o
 *fill*         0x0800ded8        0x8 
 .text.SVC_Handler
                0x0800dee0       0x28 ./ThirdParty/FreeRTOS/portable/GCC/ARM_CM4F/port.o
                0x0800dee0                SVC_Handler
 .text.prvPortStartFirstTask
                0x0800df08       0x2c ./ThirdParty/FreeRTOS/portable/GCC/ARM_CM4F/port.o
 .text.xPortStartScheduler
                0x0800df34      0x148 ./ThirdParty/FreeRTOS/portable/GCC/ARM_CM4F/port.o
                0x0800df34                xPortStartScheduler
 .text.vPortEnterCritical
                0x0800e07c       0x64 ./ThirdParty/FreeRTOS/portable/GCC/ARM_CM4F/port.o
                0x0800e07c                vPortEnterCritical
 .text.vPortExitCritical
                0x0800e0e0       0x54 ./ThirdParty/FreeRTOS/portable/GCC/ARM_CM4F/port.o
                0x0800e0e0                vPortExitCritical
 *fill*         0x0800e134        0xc 
 .text.PendSV_Handler
                0x0800e140       0x68 ./ThirdParty/FreeRTOS/portable/GCC/ARM_CM4F/port.o
                0x0800e140                PendSV_Handler
 .text.SysTick_Handler
                0x0800e1a8       0x44 ./ThirdParty/FreeRTOS/portable/GCC/ARM_CM4F/port.o
                0x0800e1a8                SysTick_Handler
 .text.vPortSetupTimerInterrupt
                0x0800e1ec       0x48 ./ThirdParty/FreeRTOS/portable/GCC/ARM_CM4F/port.o
                0x0800e1ec                vPortSetupTimerInterrupt
 .text.vPortEnableVFP
                0x0800e234       0x18 ./ThirdParty/FreeRTOS/portable/GCC/ARM_CM4F/port.o
 .text.vPortValidateInterruptPriority
                0x0800e24c       0x84 ./ThirdParty/FreeRTOS/portable/GCC/ARM_CM4F/port.o
                0x0800e24c                vPortValidateInterruptPriority
 .text.pvPortMalloc
                0x0800e2d0      0x1c4 ./ThirdParty/FreeRTOS/portable/MemMang/heap_4.o
                0x0800e2d0                pvPortMalloc
 .text.vPortFree
                0x0800e494       0xc8 ./ThirdParty/FreeRTOS/portable/MemMang/heap_4.o
                0x0800e494                vPortFree
 .text.prvHeapInit
                0x0800e55c       0xc4 ./ThirdParty/FreeRTOS/portable/MemMang/heap_4.o
 .text.prvInsertBlockIntoFreeList
                0x0800e620       0xb4 ./ThirdParty/FreeRTOS/portable/MemMang/heap_4.o
 .text.malloc   0x0800e6d4       0x10 C:/ST/STM32CubeIDE_1.15.1/STM32CubeIDE/plugins/com.st.stm32cube.ide.mcu.externaltools.gnu-tools-for-stm32.12.3.rel1.win32_1.0.100.202403111256/tools/bin/../lib/gcc/arm-none-eabi/12.3.1/../../../../arm-none-eabi/lib/thumb/v7e-m+fp/hard\libc_nano.a(libc_a-malloc.o)
                0x0800e6d4                malloc
 .text.free     0x0800e6e4       0x10 C:/ST/STM32CubeIDE_1.15.1/STM32CubeIDE/plugins/com.st.stm32cube.ide.mcu.externaltools.gnu-tools-for-stm32.12.3.rel1.win32_1.0.100.202403111256/tools/bin/../lib/gcc/arm-none-eabi/12.3.1/../../../../arm-none-eabi/lib/thumb/v7e-m+fp/hard\libc_nano.a(libc_a-malloc.o)
                0x0800e6e4                free
 .text.sbrk_aligned
                0x0800e6f4       0x44 C:/ST/STM32CubeIDE_1.15.1/STM32CubeIDE/plugins/com.st.stm32cube.ide.mcu.externaltools.gnu-tools-for-stm32.12.3.rel1.win32_1.0.100.202403111256/tools/bin/../lib/gcc/arm-none-eabi/12.3.1/../../../../arm-none-eabi/lib/thumb/v7e-m+fp/hard\libc_nano.a(libc_a-mallocr.o)
 .text._malloc_r
                0x0800e738      0x100 C:/ST/STM32CubeIDE_1.15.1/STM32CubeIDE/plugins/com.st.stm32cube.ide.mcu.externaltools.gnu-tools-for-stm32.12.3.rel1.win32_1.0.100.202403111256/tools/bin/../lib/gcc/arm-none-eabi/12.3.1/../../../../arm-none-eabi/lib/thumb/v7e-m+fp/hard\libc_nano.a(libc_a-mallocr.o)
                0x0800e738                _malloc_r
 .text.__malloc_lock
                0x0800e838        0xc C:/ST/STM32CubeIDE_1.15.1/STM32CubeIDE/plugins/com.st.stm32cube.ide.mcu.externaltools.gnu-tools-for-stm32.12.3.rel1.win32_1.0.100.202403111256/tools/bin/../lib/gcc/arm-none-eabi/12.3.1/../../../../arm-none-eabi/lib/thumb/v7e-m+fp/hard\libc_nano.a(libc_a-mlock.o)
                0x0800e838                __malloc_lock
 .text.__malloc_unlock
                0x0800e844        0xc C:/ST/STM32CubeIDE_1.15.1/STM32CubeIDE/plugins/com.st.stm32cube.ide.mcu.externaltools.gnu-tools-for-stm32.12.3.rel1.win32_1.0.100.202403111256/tools/bin/../lib/gcc/arm-none-eabi/12.3.1/../../../../arm-none-eabi/lib/thumb/v7e-m+fp/hard\libc_nano.a(libc_a-mlock.o)
                0x0800e844                __malloc_unlock
 .text.sprintf  0x0800e850       0x40 C:/ST/STM32CubeIDE_1.15.1/STM32CubeIDE/plugins/com.st.stm32cube.ide.mcu.externaltools.gnu-tools-for-stm32.12.3.rel1.win32_1.0.100.202403111256/tools/bin/../lib/gcc/arm-none-eabi/12.3.1/../../../../arm-none-eabi/lib/thumb/v7e-m+fp/hard\libc_nano.a(libc_a-sprintf.o)
                0x0800e850                siprintf
                0x0800e850                sprintf
 .text.sscanf   0x0800e890       0x54 C:/ST/STM32CubeIDE_1.15.1/STM32CubeIDE/plugins/com.st.stm32cube.ide.mcu.externaltools.gnu-tools-for-stm32.12.3.rel1.win32_1.0.100.202403111256/tools/bin/../lib/gcc/arm-none-eabi/12.3.1/../../../../arm-none-eabi/lib/thumb/v7e-m+fp/hard\libc_nano.a(libc_a-sscanf.o)
                0x0800e890                siscanf
                0x0800e890                sscanf
 .text.__seofread
                0x0800e8e4        0x4 C:/ST/STM32CubeIDE_1.15.1/STM32CubeIDE/plugins/com.st.stm32cube.ide.mcu.externaltools.gnu-tools-for-stm32.12.3.rel1.win32_1.0.100.202403111256/tools/bin/../lib/gcc/arm-none-eabi/12.3.1/../../../../arm-none-eabi/lib/thumb/v7e-m+fp/hard\libc_nano.a(libc_a-stdio.o)
                0x0800e8e4                __seofread
 .text.memset   0x0800e8e8       0x10 C:/ST/STM32CubeIDE_1.15.1/STM32CubeIDE/plugins/com.st.stm32cube.ide.mcu.externaltools.gnu-tools-for-stm32.12.3.rel1.win32_1.0.100.202403111256/tools/bin/../lib/gcc/arm-none-eabi/12.3.1/../../../../arm-none-eabi/lib/thumb/v7e-m+fp/hard\libc_nano.a(libc_a-memset.o)
                0x0800e8e8                memset
 .text._sbrk_r  0x0800e8f8       0x20 C:/ST/STM32CubeIDE_1.15.1/STM32CubeIDE/plugins/com.st.stm32cube.ide.mcu.externaltools.gnu-tools-for-stm32.12.3.rel1.win32_1.0.100.202403111256/tools/bin/../lib/gcc/arm-none-eabi/12.3.1/../../../../arm-none-eabi/lib/thumb/v7e-m+fp/hard\libc_nano.a(libc_a-sbrkr.o)
                0x0800e8f8                _sbrk_r
 .text.__errno  0x0800e918        0xc C:/ST/STM32CubeIDE_1.15.1/STM32CubeIDE/plugins/com.st.stm32cube.ide.mcu.externaltools.gnu-tools-for-stm32.12.3.rel1.win32_1.0.100.202403111256/tools/bin/../lib/gcc/arm-none-eabi/12.3.1/../../../../arm-none-eabi/lib/thumb/v7e-m+fp/hard\libc_nano.a(libc_a-errno.o)
                0x0800e918                __errno
 .text.__libc_init_array
                0x0800e924       0x48 C:/ST/STM32CubeIDE_1.15.1/STM32CubeIDE/plugins/com.st.stm32cube.ide.mcu.externaltools.gnu-tools-for-stm32.12.3.rel1.win32_1.0.100.202403111256/tools/bin/../lib/gcc/arm-none-eabi/12.3.1/../../../../arm-none-eabi/lib/thumb/v7e-m+fp/hard\libc_nano.a(libc_a-init.o)
                0x0800e924                __libc_init_array
 .text.__retarget_lock_acquire_recursive
                0x0800e96c        0x2 C:/ST/STM32CubeIDE_1.15.1/STM32CubeIDE/plugins/com.st.stm32cube.ide.mcu.externaltools.gnu-tools-for-stm32.12.3.rel1.win32_1.0.100.202403111256/tools/bin/../lib/gcc/arm-none-eabi/12.3.1/../../../../arm-none-eabi/lib/thumb/v7e-m+fp/hard\libc_nano.a(libc_a-lock.o)
                0x0800e96c                __retarget_lock_acquire_recursive
 .text.__retarget_lock_release_recursive
                0x0800e96e        0x2 C:/ST/STM32CubeIDE_1.15.1/STM32CubeIDE/plugins/com.st.stm32cube.ide.mcu.externaltools.gnu-tools-for-stm32.12.3.rel1.win32_1.0.100.202403111256/tools/bin/../lib/gcc/arm-none-eabi/12.3.1/../../../../arm-none-eabi/lib/thumb/v7e-m+fp/hard\libc_nano.a(libc_a-lock.o)
                0x0800e96e                __retarget_lock_release_recursive
 .text.memcpy   0x0800e970       0x1c C:/ST/STM32CubeIDE_1.15.1/STM32CubeIDE/plugins/com.st.stm32cube.ide.mcu.externaltools.gnu-tools-for-stm32.12.3.rel1.win32_1.0.100.202403111256/tools/bin/../lib/gcc/arm-none-eabi/12.3.1/../../../../arm-none-eabi/lib/thumb/v7e-m+fp/hard\libc_nano.a(libc_a-memcpy-stub.o)
                0x0800e970                memcpy
 .text._free_r  0x0800e98c       0x94 C:/ST/STM32CubeIDE_1.15.1/STM32CubeIDE/plugins/com.st.stm32cube.ide.mcu.externaltools.gnu-tools-for-stm32.12.3.rel1.win32_1.0.100.202403111256/tools/bin/../lib/gcc/arm-none-eabi/12.3.1/../../../../arm-none-eabi/lib/thumb/v7e-m+fp/hard\libc_nano.a(libc_a-freer.o)
                0x0800e98c                _free_r
 .text.__ssputs_r
                0x0800ea20       0xb6 C:/ST/STM32CubeIDE_1.15.1/STM32CubeIDE/plugins/com.st.stm32cube.ide.mcu.externaltools.gnu-tools-for-stm32.12.3.rel1.win32_1.0.100.202403111256/tools/bin/../lib/gcc/arm-none-eabi/12.3.1/../../../../arm-none-eabi/lib/thumb/v7e-m+fp/hard\libc_nano.a(libc_a-nano-svfprintf.o)
                0x0800ea20                __ssputs_r
 *fill*         0x0800ead6        0x2 
 .text._svfprintf_r
                0x0800ead8      0x1f8 C:/ST/STM32CubeIDE_1.15.1/STM32CubeIDE/plugins/com.st.stm32cube.ide.mcu.externaltools.gnu-tools-for-stm32.12.3.rel1.win32_1.0.100.202403111256/tools/bin/../lib/gcc/arm-none-eabi/12.3.1/../../../../arm-none-eabi/lib/thumb/v7e-m+fp/hard\libc_nano.a(libc_a-nano-svfprintf.o)
                0x0800ead8                _svfiprintf_r
                0x0800ead8                _svfprintf_r
 .text._sungetc_r
                0x0800ecd0       0x76 C:/ST/STM32CubeIDE_1.15.1/STM32CubeIDE/plugins/com.st.stm32cube.ide.mcu.externaltools.gnu-tools-for-stm32.12.3.rel1.win32_1.0.100.202403111256/tools/bin/../lib/gcc/arm-none-eabi/12.3.1/../../../../arm-none-eabi/lib/thumb/v7e-m+fp/hard\libc_nano.a(libc_a-nano-svfscanf.o)
                0x0800ecd0                _sungetc_r
 .text.__ssrefill_r
                0x0800ed46       0x3a C:/ST/STM32CubeIDE_1.15.1/STM32CubeIDE/plugins/com.st.stm32cube.ide.mcu.externaltools.gnu-tools-for-stm32.12.3.rel1.win32_1.0.100.202403111256/tools/bin/../lib/gcc/arm-none-eabi/12.3.1/../../../../arm-none-eabi/lib/thumb/v7e-m+fp/hard\libc_nano.a(libc_a-nano-svfscanf.o)
                0x0800ed46                __ssrefill_r
 .text.__ssvfscanf_r
                0x0800ed80      0x2e8 C:/ST/STM32CubeIDE_1.15.1/STM32CubeIDE/plugins/com.st.stm32cube.ide.mcu.externaltools.gnu-tools-for-stm32.12.3.rel1.win32_1.0.100.202403111256/tools/bin/../lib/gcc/arm-none-eabi/12.3.1/../../../../arm-none-eabi/lib/thumb/v7e-m+fp/hard\libc_nano.a(libc_a-nano-svfscanf.o)
                0x0800ed80                __ssvfiscanf_r
                0x0800ed80                __ssvfscanf_r
 .text._printf_common
                0x0800f068       0xda C:/ST/STM32CubeIDE_1.15.1/STM32CubeIDE/plugins/com.st.stm32cube.ide.mcu.externaltools.gnu-tools-for-stm32.12.3.rel1.win32_1.0.100.202403111256/tools/bin/../lib/gcc/arm-none-eabi/12.3.1/../../../../arm-none-eabi/lib/thumb/v7e-m+fp/hard\libc_nano.a(libc_a-nano-vfprintf_i.o)
                0x0800f068                _printf_common
 *fill*         0x0800f142        0x2 
 .text._printf_i
                0x0800f144      0x240 C:/ST/STM32CubeIDE_1.15.1/STM32CubeIDE/plugins/com.st.stm32cube.ide.mcu.externaltools.gnu-tools-for-stm32.12.3.rel1.win32_1.0.100.202403111256/tools/bin/../lib/gcc/arm-none-eabi/12.3.1/../../../../arm-none-eabi/lib/thumb/v7e-m+fp/hard\libc_nano.a(libc_a-nano-vfprintf_i.o)
                0x0800f144                _printf_i
 .text._scanf_chars
                0x0800f384       0xb4 C:/ST/STM32CubeIDE_1.15.1/STM32CubeIDE/plugins/com.st.stm32cube.ide.mcu.externaltools.gnu-tools-for-stm32.12.3.rel1.win32_1.0.100.202403111256/tools/bin/../lib/gcc/arm-none-eabi/12.3.1/../../../../arm-none-eabi/lib/thumb/v7e-m+fp/hard\libc_nano.a(libc_a-nano-vfscanf_i.o)
                0x0800f384                _scanf_chars
 .text._scanf_i
                0x0800f438      0x1e8 C:/ST/STM32CubeIDE_1.15.1/STM32CubeIDE/plugins/com.st.stm32cube.ide.mcu.externaltools.gnu-tools-for-stm32.12.3.rel1.win32_1.0.100.202403111256/tools/bin/../lib/gcc/arm-none-eabi/12.3.1/../../../../arm-none-eabi/lib/thumb/v7e-m+fp/hard\libc_nano.a(libc_a-nano-vfscanf_i.o)
                0x0800f438                _scanf_i
 .text.__sccl   0x0800f620       0x72 C:/ST/STM32CubeIDE_1.15.1/STM32CubeIDE/plugins/com.st.stm32cube.ide.mcu.externaltools.gnu-tools-for-stm32.12.3.rel1.win32_1.0.100.202403111256/tools/bin/../lib/gcc/arm-none-eabi/12.3.1/../../../../arm-none-eabi/lib/thumb/v7e-m+fp/hard\libc_nano.a(libc_a-sccl.o)
                0x0800f620                __sccl
 .text.__submore
                0x0800f692       0x74 C:/ST/STM32CubeIDE_1.15.1/STM32CubeIDE/plugins/com.st.stm32cube.ide.mcu.externaltools.gnu-tools-for-stm32.12.3.rel1.win32_1.0.100.202403111256/tools/bin/../lib/gcc/arm-none-eabi/12.3.1/../../../../arm-none-eabi/lib/thumb/v7e-m+fp/hard\libc_nano.a(libc_a-ungetc.o)
                0x0800f692                __submore
 .text.memmove  0x0800f706       0x34 C:/ST/STM32CubeIDE_1.15.1/STM32CubeIDE/plugins/com.st.stm32cube.ide.mcu.externaltools.gnu-tools-for-stm32.12.3.rel1.win32_1.0.100.202403111256/tools/bin/../lib/gcc/arm-none-eabi/12.3.1/../../../../arm-none-eabi/lib/thumb/v7e-m+fp/hard\libc_nano.a(libc_a-memmove.o)
                0x0800f706                memmove
 .text._realloc_r
                0x0800f73a       0x5c C:/ST/STM32CubeIDE_1.15.1/STM32CubeIDE/plugins/com.st.stm32cube.ide.mcu.externaltools.gnu-tools-for-stm32.12.3.rel1.win32_1.0.100.202403111256/tools/bin/../lib/gcc/arm-none-eabi/12.3.1/../../../../arm-none-eabi/lib/thumb/v7e-m+fp/hard\libc_nano.a(libc_a-reallocr.o)
                0x0800f73a                _realloc_r
 *fill*         0x0800f796        0x2 
 .text._strtol_l.constprop.0
                0x0800f798       0xf4 C:/ST/STM32CubeIDE_1.15.1/STM32CubeIDE/plugins/com.st.stm32cube.ide.mcu.externaltools.gnu-tools-for-stm32.12.3.rel1.win32_1.0.100.202403111256/tools/bin/../lib/gcc/arm-none-eabi/12.3.1/../../../../arm-none-eabi/lib/thumb/v7e-m+fp/hard\libc_nano.a(libc_a-strtol.o)
 .text._strtol_r
                0x0800f88c        0x4 C:/ST/STM32CubeIDE_1.15.1/STM32CubeIDE/plugins/com.st.stm32cube.ide.mcu.externaltools.gnu-tools-for-stm32.12.3.rel1.win32_1.0.100.202403111256/tools/bin/../lib/gcc/arm-none-eabi/12.3.1/../../../../arm-none-eabi/lib/thumb/v7e-m+fp/hard\libc_nano.a(libc_a-strtol.o)
                0x0800f88c                _strtol_r
 .text._strtoul_l.constprop.0
                0x0800f890       0xdc C:/ST/STM32CubeIDE_1.15.1/STM32CubeIDE/plugins/com.st.stm32cube.ide.mcu.externaltools.gnu-tools-for-stm32.12.3.rel1.win32_1.0.100.202403111256/tools/bin/../lib/gcc/arm-none-eabi/12.3.1/../../../../arm-none-eabi/lib/thumb/v7e-m+fp/hard\libc_nano.a(libc_a-strtoul.o)
 .text._strtoul_r
                0x0800f96c        0x4 C:/ST/STM32CubeIDE_1.15.1/STM32CubeIDE/plugins/com.st.stm32cube.ide.mcu.externaltools.gnu-tools-for-stm32.12.3.rel1.win32_1.0.100.202403111256/tools/bin/../lib/gcc/arm-none-eabi/12.3.1/../../../../arm-none-eabi/lib/thumb/v7e-m+fp/hard\libc_nano.a(libc_a-strtoul.o)
                0x0800f96c                _strtoul_r
 .text._malloc_usable_size_r
                0x0800f970       0x10 C:/ST/STM32CubeIDE_1.15.1/STM32CubeIDE/plugins/com.st.stm32cube.ide.mcu.externaltools.gnu-tools-for-stm32.12.3.rel1.win32_1.0.100.202403111256/tools/bin/../lib/gcc/arm-none-eabi/12.3.1/../../../../arm-none-eabi/lib/thumb/v7e-m+fp/hard\libc_nano.a(libc_a-msizer.o)
                0x0800f970                _malloc_usable_size_r
 .text._sbrk    0x0800f980       0x1c C:/ST/STM32CubeIDE_1.15.1/STM32CubeIDE/plugins/com.st.stm32cube.ide.mcu.externaltools.gnu-tools-for-stm32.12.3.rel1.win32_1.0.100.202403111256/tools/bin/../lib/gcc/arm-none-eabi/12.3.1/../../../../arm-none-eabi/lib/thumb/v7e-m+fp/hard\libnosys.a(sbrk.o)
                0x0800f980                _sbrk
 *(.glue_7)
 .glue_7        0x0800f99c        0x0 linker stubs
 *(.glue_7t)
 .glue_7t       0x0800f99c        0x0 linker stubs
 *(.eh_frame)
 .eh_frame      0x0800f99c        0x0 C:/ST/STM32CubeIDE_1.15.1/STM32CubeIDE/plugins/com.st.stm32cube.ide.mcu.externaltools.gnu-tools-for-stm32.12.3.rel1.win32_1.0.100.202403111256/tools/bin/../lib/gcc/arm-none-eabi/12.3.1/thumb/v7e-m+fp/hard/crtbegin.o
 *(.init)
 .init          0x0800f99c        0x4 C:/ST/STM32CubeIDE_1.15.1/STM32CubeIDE/plugins/com.st.stm32cube.ide.mcu.externaltools.gnu-tools-for-stm32.12.3.rel1.win32_1.0.100.202403111256/tools/bin/../lib/gcc/arm-none-eabi/12.3.1/thumb/v7e-m+fp/hard/crti.o
                0x0800f99c                _init
 .init          0x0800f9a0        0x8 C:/ST/STM32CubeIDE_1.15.1/STM32CubeIDE/plugins/com.st.stm32cube.ide.mcu.externaltools.gnu-tools-for-stm32.12.3.rel1.win32_1.0.100.202403111256/tools/bin/../lib/gcc/arm-none-eabi/12.3.1/thumb/v7e-m+fp/hard/crtn.o
 *(.fini)
 .fini          0x0800f9a8        0x4 C:/ST/STM32CubeIDE_1.15.1/STM32CubeIDE/plugins/com.st.stm32cube.ide.mcu.externaltools.gnu-tools-for-stm32.12.3.rel1.win32_1.0.100.202403111256/tools/bin/../lib/gcc/arm-none-eabi/12.3.1/thumb/v7e-m+fp/hard/crti.o
                0x0800f9a8                _fini
 .fini          0x0800f9ac        0x8 C:/ST/STM32CubeIDE_1.15.1/STM32CubeIDE/plugins/com.st.stm32cube.ide.mcu.externaltools.gnu-tools-for-stm32.12.3.rel1.win32_1.0.100.202403111256/tools/bin/../lib/gcc/arm-none-eabi/12.3.1/thumb/v7e-m+fp/hard/crtn.o
                0x0800f9b4                        . = ALIGN (0x4)
                0x0800f9b4                        _etext = .

.vfp11_veneer   0x0800f9b4        0x0
 .vfp11_veneer  0x0800f9b4        0x0 linker stubs

.v4_bx          0x0800f9b4        0x0
 .v4_bx         0x0800f9b4        0x0 linker stubs

.iplt           0x0800f9b4        0x0
 .iplt          0x0800f9b4        0x0 C:/ST/STM32CubeIDE_1.15.1/STM32CubeIDE/plugins/com.st.stm32cube.ide.mcu.externaltools.gnu-tools-for-stm32.12.3.rel1.win32_1.0.100.202403111256/tools/bin/../lib/gcc/arm-none-eabi/12.3.1/thumb/v7e-m+fp/hard/crtbegin.o

.rodata         0x0800f9b4      0xaf0
                0x0800f9b4                        . = ALIGN (0x4)
 *(.rodata)
 .rodata        0x0800f9b4       0x6c ./Core/Src/bl_cmd_process.o
 .rodata        0x0800fa20      0x1f2 ./Core/Src/main.o
 *fill*         0x0800fc12        0x2 
 .rodata        0x0800fc14      0x24b ./Core/Src/task_handler.o
 *fill*         0x0800fe5f        0x1 
 .rodata        0x0800fe60       0x10 ./ECUAL/I2C_LCD/I2C_LCD.o
 .rodata        0x0800fe70       0x48 ./Middlewares/Third_Party/FatFs/src/ff.o
 .rodata        0x0800feb8        0x5 ./ThirdParty/FreeRTOS/tasks.o
 *fill*         0x0800febd        0x3 
 .rodata        0x0800fec0        0xd ./ThirdParty/FreeRTOS/timers.o
 *fill*         0x0800fecd        0x3 
 .rodata        0x0800fed0        0xc C:/ST/STM32CubeIDE_1.15.1/STM32CubeIDE/plugins/com.st.stm32cube.ide.mcu.externaltools.gnu-tools-for-stm32.12.3.rel1.win32_1.0.100.202403111256/tools/bin/../lib/gcc/arm-none-eabi/12.3.1/../../../../arm-none-eabi/lib/thumb/v7e-m+fp/hard\libc_nano.a(libc_a-nano-vfscanf_i.o)
 *(.rodata*)
 .rodata.AHBPrescTable
                0x0800fedc       0x10 ./Core/Src/system_stm32f4xx.o
                0x0800fedc                AHBPrescTable
 .rodata.APBPrescTable
                0x0800feec        0x8 ./Core/Src/system_stm32f4xx.o
                0x0800feec                APBPrescTable
 .rodata.I2C_LCD_CfgParam
                0x0800fef4        0xc ./ECUAL/I2C_LCD/I2C_LCD_cfg.o
                0x0800fef4                I2C_LCD_CfgParam
 .rodata.SD_Driver
                0x0800ff00       0x14 ./FATFS/Target/sd_diskio.o
                0x0800ff00                SD_Driver
 .rodata.ExCvt  0x0800ff14       0x80 ./Middlewares/Third_Party/FatFs/src/ff.o
 .rodata.LfnOfs
                0x0800ff94        0xd ./Middlewares/Third_Party/FatFs/src/ff.o
 *fill*         0x0800ffa1        0x3 
 .rodata.Tbl    0x0800ffa4      0x100 ./Middlewares/Third_Party/FatFs/src/option/ccsbcs.o
 .rodata.cvt1.1
                0x080100a4      0x1f2 ./Middlewares/Third_Party/FatFs/src/option/ccsbcs.o
 *fill*         0x08010296        0x2 
 .rodata.cvt2.0
                0x08010298       0xbc ./Middlewares/Third_Party/FatFs/src/option/ccsbcs.o
 .rodata._svfprintf_r.str1.1
                0x08010354       0x11 C:/ST/STM32CubeIDE_1.15.1/STM32CubeIDE/plugins/com.st.stm32cube.ide.mcu.externaltools.gnu-tools-for-stm32.12.3.rel1.win32_1.0.100.202403111256/tools/bin/../lib/gcc/arm-none-eabi/12.3.1/../../../../arm-none-eabi/lib/thumb/v7e-m+fp/hard\libc_nano.a(libc_a-nano-svfprintf.o)
 .rodata.__ssvfscanf_r.str1.1
                0x08010365        0x4 C:/ST/STM32CubeIDE_1.15.1/STM32CubeIDE/plugins/com.st.stm32cube.ide.mcu.externaltools.gnu-tools-for-stm32.12.3.rel1.win32_1.0.100.202403111256/tools/bin/../lib/gcc/arm-none-eabi/12.3.1/../../../../arm-none-eabi/lib/thumb/v7e-m+fp/hard\libc_nano.a(libc_a-nano-svfscanf.o)
 .rodata._printf_i.str1.1
                0x08010365       0x22 C:/ST/STM32CubeIDE_1.15.1/STM32CubeIDE/plugins/com.st.stm32cube.ide.mcu.externaltools.gnu-tools-for-stm32.12.3.rel1.win32_1.0.100.202403111256/tools/bin/../lib/gcc/arm-none-eabi/12.3.1/../../../../arm-none-eabi/lib/thumb/v7e-m+fp/hard\libc_nano.a(libc_a-nano-vfprintf_i.o)
 .rodata._scanf_i.str1.1
                0x08010387       0x12 C:/ST/STM32CubeIDE_1.15.1/STM32CubeIDE/plugins/com.st.stm32cube.ide.mcu.externaltools.gnu-tools-for-stm32.12.3.rel1.win32_1.0.100.202403111256/tools/bin/../lib/gcc/arm-none-eabi/12.3.1/../../../../arm-none-eabi/lib/thumb/v7e-m+fp/hard\libc_nano.a(libc_a-nano-vfscanf_i.o)
 .rodata.str1.1
                0x08010399        0x9 C:/ST/STM32CubeIDE_1.15.1/STM32CubeIDE/plugins/com.st.stm32cube.ide.mcu.externaltools.gnu-tools-for-stm32.12.3.rel1.win32_1.0.100.202403111256/tools/bin/../lib/gcc/arm-none-eabi/12.3.1/../../../../arm-none-eabi/lib/thumb/v7e-m+fp/hard\libc_nano.a(libc_a-nano-vfscanf_i.o)
 .rodata._ctype_
                0x080103a2      0x101 C:/ST/STM32CubeIDE_1.15.1/STM32CubeIDE/plugins/com.st.stm32cube.ide.mcu.externaltools.gnu-tools-for-stm32.12.3.rel1.win32_1.0.100.202403111256/tools/bin/../lib/gcc/arm-none-eabi/12.3.1/../../../../arm-none-eabi/lib/thumb/v7e-m+fp/hard\libc_nano.a(libc_a-ctype_.o)
                0x080103a2                _ctype_
                0x080104a4                        . = ALIGN (0x4)
 *fill*         0x080104a3        0x1 

.ARM.extab      0x080104a4        0x0
                0x080104a4                        . = ALIGN (0x4)
 *(.ARM.extab* .gnu.linkonce.armextab.*)
                0x080104a4                        . = ALIGN (0x4)

.ARM            0x080104a4        0x8
                0x080104a4                        . = ALIGN (0x4)
                0x080104a4                        __exidx_start = .
 *(.ARM.exidx*)
 .ARM.exidx     0x080104a4        0x8 C:/ST/STM32CubeIDE_1.15.1/STM32CubeIDE/plugins/com.st.stm32cube.ide.mcu.externaltools.gnu-tools-for-stm32.12.3.rel1.win32_1.0.100.202403111256/tools/bin/../lib/gcc/arm-none-eabi/12.3.1/../../../../arm-none-eabi/lib/thumb/v7e-m+fp/hard\libc_nano.a(libc_a-strcmp.o)
 .ARM.exidx     0x080104ac        0x0 C:/ST/STM32CubeIDE_1.15.1/STM32CubeIDE/plugins/com.st.stm32cube.ide.mcu.externaltools.gnu-tools-for-stm32.12.3.rel1.win32_1.0.100.202403111256/tools/bin/../lib/gcc/arm-none-eabi/12.3.1/../../../../arm-none-eabi/lib/thumb/v7e-m+fp/hard\libc_nano.a(libc_a-strlen.o)
                                  0x8 (size before relaxing)
 .ARM.exidx     0x080104ac        0x0 C:/ST/STM32CubeIDE_1.15.1/STM32CubeIDE/plugins/com.st.stm32cube.ide.mcu.externaltools.gnu-tools-for-stm32.12.3.rel1.win32_1.0.100.202403111256/tools/bin/../lib/gcc/arm-none-eabi/12.3.1/../../../../arm-none-eabi/lib/thumb/v7e-m+fp/hard\libc_nano.a(libc_a-memchr.o)
                                  0x8 (size before relaxing)
 .ARM.exidx     0x080104ac        0x0 C:/ST/STM32CubeIDE_1.15.1/STM32CubeIDE/plugins/com.st.stm32cube.ide.mcu.externaltools.gnu-tools-for-stm32.12.3.rel1.win32_1.0.100.202403111256/tools/bin/../lib/gcc/arm-none-eabi/12.3.1/thumb/v7e-m+fp/hard\libgcc.a(_udivmoddi4.o)
                                  0x8 (size before relaxing)
                0x080104ac                        __exidx_end = .
                0x080104ac                        . = ALIGN (0x4)

.preinit_array  0x080104ac        0x0
                0x080104ac                        . = ALIGN (0x4)
                0x080104ac                        PROVIDE (__preinit_array_start = .)
 *(.preinit_array*)
                0x080104ac                        PROVIDE (__preinit_array_end = .)
                0x080104ac                        . = ALIGN (0x4)

.init_array     0x080104ac        0x4
                0x080104ac                        . = ALIGN (0x4)
                0x080104ac                        PROVIDE (__init_array_start = .)
 *(SORT_BY_NAME(.init_array.*))
 *(.init_array*)
 .init_array    0x080104ac        0x4 C:/ST/STM32CubeIDE_1.15.1/STM32CubeIDE/plugins/com.st.stm32cube.ide.mcu.externaltools.gnu-tools-for-stm32.12.3.rel1.win32_1.0.100.202403111256/tools/bin/../lib/gcc/arm-none-eabi/12.3.1/thumb/v7e-m+fp/hard/crtbegin.o
                0x080104b0                        PROVIDE (__init_array_end = .)
                0x080104b0                        . = ALIGN (0x4)

.fini_array     0x080104b0        0x4
                0x080104b0                        . = ALIGN (0x4)
                [!provide]                        PROVIDE (__fini_array_start = .)
 *(SORT_BY_NAME(.fini_array.*))
 *(.fini_array*)
 .fini_array    0x080104b0        0x4 C:/ST/STM32CubeIDE_1.15.1/STM32CubeIDE/plugins/com.st.stm32cube.ide.mcu.externaltools.gnu-tools-for-stm32.12.3.rel1.win32_1.0.100.202403111256/tools/bin/../lib/gcc/arm-none-eabi/12.3.1/thumb/v7e-m+fp/hard/crtbegin.o
                [!provide]                        PROVIDE (__fini_array_end = .)
                0x080104b4                        . = ALIGN (0x4)
                0x080104b4                        _sidata = LOADADDR (.data)

.rel.dyn        0x080104b4        0x0
 .rel.iplt      0x080104b4        0x0 C:/ST/STM32CubeIDE_1.15.1/STM32CubeIDE/plugins/com.st.stm32cube.ide.mcu.externaltools.gnu-tools-for-stm32.12.3.rel1.win32_1.0.100.202403111256/tools/bin/../lib/gcc/arm-none-eabi/12.3.1/thumb/v7e-m+fp/hard/crtbegin.o

.data           0x20000000       0x68 load address 0x080104b4
                0x20000000                        . = ALIGN (0x4)
                0x20000000                        _sdata = .
 *(.data)
 *(.data*)
 .data.SystemCoreClock
                0x20000000        0x4 ./Core/Src/system_stm32f4xx.o
                0x20000000                SystemCoreClock
 .data.msg_err  0x20000004        0x4 ./Core/Src/task_handler.o
                0x20000004                msg_err
 .data.uwTickPrio
                0x20000008        0x4 ./Drivers/STM32F4xx_HAL_Driver/Src/stm32f4xx_hal.o
                0x20000008                uwTickPrio
 .data.uwTickFreq
                0x2000000c        0x1 ./Drivers/STM32F4xx_HAL_Driver/Src/stm32f4xx_hal.o
                0x2000000c                uwTickFreq
 .data.Stat     0x2000000d        0x1 ./FATFS/Target/sd_diskio.o
 *fill*         0x2000000e        0x2 
 .data.uxTopUsedPriority
                0x20000010        0x4 ./ThirdParty/FreeRTOS/tasks.o
                0x20000010                uxTopUsedPriority
 .data.uxCriticalNesting
                0x20000014        0x4 ./ThirdParty/FreeRTOS/portable/GCC/ARM_CM4F/port.o
 .data._impure_ptr
                0x20000018        0x4 C:/ST/STM32CubeIDE_1.15.1/STM32CubeIDE/plugins/com.st.stm32cube.ide.mcu.externaltools.gnu-tools-for-stm32.12.3.rel1.win32_1.0.100.202403111256/tools/bin/../lib/gcc/arm-none-eabi/12.3.1/../../../../arm-none-eabi/lib/thumb/v7e-m+fp/hard\libc_nano.a(libc_a-impure.o)
                0x20000018                _impure_ptr
 .data._impure_data
                0x2000001c       0x4c C:/ST/STM32CubeIDE_1.15.1/STM32CubeIDE/plugins/com.st.stm32cube.ide.mcu.externaltools.gnu-tools-for-stm32.12.3.rel1.win32_1.0.100.202403111256/tools/bin/../lib/gcc/arm-none-eabi/12.3.1/../../../../arm-none-eabi/lib/thumb/v7e-m+fp/hard\libc_nano.a(libc_a-impure.o)
                0x2000001c                _impure_data
 *(.RamFunc)
 *(.RamFunc*)
                0x20000068                        . = ALIGN (0x4)
                0x20000068                        _edata = .
                0x0801051c                        _siccmram = LOADADDR (.ccmram)

.igot.plt       0x20000068        0x0 load address 0x0801051c
 .igot.plt      0x20000068        0x0 C:/ST/STM32CubeIDE_1.15.1/STM32CubeIDE/plugins/com.st.stm32cube.ide.mcu.externaltools.gnu-tools-for-stm32.12.3.rel1.win32_1.0.100.202403111256/tools/bin/../lib/gcc/arm-none-eabi/12.3.1/thumb/v7e-m+fp/hard/crtbegin.o

.ccmram         0x10000000        0x0 load address 0x0801051c
                0x10000000                        . = ALIGN (0x4)
                0x10000000                        _sccmram = .
 *(.ccmram)
 *(.ccmram*)
                0x10000000                        . = ALIGN (0x4)
                0x10000000                        _eccmram = .
                0x10000000                        . = ALIGN (0x4)

.bss            0x20000068    0x153e8
                0x20000068                        _sbss = .
                0x20000068                        __bss_start__ = _sbss
 *(.bss)
 .bss           0x20000068       0x1c C:/ST/STM32CubeIDE_1.15.1/STM32CubeIDE/plugins/com.st.stm32cube.ide.mcu.externaltools.gnu-tools-for-stm32.12.3.rel1.win32_1.0.100.202403111256/tools/bin/../lib/gcc/arm-none-eabi/12.3.1/thumb/v7e-m+fp/hard/crtbegin.o
 *(.bss*)
 .bss.hadc1     0x20000084       0x48 ./Core/Src/main.o
                0x20000084                hadc1
 .bss.hcrc      0x200000cc        0x8 ./Core/Src/main.o
                0x200000cc                hcrc
 .bss.hi2c1     0x200000d4       0x54 ./Core/Src/main.o
                0x200000d4                hi2c1
 .bss.hsd       0x20000128       0x84 ./Core/Src/main.o
                0x20000128                hsd
 .bss.htim1     0x200001ac       0x48 ./Core/Src/main.o
                0x200001ac                htim1
 .bss.huart2    0x200001f4       0x48 ./Core/Src/main.o
                0x200001f4                huart2
 .bss.DHT11_Data
                0x2000023c        0x8 ./Core/Src/main.o
                0x2000023c                DHT11_Data
 .bss.Temperature
                0x20000244        0x4 ./Core/Src/main.o
                0x20000244                Temperature
 .bss.Humidity  0x20000248        0x4 ./Core/Src/main.o
                0x20000248                Humidity
 .bss.Rh_byte1  0x2000024c        0x1 ./Core/Src/main.o
                0x2000024c                Rh_byte1
 .bss.Rh_byte2  0x2000024d        0x1 ./Core/Src/main.o
                0x2000024d                Rh_byte2
 .bss.Temp_byte1
                0x2000024e        0x1 ./Core/Src/main.o
                0x2000024e                Temp_byte1
 .bss.Temp_byte2
                0x2000024f        0x1 ./Core/Src/main.o
                0x2000024f                Temp_byte2
 .bss.SUM       0x20000250        0x2 ./Core/Src/main.o
                0x20000250                SUM
 .bss.Presence  0x20000252        0x1 ./Core/Src/main.o
                0x20000252                Presence
 .bss.data      0x20000253        0x1 ./Core/Src/main.o
                0x20000253                data
 .bss.bl_rx_buffer
                0x20000254       0xff ./Core/Src/main.o
                0x20000254                bl_rx_buffer
 *fill*         0x20000353        0x1 